

Info: Logic utilisation before packing:
Info:     Total LUT4s:        39/43848     0%
Info:         logic LUTs:     39/43848     0%
Info:         carry LUTs:      0/43848     0%
Info:           RAM LUTs:      0/ 5481     0%
Info:          RAMW LUTs:      0/10962     0%

Info:      Total DFFs:        56/43848     0%

Info: Packing IOs..
Info: Packing constants..
Info: Packing carries...
Info: Packing LUTs...
Info: Packing LUT5-7s...
Info: Packing FFs...
Info:     10 FFs paired with LUTs.
Info: Generating derived timing constraints...
Info: Promoting globals...
Info:     promoting clock net clk$TRELLIS_IO_IN to global network
Info: Checksum: 0xeb969a4d

Info: Device utilisation:
Info: 	          TRELLIS_IO:      18/    245     7%
Info: 	                DCCA:       1/     56     1%
Info: 	              DP16KD:       2/    108     1%
Info: 	          MULT18X18D:       0/     72     0%
Info: 	              ALU54B:       0/     36     0%
Info: 	             EHXPLLL:       0/      4     0%
Info: 	             EXTREFB:       0/      2     0%
Info: 	                DCUA:       0/      2     0%
Info: 	           PCSCLKDIV:       0/      2     0%
Info: 	             IOLOGIC:       0/    160     0%
Info: 	            SIOLOGIC:       0/     85     0%
Info: 	                 GSR:       0/      1     0%
Info: 	               JTAGG:       0/      1     0%
Info: 	                OSCG:       0/      1     0%
Info: 	               SEDGA:       0/      1     0%
Info: 	                 DTR:       0/      1     0%
Info: 	             USRMCLK:       0/      1     0%
Info: 	             CLKDIVF:       0/      4     0%
Info: 	           ECLKSYNCB:       0/     10     0%
Info: 	             DLLDELD:       0/      8     0%
Info: 	              DDRDLL:       0/      4     0%
Info: 	             DQSBUFM:       0/     10     0%
Info: 	     TRELLIS_ECLKBUF:       0/      8     0%
Info: 	        ECLKBRIDGECS:       0/      2     0%
Info: 	                DCSC:       0/      2     0%
Info: 	          TRELLIS_FF:      56/  43848     0%
Info: 	        TRELLIS_COMB:      41/  43848     0%
Info: 	        TRELLIS_RAMW:       0/   5481     0%

Info: Placed 0 cells based on constraints.
Info: Creating initial analytic placement for 70 cells, random placement wirelen = 6062.
Info:     at initial placer iter 0, wirelen = 1086
Info:     at initial placer iter 1, wirelen = 997
Info:     at initial placer iter 2, wirelen = 981
Info:     at initial placer iter 3, wirelen = 973
Info: Running main analytical placer, max placement attempts per cell = 10000.
Info:     at iteration #1, type ALL: wirelen solved = 971, spread = 1237, legal = 1557; time = 0.00s
Info:     at iteration #2, type ALL: wirelen solved = 960, spread = 1285, legal = 1710; time = 0.00s
Info:     at iteration #3, type ALL: wirelen solved = 971, spread = 1270, legal = 1845; time = 0.00s
Info:     at iteration #4, type ALL: wirelen solved = 968, spread = 1264, legal = 1744; time = 0.00s
Info:     at iteration #5, type ALL: wirelen solved = 969, spread = 1317, legal = 1636; time = 0.00s
Info:     at iteration #6, type ALL: wirelen solved = 970, spread = 1246, legal = 1595; time = 0.00s
Info: HeAP Placer Time: 0.03s
Info:   of which solving equations: 0.00s
Info:   of which spreading cells: 0.00s
Info:   of which strict legalisation: 0.00s

Info: Running simulated annealing placer for refinement.
Info:   at iteration #1: temp = 0.000000, timing cost = 34, wirelen = 1557
Info:   at iteration #5: temp = 0.000000, timing cost = 14, wirelen = 947
Info:   at iteration #10: temp = 0.000000, timing cost = 11, wirelen = 880
Info:   at iteration #15: temp = 0.000000, timing cost = 13, wirelen = 842
Info:   at iteration #19: temp = 0.000000, timing cost = 12, wirelen = 831 
Info: SA placement time 0.02s

Info: Max frequency for clock '$glbnet$clk$TRELLIS_IO_IN': 169.69 MHz (PASS at 80.00 MHz)

Info: Max delay <async>                           -> posedge $glbnet$clk$TRELLIS_IO_IN: 5.95 ns
Info: Max delay posedge $glbnet$clk$TRELLIS_IO_IN -> <async>                          : 6.35 ns

Info: Slack histogram:
Info:  legend: * represents 1 endpoint(s)
Info:          + represents [1,1) endpoint(s)
Info: [  6607,   6864) |******* 
Info: [  6864,   7121) | 
Info: [  7121,   7378) | 
Info: [  7378,   7635) |* 
Info: [  7635,   7892) | 
Info: [  7892,   8149) | 
Info: [  8149,   8406) | 
Info: [  8406,   8663) | 
Info: [  8663,   8920) | 
Info: [  8920,   9177) |* 
Info: [  9177,   9434) | 
Info: [  9434,   9691) | 
Info: [  9691,   9948) | 
Info: [  9948,  10205) | 
Info: [ 10205,  10462) |** 
Info: [ 10462,  10719) |******** 
Info: [ 10719,  10976) |********************** 
Info: [ 10976,  11233) |****************** 
Info: [ 11233,  11490) |************************** 
Info: [ 11490,  11747) |******************** 
Info: Checksum: 0xda48d919
Info: Routing globals...
Info:     routing clock net $glbnet$clk$TRELLIS_IO_IN using global 0

Info: Routing..
Info: Setting up routing queue.
Info: Routing 278 arcs.
Info:            |   (re-)routed arcs  |   delta    | remaining|       time spent     |
Info:    IterCnt |  w/ripup   wo/ripup |  w/r  wo/r |      arcs| batch(sec) total(sec)|
Info:        321 |       40        268 |   40   268 |         0|       0.05       0.05|
Info: Routing complete.
Info: Router1 time 0.05s
Info: Checksum: 0x69cb9087

Info: Critical path report for clock '$glbnet$clk$TRELLIS_IO_IN' (posedge -> posedge):
Info:       type curr  total name
Info:   clk-to-q  4.26  4.26 Source dut.GEN_SLOT[0].GEN_LANE[0].mem.0.0.DOB1
Info:    routing  0.62  4.88 Net dut.GEN_SLOT[0].GEN_LANE[0].mem.0.0_DOB1[2] (8,34) -> (6,33)
Info:                          Sink dut.GEN_SLOT[0].GEN_LANE[0].mem.0.0_DOB0_LUT4_D_Z_PFUMX_Z_2_BLUT_LUT4_Z.D
Info:                          Defined in:
Info:                               /opt/homebrew/bin/../share/yosys/lattice/brams_map_16kd.v:46.13-46.16
Info:      logic  0.31  5.19 Source dut.GEN_SLOT[0].GEN_LANE[0].mem.0.0_DOB0_LUT4_D_Z_PFUMX_Z_2_BLUT_LUT4_Z.OFX
Info:    routing  0.47  5.66 Net dut.GEN_SLOT[0].GEN_LANE[0].mem.0.0_DOB0_LUT4_D_Z[1] (6,33) -> (7,33)
Info:                          Sink chk_TRELLIS_FF_Q_1.M
Info:      setup  0.00  5.66 Source chk_TRELLIS_FF_Q_1.M
Info: 4.57 ns logic, 1.09 ns routing

Info: Critical path report for cross-domain path '<async>' -> 'posedge $glbnet$clk$TRELLIS_IO_IN':
Info:       type curr  total name
Info:     source  0.00  0.00 Source seed[7]$tr_io.O
Info:    routing  3.69  3.69 Net seed[7]$TRELLIS_IO_IN (90,29) -> (8,29)
Info:                          Sink seed_LUT4_B_Z_LUT4_Z_5.B
Info:                          Defined in:
Info:                               hardware/v2/nms/synthesis/harness_nms_weight_packed.v:14.23-14.27
Info:      logic  0.18  3.87 Source seed_LUT4_B_Z_LUT4_Z_5.F
Info:    routing  0.12  3.98 Net seed_LUT4_B_Z[7] (8,29) -> (8,29)
Info:                          Sink lfsr_TRELLIS_FF_Q_9.DI
Info:      setup  0.00  3.98 Source lfsr_TRELLIS_FF_Q_9.DI
Info: 0.18 ns logic, 3.81 ns routing

Info: Critical path report for cross-domain path 'posedge $glbnet$clk$TRELLIS_IO_IN' -> '<async>':
Info:       type curr  total name
Info:   clk-to-q  0.40  0.40 Source chk_TRELLIS_FF_Q_1.Q
Info:    routing  3.80  4.19 Net checksum[1]$TRELLIS_IO_OUT (7,33) -> (90,32)
Info:                          Sink checksum[1]$tr_io.I
Info:                          Defined in:
Info:                               /opt/homebrew/bin/../share/yosys/lattice/cells_map_trellis.v:108.23-108.24
Info: 0.40 ns logic, 3.80 ns routing

Info: Max frequency for clock '$glbnet$clk$TRELLIS_IO_IN': 176.77 MHz (PASS at 80.00 MHz)

Info: Max delay <async>                           -> posedge $glbnet$clk$TRELLIS_IO_IN: 3.98 ns
Info: Max delay posedge $glbnet$clk$TRELLIS_IO_IN -> <async>                          : 4.19 ns

Info: Slack histogram:
Info:  legend: * represents 1 endpoint(s)
Info:          + represents [1,1) endpoint(s)
Info: [  6843,   7091) |****** 
Info: [  7091,   7339) |* 
Info: [  7339,   7587) |* 
Info: [  7587,   7835) | 
Info: [  7835,   8083) | 
Info: [  8083,   8331) | 
Info: [  8331,   8579) | 
Info: [  8579,   8827) | 
Info: [  8827,   9075) | 
Info: [  9075,   9323) | 
Info: [  9323,   9571) |* 
Info: [  9571,   9819) | 
Info: [  9819,  10067) | 
Info: [ 10067,  10315) | 
Info: [ 10315,  10563) |* 
Info: [ 10563,  10811) |*********** 
Info: [ 10811,  11059) |********************** 
Info: [ 11059,  11307) |***************************** 
Info: [ 11307,  11555) |************* 
Info: [ 11555,  11803) |******************** 

Info: Program finished normally.
