\BOOKMARK [0][-]{chapter.1}{\376\377\000S\000y\000s\000t\000e\000m\000\040\000o\000v\000e\000r\000v\000i\000e\000w}{}% 1
\BOOKMARK [1][-]{section.1.1}{\376\377\000P\000r\000o\000j\000e\000c\000t\000\040\000g\000o\000a\000l}{chapter.1}% 2
\BOOKMARK [1][-]{section.1.2}{\376\377\000H\000a\000r\000d\000w\000a\000r\000e\000\040\000c\000o\000n\000f\000i\000g\000u\000r\000a\000t\000i\000o\000n\000\040\000v\000e\000r\000s\000u\000s\000\040\000n\000e\000t\000w\000o\000r\000k\000\040\000c\000o\000n\000f\000i\000g\000u\000r\000a\000t\000i\000o\000n}{chapter.1}% 3
\BOOKMARK [1][-]{section.1.3}{\376\377\000B\000o\000o\000t\000\040\000a\000n\000d\000\040\000i\000n\000i\000t\000i\000a\000l\000i\000z\000a\000t\000i\000o\000n}{chapter.1}% 4
\BOOKMARK [1][-]{section.1.4}{\376\377\000T\000r\000a\000i\000n\000i\000n\000g\000\040\000a\000n\000d\000\040\000i\000n\000f\000e\000r\000e\000n\000c\000e}{chapter.1}% 5
\BOOKMARK [1][-]{section.1.5}{\376\377\000D\000e\000s\000i\000g\000n\000\040\000p\000h\000i\000l\000o\000s\000o\000p\000h\000y\000\040\000a\000n\000d\000\040\000r\000e\000u\000s\000e}{chapter.1}% 6
\BOOKMARK [0][-]{chapter.2}{\376\377\000R\000T\000L\000\040\000a\000r\000c\000h\000i\000t\000e\000c\000t\000u\000r\000e}{}% 7
\BOOKMARK [1][-]{section.2.1}{\376\377\000H\000i\000e\000r\000a\000r\000c\000h\000i\000c\000a\000l\000\040\000o\000r\000g\000a\000n\000i\000z\000a\000t\000i\000o\000n}{chapter.2}% 8
\BOOKMARK [1][-]{section.2.2}{\376\377\000R\000o\000l\000e\000\040\000o\000f\000\040\000e\000a\000c\000h\000\040\000m\000o\000d\000u\000l\000e}{chapter.2}% 9
\BOOKMARK [1][-]{section.2.3}{\376\377\000T\000w\000o\000\040\000e\000x\000e\000c\000u\000t\000i\000o\000n\000\040\000p\000a\000t\000h\000s}{chapter.2}% 10
\BOOKMARK [0][-]{chapter.3}{\376\377\000C\000o\000m\000p\000u\000t\000e\000\040\000d\000a\000t\000a\000p\000a\000t\000h}{}% 11
\BOOKMARK [1][-]{section.3.1}{\376\377\000I\000N\000T\0008\000/\000I\000N\000T\0003\0002\000\040\000a\000r\000i\000t\000h\000m\000e\000t\000i\000c\000\040\000c\000h\000a\000i\000n}{chapter.3}% 12
\BOOKMARK [1][-]{section.3.2}{\376\377\000m\000a\000c\000\137\000u\000n\000i\000t\000\040\040\024\000\040\000m\000u\000l\000t\000i\000p\000l\000y\000-\000a\000c\000c\000u\000m\000u\000l\000a\000t\000o\000r}{chapter.3}% 13
\BOOKMARK [1][-]{section.3.3}{\376\377\000m\000a\000c\0008\000\040\040\024\000\040\000p\000a\000r\000a\000l\000l\000e\000l\000\040\000M\000A\000C\000\040\000a\000n\000d\000\040\000b\000a\000l\000a\000n\000c\000e\000d\000\040\000a\000d\000d\000e\000r\000\040\000t\000r\000e\000e}{chapter.3}% 14
\BOOKMARK [1][-]{section.3.4}{\376\377\000n\000e\000u\000r\000o\000n\000\137\000p\000a\000r\000a\000l\000l\000e\000l\000\040\040\024\000\040\000n\000e\000u\000r\000o\000n\000\040\000F\000S\000M}{chapter.3}% 15
\BOOKMARK [2][-]{subsection.3.4.1}{\376\377\000P\000a\000r\000a\000m\000e\000t\000e\000r\000\040\000g\000u\000a\000r\000d\000\040\000\050\000e\000l\000a\000b\000o\000r\000a\000t\000i\000o\000n\000-\000t\000i\000m\000e\000\051}{section.3.4}% 16
\BOOKMARK [1][-]{section.3.5}{\376\377\000A\000c\000t\000i\000v\000a\000t\000i\000o\000n\000\040\000f\000u\000n\000c\000t\000i\000o\000n\000s}{chapter.3}% 17
\BOOKMARK [1][-]{section.3.6}{\376\377\000I\000N\000T\0008\000\040\000s\000a\000t\000u\000r\000a\000t\000i\000o\000n}{chapter.3}% 18
\BOOKMARK [1][-]{section.3.7}{\376\377\000l\000a\000y\000e\000r\000\040\040\024\000\040\000n\000e\000u\000r\000o\000n\000s\000\040\000i\000n\000\040\000p\000a\000r\000a\000l\000l\000e\000l}{chapter.3}% 19
\BOOKMARK [0][-]{chapter.4}{\376\377\000P\000a\000r\000a\000m\000e\000t\000e\000r\000s\000\040\000a\000n\000d\000\040\000c\000o\000n\000f\000i\000g\000u\000r\000a\000b\000i\000l\000i\000t\000y}{}% 20
\BOOKMARK [1][-]{section.4.1}{\376\377\000B\000u\000i\000l\000d\000\040\000p\000a\000r\000a\000m\000e\000t\000e\000r\000s\000\040\000\050\000s\000y\000n\000t\000h\000e\000s\000i\000s\000-\000t\000i\000m\000e\000\051}{chapter.4}% 21
\BOOKMARK [1][-]{section.4.2}{\376\377\000R\000u\000n\000t\000i\000m\000e\000\040\000n\000e\000t\000w\000o\000r\000k\000\040\000w\000i\000d\000t\000h}{chapter.4}% 22
\BOOKMARK [2][-]{subsection.4.2.1}{\376\377\000M\000e\000a\000s\000u\000r\000e\000d\000\040\000s\000a\000v\000i\000n\000g\000s}{section.4.2}% 23
\BOOKMARK [1][-]{section.4.3}{\376\377\000C\000h\000a\000r\000a\000c\000t\000e\000r\000i\000z\000e\000d\000\040\000c\000o\000n\000f\000i\000g\000u\000r\000a\000t\000i\000o\000n\000s}{chapter.4}% 24
\BOOKMARK [1][-]{section.4.4}{\376\377\000B\000u\000i\000l\000d\000\040\000v\000e\000r\000s\000u\000s\000\040\000r\000u\000n\000t\000i\000m\000e\000\040\000s\000u\000m\000m\000a\000r\000y}{chapter.4}% 25
\BOOKMARK [0][-]{chapter.5}{\376\377\000M\000e\000m\000o\000r\000y\000\040\000s\000u\000b\000s\000y\000s\000t\000e\000m}{}% 26
\BOOKMARK [1][-]{section.5.1}{\376\377\000M\000e\000m\000o\000r\000y\000\040\000c\000h\000a\000i\000n}{chapter.5}% 27
\BOOKMARK [1][-]{section.5.2}{\376\377\000i\000n\000t\0008\000\137\000m\000e\000m\000o\000r\000y\000\137\000a\000c\000c\000e\000s\000s\000\040\040\024\000\040\000b\000y\000t\000e\000/\000w\000o\000r\000d\000\040\000c\000o\000n\000v\000e\000r\000s\000i\000o\000n}{chapter.5}% 28
\BOOKMARK [1][-]{section.5.3}{\376\377\000m\000e\000m\000o\000r\000y\000\137\000i\000n\000t\000e\000r\000f\000a\000c\000e\000\040\040\024\000\040\000h\000a\000n\000d\000s\000h\000a\000k\000e}{chapter.5}% 29
\BOOKMARK [1][-]{section.5.4}{\376\377\000p\000s\000r\000a\000m\000\137\000c\000o\000n\000t\000r\000o\000l\000l\000e\000r\000\040\040\024\000\040\000p\000h\000y\000s\000i\000c\000a\000l\000\040\000b\000u\000s}{chapter.5}% 30
\BOOKMARK [2][-]{subsection.5.4.1}{\376\377\000T\000i\000m\000i\000n\000g}{section.5.4}% 31
\BOOKMARK [1][-]{section.5.5}{\376\377\000R\000e\000a\000d\000\040\000p\000a\000g\000e\000\040\000m\000o\000d\000e}{chapter.5}% 32
\BOOKMARK [1][-]{section.5.6}{\376\377\000A\000d\000d\000r\000e\000s\000s\000\040\000m\000a\000p\000\040\000a\000n\000d\000\040\000c\000o\000n\000v\000e\000n\000t\000i\000o\000n\000s}{chapter.5}% 33
\BOOKMARK [2][-]{subsection.5.6.1}{\376\377\000P\000S\000R\000A\000M\000\040\000p\000h\000y\000s\000i\000c\000a\000l\000\040\000a\000d\000d\000r\000e\000s\000s\000i\000n\000g}{section.5.6}% 34
\BOOKMARK [1][-]{section.5.7}{\376\377\000B\000a\000n\000d\000w\000i\000d\000t\000h}{chapter.5}% 35
\BOOKMARK [0][-]{chapter.6}{\376\377\000M\000e\000m\000o\000r\000y\000,\000\040\000m\000u\000l\000t\000i\000-\000n\000e\000u\000r\000o\000n\000\040\000a\000n\000d\000\040\000m\000u\000l\000t\000i\000-\000l\000a\000y\000e\000r}{}% 36
\BOOKMARK [1][-]{section.6.1}{\376\377\000n\000e\000u\000r\000o\000n\000\137\000m\000e\000m\000o\000r\000y\000\040\040\024\000\040\000m\000e\000m\000o\000r\000y\000/\000n\000e\000u\000r\000o\000n\000\040\000b\000r\000i\000d\000g\000e}{chapter.6}% 37
\BOOKMARK [1][-]{section.6.2}{\376\377\000l\000a\000y\000e\000r\000\137\000s\000e\000q\000u\000e\000n\000c\000e\000r\000\040\040\024\000\040\000m\000u\000l\000t\000i\000-\000l\000a\000y\000e\000r\000\040\000n\000e\000t\000w\000o\000r\000k}{chapter.6}% 38
\BOOKMARK [2][-]{subsection.6.2.1}{\376\377\000P\000i\000n\000g\000-\000p\000o\000n\000g\000\040\000b\000u\000f\000f\000e\000r\000s}{section.6.2}% 39
\BOOKMARK [2][-]{subsection.6.2.2}{\376\377\000D\000e\000s\000c\000r\000i\000p\000t\000o\000r\000\040\000t\000a\000b\000l\000e}{section.6.2}% 40
\BOOKMARK [1][-]{section.6.3}{\376\377\000H\000i\000e\000r\000a\000r\000c\000h\000y\000\040\000o\000f\000\040\000t\000h\000e\000\040\000b\000u\000s\000y\000/\000d\000o\000n\000e\000\040\000s\000i\000g\000n\000a\000l\000s}{chapter.6}% 41
\BOOKMARK [0][-]{chapter.7}{\376\377\000G\000r\000a\000p\000h\000\040\000n\000e\000t\000w\000o\000r\000k\000\040\000\050\000T\000y\000p\000e\000\040\000\043\0002\000\051}{}% 42
\BOOKMARK [1][-]{section.7.1}{\376\377\000T\000w\000o\000\040\000n\000e\000t\000w\000o\000r\000k\000\040\000t\000y\000p\000e\000s}{chapter.7}% 43
\BOOKMARK [1][-]{section.7.2}{\376\377\000G\000l\000o\000b\000a\000l\000\040\000a\000c\000t\000i\000v\000a\000t\000i\000o\000n\000\040\000b\000u\000f\000f\000e\000r}{chapter.7}% 44
\BOOKMARK [1][-]{section.7.3}{\376\377\000F\000e\000e\000d\000-\000f\000o\000r\000w\000a\000r\000d\000\040\000D\000A\000G\000\040\000a\000n\000d\000\040\000t\000h\000e\000\040\000s\000r\000c\000\137\000i\000d\000\040\000<\000\040\000o\000u\000t\000\137\000i\000d\000\040\000r\000u\000l\000e}{chapter.7}% 45
\BOOKMARK [1][-]{section.7.4}{\376\377\000D\000a\000t\000a\000\040\000f\000o\000r\000m\000a\000t\000s}{chapter.7}% 46
\BOOKMARK [2][-]{subsection.7.4.1}{\376\377\000T\000y\000p\000e\000\040\000\043\0002\000\040\000d\000e\000s\000c\000r\000i\000p\000t\000o\000r\000\040\000\050\000g\000r\000a\000p\000h\000\051}{section.7.4}% 47
\BOOKMARK [2][-]{subsection.7.4.2}{\376\377\000G\000r\000a\000p\000h\000\040\000e\000d\000g\000e\000\040\000\050\0004\000\040\000b\000y\000t\000e\000s\000,\000\040\000a\000l\000i\000g\000n\000e\000d\000\051}{section.7.4}% 48
\BOOKMARK [1][-]{section.7.5}{\376\377\000g\000r\000a\000p\000h\000\137\000e\000n\000g\000i\000n\000e\000\040\040\024\000\040\000g\000r\000a\000p\000h\000\040\000e\000n\000g\000i\000n\000e}{chapter.7}% 49
\BOOKMARK [1][-]{section.7.6}{\376\377\000T\000y\000p\000e\000\040\000\043\0002\000\040\000o\000p\000c\000o\000d\000e\000s\000\040\000a\000n\000d\000\040\000r\000e\000g\000i\000s\000t\000e\000r\000s}{chapter.7}% 50
\BOOKMARK [1][-]{section.7.7}{\376\377\000O\000c\000c\000u\000p\000a\000n\000c\000y\000\040\000\050\000T\000y\000p\000e\000\040\000\043\0002\000\040\000e\000n\000a\000b\000l\000e\000d\000\051}{chapter.7}% 51
\BOOKMARK [1][-]{section.7.8}{\376\377\000G\000a\000t\000h\000e\000r\000\040\000b\000a\000n\000d\000w\000i\000d\000t\000h\000\040\000\050\000m\000e\000a\000s\000u\000r\000e\000d\000\051}{chapter.7}% 52
\BOOKMARK [1][-]{section.7.9}{\376\377\000n\000e\000t\000a\000s\000m\000\040\000h\000o\000s\000t\000\040\000a\000s\000s\000e\000m\000b\000l\000e\000r}{chapter.7}% 53
\BOOKMARK [0][-]{chapter.8}{\376\377\000S\000P\000I\000\040\000h\000o\000s\000t\000\040\000i\000n\000t\000e\000r\000f\000a\000c\000e}{}% 54
\BOOKMARK [1][-]{section.8.1}{\376\377\000P\000h\000y\000s\000i\000c\000a\000l\000\040\000l\000a\000y\000e\000r}{chapter.8}% 55
\BOOKMARK [1][-]{section.8.2}{\376\377\000F\000r\000a\000m\000i\000n\000g\000\040\000a\000n\000d\000\040\000e\000x\000p\000l\000i\000c\000i\000t\000\040\000l\000e\000n\000g\000t\000h}{chapter.8}% 56
\BOOKMARK [1][-]{section.8.3}{\376\377\000O\000p\000c\000o\000d\000e\000\040\000t\000a\000b\000l\000e}{chapter.8}% 57
\BOOKMARK [1][-]{section.8.4}{\376\377\000S\000E\000T\000\137\000B\000A\000S\000E\000\040\000s\000e\000l\000e\000c\000t\000o\000r\000s}{chapter.8}% 58
\BOOKMARK [1][-]{section.8.5}{\376\377\000S\000T\000A\000T\000U\000S\000.\000d\000o\000n\000e\000\040\000s\000t\000i\000c\000k\000y\000\040\000/\000\040\000c\000l\000e\000a\000r\000-\000o\000n\000-\000r\000e\000a\000d}{chapter.8}% 59
\BOOKMARK [1][-]{section.8.6}{\376\377\000H\000o\000s\000t\000\040\000a\000t\000t\000e\000n\000t\000i\000o\000n\000\040\000p\000i\000n\000s\000\040\000\050\000d\000a\000t\000a\000\137\000r\000e\000a\000d\000y\000\137\000n\000,\000\040\000i\000r\000q\000\137\000n\000\051}{chapter.8}% 60
\BOOKMARK [1][-]{section.8.7}{\376\377\000R\000E\000A\000D\000\137\000C\000O\000N\000F\000I\000G}{chapter.8}% 61
\BOOKMARK [1][-]{section.8.8}{\376\377\000F\000l\000a\000s\000h\000\040\000s\000u\000b\000s\000y\000s\000t\000e\000m\000\040\000\050\000o\000p\000c\000o\000d\000e\000s\000\040\0000\000x\0004\0000\040\023\0000\000x\0004\0007\000,\000\040\000c\000o\000m\000p\000l\000e\000t\000e\000d\000\040\0002\0000\0002\0006\000-\0000\0009\000-\0000\0004\000\051}{chapter.8}% 62
\BOOKMARK [1][-]{section.8.9}{\376\377\000S\000e\000s\000s\000i\000o\000n\000\040\000s\000e\000q\000u\000e\000n\000c\000e\000s}{chapter.8}% 63
\BOOKMARK [2][-]{subsection.8.9.1}{\376\377\000S\000i\000n\000g\000l\000e\000-\000l\000a\000y\000e\000r\000\040\000p\000a\000t\000h}{section.8.9}% 64
\BOOKMARK [2][-]{subsection.8.9.2}{\376\377\000M\000u\000l\000t\000i\000-\000l\000a\000y\000e\000r\000\040\000p\000a\000t\000h\000\040\000\050\000R\000U\000N\000\137\000N\000E\000T\000W\000O\000R\000K\000\051}{section.8.9}% 65
\BOOKMARK [0][-]{chapter.9}{\376\377\000N\000e\000t\000w\000o\000r\000k\000\040\000p\000r\000o\000g\000r\000a\000m\000m\000i\000n\000g}{}% 66
\BOOKMARK [1][-]{section.9.1}{\376\377\000G\000e\000n\000e\000r\000a\000l\000\040\000f\000l\000o\000w}{chapter.9}% 67
\BOOKMARK [1][-]{section.9.2}{\376\377\000R\000e\000g\000i\000s\000t\000e\000r\000s\000\040\000a\000n\000d\000\040\000o\000p\000c\000o\000d\000e\000s\000\040\000i\000n\000v\000o\000l\000v\000e\000d}{chapter.9}% 68
\BOOKMARK [1][-]{section.9.3}{\376\377\000T\000y\000p\000e\000\040\000\043\0001\000\040\040\024\000\040\000d\000e\000n\000s\000e\000\040\000n\000e\000t\000w\000o\000r\000k}{chapter.9}% 69
\BOOKMARK [2][-]{subsection.9.3.1}{\376\377\000M\000e\000m\000o\000r\000y\000\040\000l\000a\000y\000o\000u\000t}{section.9.3}% 70
\BOOKMARK [2][-]{subsection.9.3.2}{\376\377\000W\000o\000r\000k\000e\000d\000\040\000e\000x\000a\000m\000p\000l\000e\000:\000\040\000a\000\040\0004\0004\0002\000\040\000n\000e\000t\000w\000o\000r\000k}{section.9.3}% 71
\BOOKMARK [2][-]{subsection.9.3.3}{\376\377\000H\000o\000s\000t\000\040\000p\000s\000e\000u\000d\000o\000c\000o\000d\000e\000\040\000\050\000d\000e\000n\000s\000e\000\051}{section.9.3}% 72
\BOOKMARK [1][-]{section.9.4}{\376\377\000T\000y\000p\000e\000\040\000\043\0002\000\040\040\024\000\040\000g\000r\000a\000p\000h\000\040\000n\000e\000t\000w\000o\000r\000k}{chapter.9}% 73
\BOOKMARK [2][-]{subsection.9.4.1}{\376\377\000M\000e\000m\000o\000r\000y\000\040\000l\000a\000y\000o\000u\000t}{section.9.4}% 74
\BOOKMARK [2][-]{subsection.9.4.2}{\376\377\000W\000o\000r\000k\000e\000d\000\040\000e\000x\000a\000m\000p\000l\000e}{section.9.4}% 75
\BOOKMARK [2][-]{subsection.9.4.3}{\376\377\000H\000o\000s\000t\000\040\000p\000s\000e\000u\000d\000o\000c\000o\000d\000e\000\040\000\050\000g\000r\000a\000p\000h\000\051}{section.9.4}% 76
\BOOKMARK [2][-]{subsection.9.4.4}{\376\377\000n\000e\000t\000a\000s\000m\000\040\000p\000s\000e\000u\000d\000o\000-\000a\000s\000s\000e\000m\000b\000l\000y}{section.9.4}% 77
\BOOKMARK [0][-]{chapter.10}{\376\377\000A\000r\000b\000i\000t\000r\000a\000t\000i\000o\000n\000\040\000a\000n\000d\000\040\000t\000o\000p\000-\000l\000e\000v\000e\000l}{}% 78
\BOOKMARK [1][-]{section.10.1}{\376\377\000m\000e\000m\000\137\000a\000r\000b\000i\000t\000e\000r\000\040\040\024\000\040\000t\000h\000r\000e\000e\000-\000p\000o\000r\000t\000\040\000a\000r\000b\000i\000t\000e\000r}{chapter.10}% 79
\BOOKMARK [1][-]{section.10.2}{\376\377\000s\000p\000i\000\137\000n\000e\000u\000r\000o\000n\000\137\000t\000o\000p\000\040\040\024\000\040\000f\000u\000l\000l\000\040\000i\000n\000t\000e\000g\000r\000a\000t\000i\000o\000n}{chapter.10}% 80
\BOOKMARK [0][-]{chapter.11}{\376\377\000E\000C\000P\0005\000\040\000i\000m\000p\000l\000e\000m\000e\000n\000t\000a\000t\000i\000o\000n}{}% 81
\BOOKMARK [1][-]{section.11.1}{\376\377\000F\000l\000o\000w\000\040\000a\000n\000d\000\040\000v\000e\000r\000i\000f\000i\000c\000a\000t\000i\000o\000n}{chapter.11}% 82
\BOOKMARK [1][-]{section.11.2}{\376\377\000D\000a\000t\000a\000p\000a\000t\000h\000\040\000b\000e\000n\000c\000h\000m\000a\000r\000k\000\040\000\050\0002\0005\0006\0004\000\051}{chapter.11}% 83
\BOOKMARK [2][-]{subsection.11.2.1}{\376\377\000F\000m\000a\000x\000\040\000a\000n\000d\000\040\000t\000h\000r\000o\000u\000g\000h\000p\000u\000t\000\040\000v\000e\000r\000s\000u\000s\000\040\000p\000a\000r\000a\000l\000l\000e\000l\000i\000s\000m}{section.11.2}% 84
\BOOKMARK [2][-]{subsection.11.2.2}{\376\377\000I\000n\000t\000e\000r\000p\000r\000e\000t\000a\000t\000i\000o\000n}{section.11.2}% 85
\BOOKMARK [2][-]{subsection.11.2.3}{\376\377\000C\000r\000i\000t\000i\000c\000a\000l\000\040\000p\000a\000t\000h\000\040\000a\000n\000d\000\040\000t\000h\000e\000\040\0001\0000\0000\000\040\000M\000H\000z\000\040\000l\000i\000m\000i\000t}{section.11.2}% 86
\BOOKMARK [1][-]{section.11.3}{\376\377\000F\000u\000l\000l\000\040\000i\000n\000t\000e\000g\000r\000a\000t\000e\000d\000\040\000s\000y\000s\000t\000e\000m}{chapter.11}% 87
\BOOKMARK [2][-]{subsection.11.3.1}{\376\377\000C\000a\000u\000s\000e\000:\000\040\000t\000h\000e\000\040\000s\000a\000t\000u\000r\000a\000t\000i\000o\000n\000/\000R\000e\000L\000U\000\040\000c\000a\000r\000r\000y\000\040\000c\000h\000a\000i\000n}{section.11.3}% 88
\BOOKMARK [2][-]{subsection.11.3.2}{\376\377\000T\000i\000m\000i\000n\000g\000\040\000c\000l\000o\000s\000u\000r\000e\000\040\000\050\0002\0000\0002\0006\000-\0000\0009\000-\0000\0003\000\051}{section.11.3}% 89
\BOOKMARK [0][-]{chapter.12}{\376\377\000H\000a\000r\000d\000w\000a\000r\000e\000\040\000d\000e\000s\000i\000g\000n\000\040\000a\000n\000d\000\040\000p\000i\000n\000o\000u\000t}{}% 90
\BOOKMARK [1][-]{section.12.1}{\376\377\000T\000a\000r\000g\000e\000t\000\040\000d\000e\000v\000i\000c\000e}{chapter.12}% 91
\BOOKMARK [1][-]{section.12.2}{\376\377\000P\000i\000n\000\040\000b\000u\000d\000g\000e\000t}{chapter.12}% 92
\BOOKMARK [1][-]{section.12.3}{\376\377\000S\000i\000g\000n\000a\000l\000\040\000m\000a\000p\000\040\000\050\000t\000o\000p\000-\000l\000e\000v\000e\000l\000\040\000s\000p\000i\000\137\000n\000e\000u\000r\000o\000n\000\137\000t\000o\000p\000\051\000\040\040\024\000\040\000r\000e\000a\000l\000\040\000b\000a\000l\000l\000s}{chapter.12}% 93
\BOOKMARK [1][-]{section.12.4}{\376\377\000P\000e\000r\000-\000b\000a\000n\000k\000\040\000a\000l\000l\000o\000c\000a\000t\000i\000o\000n\000\040\000\050\000r\000e\000a\000l\000\040\000d\000i\000e\000\040\000g\000e\000o\000m\000e\000t\000r\000y\000\051}{chapter.12}% 94
\BOOKMARK [1][-]{section.12.5}{\376\377\000P\000S\000R\000A\000M\000\040\000s\000u\000b\000s\000y\000s\000t\000e\000m}{chapter.12}% 95
\BOOKMARK [2][-]{subsection.12.5.1}{\376\377\000P\000S\000R\000A\000M\000\040\000c\000o\000n\000n\000e\000c\000t\000i\000o\000n\000\040\000\050\000F\000P\000G\000A\000-\000e\000x\000c\000l\000u\000s\000i\000v\000e\000\051}{section.12.5}% 96
\BOOKMARK [1][-]{section.12.6}{\376\377\000C\000l\000o\000c\000k}{chapter.12}% 97
\BOOKMARK [1][-]{section.12.7}{\376\377\000P\000o\000w\000e\000r}{chapter.12}% 98
\BOOKMARK [1][-]{section.12.8}{\376\377\000C\000o\000n\000f\000i\000g\000u\000r\000a\000t\000i\000o\000n\000\040\000a\000n\000d\000\040\000p\000r\000o\000g\000r\000a\000m\000m\000i\000n\000g}{chapter.12}% 99
\BOOKMARK [2][-]{subsection.12.8.1}{\376\377\000J\000T\000A\000G\000\040\000\050\000d\000e\000v\000e\000l\000o\000p\000m\000e\000n\000t\000\040\000/\000\040\000d\000e\000b\000u\000g\000\051}{section.12.8}% 100
\BOOKMARK [2][-]{subsection.12.8.2}{\376\377\000C\000o\000n\000f\000i\000g\000-\000S\000P\000I\000\040\000t\000o\000\040\000b\000o\000o\000t\000\040\000f\000l\000a\000s\000h}{section.12.8}% 101
\BOOKMARK [2][-]{subsection.12.8.3}{\376\377\000C\000o\000n\000f\000i\000g\000u\000r\000a\000t\000i\000o\000n\000\040\000m\000o\000d\000e\000s\000\040\000\050\000C\000F\000G\000M\000D\000N\000\051}{section.12.8}% 102
\BOOKMARK [1][-]{section.12.9}{\376\377\000O\000p\000e\000n\000\040\000t\000a\000s\000k\000s\000\040\000b\000e\000f\000o\000r\000e\000\040\000s\000c\000h\000e\000m\000a\000t\000i\000c\000\040\000c\000a\000p\000t\000u\000r\000e}{chapter.12}% 103
\BOOKMARK [0][-]{chapter.13}{\376\377\000Q\000u\000i\000c\000k\000\040\000r\000e\000f\000e\000r\000e\000n\000c\000e}{}% 104
\BOOKMARK [1][-]{section.13.1}{\376\377\000S\000P\000I\000\040\000o\000p\000c\000o\000d\000e\000s}{chapter.13}% 105
\BOOKMARK [1][-]{section.13.2}{\376\377\000S\000T\000A\000T\000U\000S\000\040\000b\000y\000t\000e}{chapter.13}% 106
\BOOKMARK [1][-]{section.13.3}{\376\377\000S\000E\000T\000\137\000B\000A\000S\000E\000\040\000s\000e\000l\000e\000c\000t\000o\000r\000s}{chapter.13}% 107
\BOOKMARK [1][-]{section.13.4}{\376\377\000D\000e\000s\000c\000r\000i\000p\000t\000o\000r\000\040\000t\000a\000b\000l\000e\000\040\000\050\0001\0001\000\040\000b\000y\000t\000e\000s\000/\000l\000a\000y\000e\000r\000,\000\040\000M\000S\000B\000-\000f\000i\000r\000s\000t\000\051}{chapter.13}% 108
\BOOKMARK [1][-]{section.13.5}{\376\377\000B\000u\000i\000l\000d\000\040\000p\000a\000r\000a\000m\000e\000t\000e\000r\000s}{chapter.13}% 109
\BOOKMARK [0][-]{chapter.14}{\376\377\000R\000o\000a\000d\000m\000a\000p\000\040\000a\000n\000d\000\040\000d\000e\000v\000e\000l\000o\000p\000m\000e\000n\000t\000\040\000s\000t\000a\000t\000u\000s}{}% 110
\BOOKMARK [1][-]{section.14.1}{\376\377\000D\000e\000v\000e\000l\000o\000p\000m\000e\000n\000t\000\040\000p\000h\000a\000s\000e\000s}{chapter.14}% 111
\BOOKMARK [1][-]{section.14.2}{\376\377\000C\000o\000m\000p\000o\000n\000e\000n\000t\000\040\000s\000t\000a\000t\000u\000s}{chapter.14}% 112
\BOOKMARK [1][-]{section.14.3}{\376\377\000A\000r\000c\000h\000i\000t\000e\000c\000t\000u\000r\000a\000l\000\040\000p\000r\000i\000n\000c\000i\000p\000l\000e\000\040\000\050\000s\000u\000m\000m\000a\000r\000y\000\051}{chapter.14}% 113
\BOOKMARK [1][-]{section.14.4}{\376\377\000L\000o\000n\000g\000-\000t\000e\000r\000m\000\040\000v\000i\000s\000i\000o\000n}{chapter.14}% 114
\BOOKMARK [0][-]{appendix.A}{\376\377\000M\000o\000d\000u\000l\000e\000s\000\040\000a\000n\000d\000\040\000t\000o\000o\000l\000c\000h\000a\000i\000n}{}% 115
\BOOKMARK [1][-]{section.A.1}{\376\377\000L\000i\000s\000t\000\040\000o\000f\000\040\000R\000T\000L\000\040\000m\000o\000d\000u\000l\000e\000s}{appendix.A}% 116
\BOOKMARK [1][-]{section.A.2}{\376\377\000P\000o\000r\000t\000s\000\040\000o\000f\000\040\000t\000h\000e\000\040\000t\000o\000p\000-\000l\000e\000v\000e\000l\000\040\000s\000p\000i\000\137\000n\000e\000u\000r\000o\000n\000\137\000t\000o\000p}{appendix.A}% 117
\BOOKMARK [1][-]{section.A.3}{\376\377\000T\000o\000o\000l\000c\000h\000a\000i\000n}{appendix.A}% 118
\BOOKMARK [2][-]{subsection.A.3.1}{\376\377\000M\000a\000i\000n\000\040\000n\000e\000x\000t\000p\000n\000r\000\040\000p\000a\000r\000a\000m\000e\000t\000e\000r\000s}{section.A.3}% 119
\BOOKMARK [2][-]{subsection.A.3.2}{\376\377\000S\000i\000m\000u\000l\000a\000t\000i\000o\000n\000\040\000e\000x\000a\000m\000p\000l\000e}{section.A.3}% 120
\BOOKMARK [1][-]{section.A.4}{\376\377\000M\000a\000i\000n\000\040\000t\000e\000s\000t\000b\000e\000n\000c\000h\000e\000s}{appendix.A}% 121
