# V2 simulation log -- solo append, mai troncato/sovrascritto (vedi README.md)
# Nessuna entry ancora -- popolato incrementalmente man mano che avanza lo sviluppo V2.

[2026-09-05] EXP-0001/EXP-0002 -- hardware/v2/sim/tb_neural_processor.v
test: 7 cases (16/32/8/8/8/8/64-input jobs; ACT_NONE + ACT_RELU;
  extreme INT8 saturation; back-to-back zero-idle-gap tiles)
vectors: regular positive, mixed-sign cancellation, extreme INT8
  (-128,-127,-1,0,1,126,127,127 in one 8-lane tile), back-to-back
  jobs, 8-tile (64-input) job
simulator: Verilator 5.050 (--binary --timing) -- see decisions.log
  DEC-0004 for why Icarus v13.0 is not trusted for this testbench
cycles: not separately profiled at this milestone (throughput/stall
  cycle counting deferred to M9 per §22)
PASS/FAIL: 7/7 PASS (ACC_WIDTH=32); 7/7 PASS (ACC_WIDTH=24, EXP-0002)
bit-exact result: V1.y === V2.result_data for every case, both widths
stall cycles / memory wait / utilization: N/A (no Memory Manager yet,
  M1 operands fed directly by testbench per the roadmap)

[2026-09-05] EXP-0003 -- hardware/v2/sim/tb_neural_processor_array.v
(N_PROCESSORS=4)
test: 7 cases (single-processor sanity; 4-way same-cycle concurrent
  launch with different tile counts; staggered-start 2-processor test)
simulator: Verilator 5.050 (--binary --timing)
PASS/FAIL: 7/7 PASS
bit-exact result: N/A at this milestone (hand-computed expected
  values, arithmetic itself already bit-exact-certified vs V1 at M1)
concurrency: confirmed genuine -- in the staggered test, the
  later-launched, shorter job (processor 1) completes BEFORE the
  earlier-launched, longer job (processor 0), proving independent
  progress rather than serialization.

[2026-09-05] EXP-0004 -- hardware/v2/sim/tb_buffers.v
test: 10 cases across activation_buffer/weight_buffer/result_buffer
vectors: extreme INT8 (-128, 127, -100, 100), regular values, full
  64-bit tile round-trip (weight_buffer), re-reads confirming earlier
  writes undisturbed
simulator: Verilator 5.050 (--binary --timing)
PASS/FAIL: 10/10 PASS

[2026-09-05] EXP-0005 -- hardware/v2/sim/tb_memory_manager.v
test: 3 end-to-end jobs (3-tile/saturating, 1-tile/non-saturating,
  5-tile/steady-state-swap), real V1 PSRAM backend chain (unmodified),
  real M1 neural_processor
simulator: Verilator 5.050 (--binary --timing)
PASS/FAIL: 3/3 PASS
bit-exact result: PSRAM-read-back result byte matches hand-computed
  expectation in every case (independent oracle, not derived from the
  RTL under test)
cycles: 446 (3 tiles), 166 (1 tile), 728 (5 tiles) -- real PSRAM
  latency dominates, not memory_manager's own control overhead

[2026-09-05] EXP-0006 -- hardware/v2/sim/tb_neural_director.v
test: 4 cases (3-jobs-2-slots first-free dispatch + queueing,
  backpressure fill/recover)
simulator: Verilator 5.050 (--binary --timing)
PASS/FAIL: 4/4 PASS

[2026-09-05] EXP-0007 -- hardware/v2/sim/tb_dependency_manager.v
test: 4 cases on a 4-node DAG (2 independent + 1 dual-dependency +
  1 single-dependency-shared-producer)
simulator: Verilator 5.050 (--binary --timing)
PASS/FAIL: 4/4 PASS

[2026-09-05] EXP-0008 -- hardware/v2/sim/tb_dataflow_core.v
test: full end-to-end M1-M6 integration through dataflow_core.v (M7),
  a 3-node DAG (node0/node1 independent, node2 depends on BOTH) run
  through the REAL dependency_manager -> neural_director -> N_SLOTS x
  (memory_manager + neural_processor) chain for the first time, each
  slot backed by its own independent behavioral byte memory
simulator: Verilator 5.050 (--binary --timing)
PASS/FAIL: 4/4 PASS -- node0=48, node1=8 (both real neural_processor
  computations via the full stack), node2=40 dispatched only after
  BOTH node0 and node1 genuinely completed (continuously polled every
  cycle up to completion, not just checked at the end) -- the
  dependency-manager-to-director wake-up loop closes correctly
  end-to-end with real hardware in between, not just in isolation
  (M6's own testbench already proved the wake-up logic alone)

[2026-09-05] EXP-0009 -- hardware/v2/sim/tb_neural_multiprocessor.v
test: same 3-node DAG as EXP-0008 (node0/node1 independent, node2
  depends on both), routed through neural_multiprocessor.v (M8): the
  REAL, UNMODIFIED V1 PSRAM backend chain (int8_memory_access ->
  memory_interface -> psram_controller -> psram_model) shared across
  N_SLOTS=2 genuinely concurrent memory_manager instances via the new
  slot_mem_arbiter.v -- node0 and node1 are registered back-to-back
  with no dependencies, so both dispatch to their slots essentially
  simultaneously and genuinely contend for the one real PSRAM port.
simulator: Verilator 5.050 (--binary --timing)
PASS/FAIL: 4/4 PASS after fixing a real dropped-request bug in the
  first arbiter draft (errors.log ERR-0008) -- node0=48, node1=8
  (concurrent, real PSRAM, real arbitration), node2=40 dispatched only
  after both genuinely completed. 444 cycles end-to-end (vs 20000-cycle
  watchdog timeout with the buggy first draft, where node1's request
  was silently dropped and its slot hung forever).
regression: hardware/v2/sim/tb_memory_manager.v (M4) re-run unchanged
  (no M4 file touched) -- still 3/3 PASS, identical cycle counts
  (446/166/728), confirming slot_mem_arbiter.v is purely additive.
