Info: constraining clock net 'osc_clk' to 16.00 MHz

Info: Logic utilisation before packing:
Info:     Total LUT4s:      7262/43848    16%
Info:         logic LUTs:   4612/43848    10%
Info:         carry LUTs:   1480/43848     3%
Info:           RAM LUTs:    780/ 5481    14%
Info:          RAMW LUTs:    390/10962     3%

Info:      Total DFFs:      6529/43848    14%

Info: Packing IOs..
Info: $sdram_dq[15]$iobuf_i: sdram_dq_$_TBUF__Y.Y
Info: pin 'sdram_dq[15]$tr_io' constrained to Bel 'X0/Y59/PIOB'.
Info: $sdram_dq[14]$iobuf_i: sdram_dq_$_TBUF__Y_15.Y
Info: pin 'sdram_dq[14]$tr_io' constrained to Bel 'X0/Y59/PIOC'.
Info: $sdram_dq[13]$iobuf_i: sdram_dq_$_TBUF__Y_14.Y
Info: pin 'sdram_dq[13]$tr_io' constrained to Bel 'X0/Y59/PIOA'.
Info: $sdram_dq[12]$iobuf_i: sdram_dq_$_TBUF__Y_13.Y
Info: pin 'sdram_dq[12]$tr_io' constrained to Bel 'X0/Y53/PIOA'.
Info: $sdram_dq[11]$iobuf_i: sdram_dq_$_TBUF__Y_12.Y
Info: pin 'sdram_dq[11]$tr_io' constrained to Bel 'X0/Y44/PIOD'.
Info: $sdram_dq[10]$iobuf_i: sdram_dq_$_TBUF__Y_11.Y
Info: pin 'sdram_dq[10]$tr_io' constrained to Bel 'X0/Y44/PIOC'.
Info: $sdram_dq[9]$iobuf_i: sdram_dq_$_TBUF__Y_10.Y
Info: pin 'sdram_dq[9]$tr_io' constrained to Bel 'X0/Y44/PIOA'.
Info: $sdram_dq[8]$iobuf_i: sdram_dq_$_TBUF__Y_9.Y
Info: pin 'sdram_dq[8]$tr_io' constrained to Bel 'X0/Y41/PIOD'.
Info: $sdram_dq[7]$iobuf_i: sdram_dq_$_TBUF__Y_8.Y
Info: pin 'sdram_dq[7]$tr_io' constrained to Bel 'X0/Y41/PIOB'.
Info: $sdram_dq[6]$iobuf_i: sdram_dq_$_TBUF__Y_7.Y
Info: pin 'sdram_dq[6]$tr_io' constrained to Bel 'X0/Y41/PIOC'.
Info: $sdram_dq[5]$iobuf_i: sdram_dq_$_TBUF__Y_6.Y
Info: pin 'sdram_dq[5]$tr_io' constrained to Bel 'X0/Y41/PIOA'.
Info: $sdram_dq[4]$iobuf_i: sdram_dq_$_TBUF__Y_5.Y
Info: pin 'sdram_dq[4]$tr_io' constrained to Bel 'X0/Y38/PIOD'.
Info: $sdram_dq[3]$iobuf_i: sdram_dq_$_TBUF__Y_4.Y
Info: pin 'sdram_dq[3]$tr_io' constrained to Bel 'X0/Y38/PIOB'.
Info: $sdram_dq[2]$iobuf_i: sdram_dq_$_TBUF__Y_3.Y
Info: pin 'sdram_dq[2]$tr_io' constrained to Bel 'X0/Y29/PIOD'.
Info: $sdram_dq[1]$iobuf_i: sdram_dq_$_TBUF__Y_2.Y
Info: pin 'sdram_dq[1]$tr_io' constrained to Bel 'X0/Y29/PIOB'.
Info: $sdram_dq[0]$iobuf_i: sdram_dq_$_TBUF__Y_1.Y
Info: pin 'sdram_dq[0]$tr_io' constrained to Bel 'X0/Y26/PIOD'.
Info: pin 'spi_sclk$tr_io' constrained to Bel 'X0/Y62/PIOC'.
Info: pin 'spi_mosi$tr_io' constrained to Bel 'X0/Y62/PIOB'.
Info: pin 'spi_miso$tr_io' constrained to Bel 'X0/Y62/PIOD'.
Info: pin 'spi_cs_n$tr_io' constrained to Bel 'X0/Y65/PIOA'.
Info: pin 'sdram_we_n$tr_io' constrained to Bel 'X0/Y14/PIOD'.
Info: pin 'sdram_ras_n$tr_io' constrained to Bel 'X0/Y14/PIOA'.
Info: pin 'sdram_dqm[1]$tr_io' constrained to Bel 'X0/Y62/PIOA'.
Info: pin 'sdram_dqm[0]$tr_io' constrained to Bel 'X0/Y59/PIOD'.
Info: pin 'sdram_cs_n$tr_io' constrained to Bel 'X0/Y11/PIOD'.
Info: pin 'sdram_clk$tr_io' constrained to Bel 'X0/Y38/PIOA'.
Info: pin 'sdram_cke$tr_io' constrained to Bel 'X0/Y11/PIOC'.
Info: pin 'sdram_cas_n$tr_io' constrained to Bel 'X0/Y14/PIOC'.
Info: pin 'sdram_ba[1]$tr_io' constrained to Bel 'X0/Y17/PIOC'.
Info: pin 'sdram_ba[0]$tr_io' constrained to Bel 'X0/Y17/PIOA'.
Info: pin 'sdram_a[12]$tr_io' constrained to Bel 'X0/Y35/PIOB'.
Info: pin 'sdram_a[11]$tr_io' constrained to Bel 'X0/Y26/PIOB'.
Info: pin 'sdram_a[10]$tr_io' constrained to Bel 'X0/Y26/PIOC'.
Info: pin 'sdram_a[9]$tr_io' constrained to Bel 'X0/Y26/PIOA'.
Info: pin 'sdram_a[8]$tr_io' constrained to Bel 'X0/Y23/PIOD'.
Info: pin 'sdram_a[7]$tr_io' constrained to Bel 'X0/Y23/PIOB'.
Info: pin 'sdram_a[6]$tr_io' constrained to Bel 'X0/Y23/PIOA'.
Info: pin 'sdram_a[5]$tr_io' constrained to Bel 'X0/Y20/PIOD'.
Info: pin 'sdram_a[4]$tr_io' constrained to Bel 'X0/Y20/PIOB'.
Info: pin 'sdram_a[3]$tr_io' constrained to Bel 'X0/Y20/PIOC'.
Info: pin 'sdram_a[2]$tr_io' constrained to Bel 'X0/Y20/PIOA'.
Info: pin 'sdram_a[1]$tr_io' constrained to Bel 'X0/Y17/PIOD'.
Info: pin 'sdram_a[0]$tr_io' constrained to Bel 'X0/Y17/PIOB'.
Info: pin 'pll_locked$tr_io' constrained to Bel 'X0/Y65/PIOC'.
Info: pin 'osc_clk$tr_io' constrained to Bel 'X0/Y29/PIOC'.
Info: pin 'ext_rst_n$tr_io' constrained to Bel 'X0/Y14/PIOB'.
Info: pin 'data_ready$tr_io' constrained to Bel 'X0/Y32/PIOA'.
Info: placed PLL 'u_pll.pll_i' at bel 'X1/Y4/EHXPLL_UL'
Info: Packing constants..
Info: Packing carries...
Info: Packing LUTs...
Info: Packing LUT5-7s...
Info: Packing FFs...
Info:     2373 FFs paired with LUTs.
Info: Generating derived timing constraints...
Info:     Input frequency of PLL 'u_pll.pll_i' is constrained to 16.0 MHz
Info:     Derived frequency constraint of 64.0 MHz for net sdram_clk$TRELLIS_IO_OUT
Info: Promoting globals...
Info:     promoting clock net sdram_clk$TRELLIS_IO_OUT to global network
Info: Checksum: 0xa739669a

Info: Device utilisation:
Info: 	          TRELLIS_IO:      47/    245    19%
Info: 	                DCCA:       1/     56     1%
Info: 	              DP16KD:       0/    108     0%
Info: 	          MULT18X18D:      32/     72    44%
Info: 	              ALU54B:       0/     36     0%
Info: 	             EHXPLLL:       1/      4    25%
Info: 	             EXTREFB:       0/      2     0%
Info: 	                DCUA:       0/      2     0%
Info: 	           PCSCLKDIV:       0/      2     0%
Info: 	             IOLOGIC:       0/    160     0%
Info: 	            SIOLOGIC:       0/     85     0%
Info: 	                 GSR:       0/      1     0%
Info: 	               JTAGG:       0/      1     0%
Info: 	                OSCG:       0/      1     0%
Info: 	               SEDGA:       0/      1     0%
Info: 	                 DTR:       0/      1     0%
Info: 	             USRMCLK:       0/      1     0%
Info: 	             CLKDIVF:       0/      4     0%
Info: 	           ECLKSYNCB:       0/     10     0%
Info: 	             DLLDELD:       0/      8     0%
Info: 	              DDRDLL:       0/      4     0%
Info: 	             DQSBUFM:       0/     10     0%
Info: 	     TRELLIS_ECLKBUF:       0/      8     0%
Info: 	        ECLKBRIDGECS:       0/      2     0%
Info: 	                DCSC:       0/      2     0%
Info: 	          TRELLIS_FF:    6529/  43848    14%
Info: 	        TRELLIS_COMB:    7712/  43848    17%
Info: 	        TRELLIS_RAMW:     195/   5481     3%

Info: Placed 48 cells based on constraints.
Info: Creating initial analytic placement for 8052 cells, random placement wirelen = 663057.
Info:     at initial placer iter 0, wirelen = 3706
Info:     at initial placer iter 1, wirelen = 3323
Info:     at initial placer iter 2, wirelen = 3076
Info:     at initial placer iter 3, wirelen = 3195
Info: Running main analytical placer, max placement attempts per cell = 26342911.
Info:     at iteration #1, type ALL: wirelen solved = 3124, spread = 114145, legal = 129690; time = 0.55s
Info:     at iteration #2, type ALL: wirelen solved = 12744, spread = 81692, legal = 98901; time = 0.56s
Info:     at iteration #3, type ALL: wirelen solved = 19390, spread = 78167, legal = 95014; time = 0.52s
Info:     at iteration #4, type ALL: wirelen solved = 23219, spread = 70571, legal = 89652; time = 0.50s
Info:     at iteration #5, type ALL: wirelen solved = 26859, spread = 67652, legal = 85696; time = 0.44s
Info:     at iteration #6, type ALL: wirelen solved = 27953, spread = 66511, legal = 83204; time = 0.41s
Info:     at iteration #7, type ALL: wirelen solved = 29297, spread = 65432, legal = 82519; time = 0.45s
Info:     at iteration #8, type ALL: wirelen solved = 30058, spread = 66180, legal = 82029; time = 0.44s
Info:     at iteration #9, type ALL: wirelen solved = 31303, spread = 66739, legal = 81492; time = 0.40s
Info:     at iteration #10, type ALL: wirelen solved = 31892, spread = 66418, legal = 82031; time = 0.45s
Info:     at iteration #11, type ALL: wirelen solved = 32685, spread = 66642, legal = 83038; time = 0.44s
Info:     at iteration #12, type ALL: wirelen solved = 33251, spread = 68185, legal = 82959; time = 0.37s
Info:     at iteration #13, type ALL: wirelen solved = 35020, spread = 67543, legal = 80638; time = 0.39s
Info:     at iteration #14, type ALL: wirelen solved = 35576, spread = 70154, legal = 83490; time = 0.38s
Info:     at iteration #15, type ALL: wirelen solved = 37833, spread = 70888, legal = 83298; time = 0.45s
Info:     at iteration #16, type ALL: wirelen solved = 38282, spread = 70327, legal = 84325; time = 0.44s
Info:     at iteration #17, type ALL: wirelen solved = 38652, spread = 70263, legal = 83038; time = 0.41s
Info:     at iteration #18, type ALL: wirelen solved = 38855, spread = 70196, legal = 84036; time = 0.40s
Info: HeAP Placer Time: 11.28s
Info:   of which solving equations: 5.41s
Info:   of which spreading cells: 0.83s
Info:   of which strict legalisation: 2.62s

Info: Running simulated annealing placer for refinement.
Info:   at iteration #1: temp = 0.000000, timing cost = 887, wirelen = 80638
Info:   at iteration #5: temp = 0.000000, timing cost = 1092, wirelen = 74293
Info:   at iteration #10: temp = 0.000000, timing cost = 383, wirelen = 72440
Info:   at iteration #15: temp = 0.000000, timing cost = 509, wirelen = 71900
Info:   at iteration #18: temp = 0.000000, timing cost = 446, wirelen = 71782 
Info: SA placement time 18.23s

Info: Max frequency for clock '$glbnet$sdram_clk$TRELLIS_IO_OUT': 66.12 MHz (PASS at 64.00 MHz)

Info: Max delay <async>                                  -> posedge $glbnet$sdram_clk$TRELLIS_IO_OUT: 4.20 ns
Info: Max delay posedge $glbnet$sdram_clk$TRELLIS_IO_OUT -> <async>                                 : 6.76 ns

Info: Slack histogram:
Info:  legend: * represents 35 endpoint(s)
Info:          + represents [1,35) endpoint(s)
Info: [   501,   1229) |+
Info: [  1229,   1957) |+
Info: [  1957,   2685) |+
Info: [  2685,   3413) |*+
Info: [  3413,   4141) |*+
Info: [  4141,   4869) |*******+
Info: [  4869,   5597) |*******+
Info: [  5597,   6325) |******+
Info: [  6325,   7053) |********+
Info: [  7053,   7781) |**********+
Info: [  7781,   8509) |*************************+
Info: [  8509,   9237) |*************************************************+
Info: [  9237,   9965) |***********************************************+
Info: [  9965,  10693) |*************************************************+
Info: [ 10693,  11421) |********************************************+
Info: [ 11421,  12149) |*****************************************+
Info: [ 12149,  12877) |********************************************************+
Info: [ 12877,  13605) |*******************************************************+
Info: [ 13605,  14333) |************************************************************ 
Info: [ 14333,  15061) |*********************************************************+
Info: Checksum: 0x41fb2d21
Info: Routing globals...
Info:     routing clock net $glbnet$sdram_clk$TRELLIS_IO_OUT using global 0

Info: Routing..
Info: Setting up routing queue.
Info: Routing 41131 arcs.
Info:            |   (re-)routed arcs  |   delta    | remaining|       time spent     |
Info:    IterCnt |  w/ripup   wo/ripup |  w/r  wo/r |      arcs| batch(sec) total(sec)|
Info:       1000 |      369        630 |  369   630 |     40654|       1.44       1.44|
Info:       2000 |      609       1390 |  240   760 |     40090|       1.06       2.50|
Info:       3000 |      726       2273 |  117   883 |     39304|       0.71       3.21|
Info:       4000 |      806       3193 |   80   920 |     38507|       0.55       3.76|
Info:       5000 |      920       4079 |  114   886 |     37682|       0.50       4.26|
Info:       6000 |      991       5008 |   71   929 |     36807|       0.44       4.70|
Info:       7000 |     1077       5922 |   86   914 |     35945|       0.68       5.38|
Info:       8000 |     1157       6842 |   80   920 |     35039|       0.42       5.81|
Info:       9000 |     1232       7767 |   75   925 |     34151|       0.49       6.30|
Info:      10000 |     1320       8679 |   88   912 |     33277|       0.43       6.73|
Info:      11000 |     1379       9620 |   59   941 |     32422|       0.38       7.11|
Info:      12000 |     1487      10512 |  108   892 |     31547|       0.43       7.53|
Info:      13000 |     1614      11385 |  127   873 |     30788|       0.45       7.98|
Info:      14000 |     1736      12263 |  122   878 |     29979|       0.50       8.48|
Info:      15000 |     1858      13141 |  122   878 |     29163|       0.41       8.88|
Info:      16000 |     2018      13981 |  160   840 |     28553|       0.39       9.28|
Info:      17000 |     2172      14827 |  154   846 |     27750|       0.38       9.65|
Info:      18000 |     2264      15735 |   92   908 |     26927|       0.37      10.03|
Info:      19000 |     2394      16605 |  130   870 |     26180|       0.45      10.47|
Info:      20000 |     2513      17484 |  119   879 |     25386|       0.49      10.97|
Info:      21000 |     2685      18310 |  172   826 |     24597|       0.48      11.45|
Info:      22000 |     2854      19140 |  169   830 |     23799|       0.74      12.19|
Info:      23000 |     3037      19955 |  183   815 |     23081|       0.52      12.71|
Info:      24000 |     3242      20739 |  205   784 |     22351|       0.49      13.20|
Info:      25000 |     3452      21507 |  210   768 |     21655|       0.45      13.65|
Info:      26000 |     3623      22296 |  171   789 |     20923|       0.40      14.05|
Info:      27000 |     3748      23098 |  125   802 |     20099|       0.36      14.41|
Info:      28000 |     3874      23852 |  126   754 |     19323|       0.38      14.79|
Info:      29000 |     4029      24628 |  155   776 |     18603|       0.42      15.22|
Info:      30000 |     4206      25400 |  177   772 |     17887|       0.37      15.59|
Info:      31000 |     4405      26157 |  199   757 |     17234|       0.53      16.12|
Info:      32000 |     4550      26941 |  145   784 |     16442|       0.41      16.53|
Info:      33000 |     4733      27680 |  183   739 |     15692|       0.51      17.03|
Info:      34000 |     4830      28508 |   97   828 |     14830|       0.51      17.55|
Info:      35000 |     4974      29267 |  144   759 |     14002|       0.51      18.06|
Info:      36000 |     5121      30070 |  147   803 |     13252|       0.62      18.68|
Info:      37000 |     5276      30852 |  155   782 |     12481|       0.53      19.21|
Info:      38000 |     5418      31657 |  142   805 |     11685|       0.55      19.76|
Info:      39000 |     5585      32432 |  167   775 |     10932|       0.53      20.29|
Info:      40000 |     5782      33190 |  197   758 |     10382|       0.63      20.92|
Info:      41000 |     5881      34022 |   99   832 |      9533|       0.33      21.25|
Info:      42000 |     6035      34803 |  154   781 |      8768|       0.35      21.60|
Info:      43000 |     6261      35560 |  226   757 |      8323|       0.98      22.57|
Info:      44000 |     6398      36369 |  137   809 |      7555|       0.60      23.17|
Info:      45000 |     6582      37126 |  184   757 |      6855|       0.63      23.80|
Info:      46000 |     6907      37799 |  325   673 |      6494|       1.01      24.81|
Info:      47000 |     7057      38581 |  150   782 |      5799|       0.69      25.50|
Info:      48000 |     7199      39433 |  142   852 |      4978|       0.48      25.98|
Info:      49000 |     7563      40069 |  364   636 |      4631|       1.05      27.03|
Info:      50000 |     7764      40864 |  201   795 |      3970|       0.66      27.69|
Info:      51000 |     7960      41668 |  196   804 |      3385|       0.70      28.38|
Info:      52000 |     8369      42259 |  409   591 |      3109|       1.52      29.90|
Info:      53000 |     8777      42851 |  408   592 |      2889|       1.44      31.35|
Info:      54000 |     9045      43583 |  268   732 |      2315|       0.73      32.08|
Info:      55000 |     9217      44352 |  172   769 |      1753|       0.69      32.77|
Info:      56000 |     9370      45051 |  153   699 |      1041|       0.72      33.49|
Info:      57000 |     9601      45723 |  231   672 |       525|       1.08      34.57|
Info:      57683 |     9709      46204 |  108   481 |         0|       0.60      35.17|
Info: Routing complete.
Info: Router1 time 35.17s
Info: Checksum: 0x409be511

Info: Critical path report for clock '$glbnet$sdram_clk$TRELLIS_IO_OUT' (posedge -> posedge):
Info:       type curr  total name
Info:   clk-to-q  0.40  0.40 Source u_arbiter_wide.m_addr_TRELLIS_FF_Q_7.Q
Info:    routing  0.85  1.24 Net u_arbiter_wide.m_addr[7] (24,11) -> (25,9)
Info:                          Sink u_sdram_backend.w_cache_valid[3]_PFUMX_C0_Z_LUT4_Z_1_D_LUT4_Z.B
Info:                          Defined in:
Info:                               /root/tools_cache/oss-cad-suite/lib/../share/yosys/lattice/cells_map_trellis.v:108.23-108.24
Info:      logic  0.18  1.42 Source u_sdram_backend.w_cache_valid[3]_PFUMX_C0_Z_LUT4_Z_1_D_LUT4_Z.F
Info:    routing  0.45  1.88 Net u_sdram_backend.w_cache_valid[3]_PFUMX_C0_Z_LUT4_Z_1_D[1] (25,9) -> (25,9)
Info:                          Sink u_sdram_backend.w_cache_valid[3]_PFUMX_C0_Z_LUT4_Z_1.C
Info:                          Defined in:
Info:                               /root/tools_cache/oss-cad-suite/lib/../share/yosys/lattice/cells_map_trellis.v:108.23-108.24
Info:      logic  0.18  2.06 Source u_sdram_backend.w_cache_valid[3]_PFUMX_C0_Z_LUT4_Z_1.F
Info:    routing  0.60  2.65 Net u_sdram_backend.w_cache_valid[3]_PFUMX_C0_Z[3] (25,9) -> (25,9)
Info:                          Sink u_sdram_backend.w_cache_valid[3]_PFUMX_C0_Z_LUT4_D.D
Info:                          Defined in:
Info:                               /root/tools_cache/oss-cad-suite/lib/../share/yosys/lattice/cells_map_trellis.v:108.23-108.24
Info:      logic  0.18  2.83 Source u_sdram_backend.w_cache_valid[3]_PFUMX_C0_Z_LUT4_D.F
Info:    routing  0.56  3.39 Net u_sdram_backend.w_cache_valid[3]_PFUMX_C0_Z_LUT4_D_Z[3] (25,9) -> (24,8)
Info:                          Sink u_sdram_backend.w_cache_valid[3]_PFUMX_C0_Z_LUT4_D_Z_LUT4_D.D
Info:                          Defined in:
Info:                               /root/tools_cache/oss-cad-suite/lib/../share/yosys/lattice/cells_map_trellis.v:108.23-108.24
Info:      logic  0.18  3.57 Source u_sdram_backend.w_cache_valid[3]_PFUMX_C0_Z_LUT4_D_Z_LUT4_D.F
Info:    routing  0.45  4.03 Net u_sdram_backend.w_cache_valid[3]_PFUMX_C0_Z_LUT4_D_Z_LUT4_D_Z[3] (24,8) -> (24,8)
Info:                          Sink u_sdram_backend.w_cache_valid[2]_LUT4_B_Z_LUT4_D_Z_LUT4_D_Z_LUT4_D_Z_LUT4_Z.D
Info:                          Defined in:
Info:                               /root/tools_cache/oss-cad-suite/lib/../share/yosys/lattice/cells_map_trellis.v:108.23-108.24
Info:      logic  0.18  4.21 Source u_sdram_backend.w_cache_valid[2]_LUT4_B_Z_LUT4_D_Z_LUT4_D_Z_LUT4_D_Z_LUT4_Z.F
Info:    routing  1.22  5.43 Net u_sdram_backend.w_cache_valid[2]_LUT4_B_Z_LUT4_D_Z_LUT4_D_Z_LUT4_D_Z[2] (24,8) -> (12,11)
Info:                          Sink u_sdram_backend.w_cache_valid[0]_LUT4_B_Z_LUT4_D_Z_LUT4_D_Z_LUT4_D_Z_LUT4_Z.D
Info:                          Defined in:
Info:                               /root/tools_cache/oss-cad-suite/lib/../share/yosys/lattice/cells_map_trellis.v:108.23-108.24
Info:      logic  0.18  5.61 Source u_sdram_backend.w_cache_valid[0]_LUT4_B_Z_LUT4_D_Z_LUT4_D_Z_LUT4_D_Z_LUT4_Z.F
Info:    routing  1.01  6.62 Net u_sdram_backend.w_cache_valid[0]_LUT4_B_Z_LUT4_D_Z_LUT4_D_Z_LUT4_D_Z[3] (12,11) -> (19,8)
Info:                          Sink u_sdram_backend.w_cache_hit_LUT4_Z.D
Info:                          Defined in:
Info:                               /root/tools_cache/oss-cad-suite/lib/../share/yosys/lattice/cells_map_trellis.v:108.23-108.24
Info:      logic  0.18  6.80 Source u_sdram_backend.w_cache_hit_LUT4_Z.F
Info:    routing  0.57  7.37 Net u_sdram_backend.w_alloc_ptr_TRELLIS_FF_Q_CE[0] (19,8) -> (16,4)
Info:                          Sink u_sdram_backend.w_cache_hit_LUT4_C.C
Info:                          Defined in:
Info:                               hardware/v2/nms/rtl/sdram_unified_backend.v:184.10-184.21
Info:      logic  0.18  7.55 Source u_sdram_backend.w_cache_hit_LUT4_C.F
Info:    routing  0.34  7.90 Net u_sdram_backend.w_cache_hit_LUT4_C_Z[0] (16,4) -> (16,4)
Info:                          Sink u_sdram_backend.ar_req_pending_TRELLIS_FF_Q_DI_LUT4_Z_D_LUT4_Z.C
Info:                          Defined in:
Info:                               /root/tools_cache/oss-cad-suite/lib/../share/yosys/lattice/cells_map_trellis.v:108.23-108.24
Info:      logic  0.18  8.08 Source u_sdram_backend.ar_req_pending_TRELLIS_FF_Q_DI_LUT4_Z_D_LUT4_Z.F
Info:    routing  2.02  10.10 Net u_sdram_backend.ar_req_pending_TRELLIS_FF_Q_DI_LUT4_Z_D[3] (16,4) -> (5,25)
Info:                          Sink u_sdram_backend.ar_req_pending_TRELLIS_FF_Q_DI_LUT4_Z_D_LUT4_D.D
Info:                          Defined in:
Info:                               /root/tools_cache/oss-cad-suite/lib/../share/yosys/lattice/cells_map_trellis.v:108.23-108.24
Info:      logic  0.18  10.28 Source u_sdram_backend.ar_req_pending_TRELLIS_FF_Q_DI_LUT4_Z_D_LUT4_D.F
Info:    routing  1.86  12.13 Net u_sdram_backend.ar_req_pending_TRELLIS_FF_Q_DI_LUT4_Z_D_LUT4_D_Z[3] (5,25) -> (5,54)
Info:                          Sink u_sdram_backend.ctrl_wdata_TRELLIS_FF_Q.CE
Info:                          Defined in:
Info:                               /root/tools_cache/oss-cad-suite/lib/../share/yosys/lattice/cells_map_trellis.v:108.23-108.24
Info:      setup  0.00  12.13 Source u_sdram_backend.ctrl_wdata_TRELLIS_FF_Q.CE
Info: 2.19 ns logic, 9.94 ns routing

Info: Critical path report for cross-domain path '<async>' -> 'posedge $glbnet$sdram_clk$TRELLIS_IO_OUT':
Info:       type curr  total name
Info:     source  0.00  0.00 Source sdram_dq[2]$tr_io.O
Info:    routing  2.90  2.90 Net sdram_dq[2]$TRELLIS_IO_IN (0,29) -> (15,8)
Info:                          Sink u_sdram_backend.ctrl_rdata_TRELLIS_FF_Q_50_DI_LUT4_Z_D_LUT4_Z.B
Info:                          Defined in:
Info:                               hardware/v2/nms/rtl/sdram_unified_backend.v:104.24-104.32
Info:      logic  0.18  3.08 Source u_sdram_backend.ctrl_rdata_TRELLIS_FF_Q_50_DI_LUT4_Z_D_LUT4_Z.F
Info:    routing  0.56  3.64 Net u_sdram_backend.ctrl_rdata_TRELLIS_FF_Q_50_DI_LUT4_Z_D[2] (15,8) -> (14,7)
Info:                          Sink u_sdram_backend.ctrl_rdata_TRELLIS_FF_Q_114_DI_LUT4_Z.D
Info:                          Defined in:
Info:                               /root/tools_cache/oss-cad-suite/lib/../share/yosys/lattice/cells_map_trellis.v:108.23-108.24
Info:      logic  0.18  3.83 Source u_sdram_backend.ctrl_rdata_TRELLIS_FF_Q_114_DI_LUT4_Z.F
Info:    routing  0.12  3.94 Net u_sdram_backend.ctrl_rdata_TRELLIS_FF_Q_114_DI (14,7) -> (14,7)
Info:                          Sink u_sdram_backend.ctrl_rdata_TRELLIS_FF_Q_114.DI
Info:      setup  0.00  3.94 Source u_sdram_backend.ctrl_rdata_TRELLIS_FF_Q_114.DI
Info: 0.36 ns logic, 3.58 ns routing

Info: Critical path report for cross-domain path 'posedge $glbnet$sdram_clk$TRELLIS_IO_OUT' -> '<async>':
Info:       type curr  total name
Info:   clk-to-q  0.40  0.40 Source u_spi_bridge.byte_idx_TRELLIS_FF_Q_2.Q
Info:    routing  0.77  1.16 Net u_spi_bridge.byte_idx[2] (22,48) -> (21,45)
Info:                          Sink u_spi_bridge.rx_valid_LUT4_D_Z_LUT4_Z_D_LUT4_Z_D_LUT4_Z.D
Info:                          Defined in:
Info:                               /root/tools_cache/oss-cad-suite/lib/../share/yosys/lattice/cells_map_trellis.v:108.23-108.24
Info:      logic  0.18  1.34 Source u_spi_bridge.rx_valid_LUT4_D_Z_LUT4_Z_D_LUT4_Z_D_LUT4_Z.F
Info:    routing  0.48  1.82 Net u_dataflow_core.reg_result_addr_TRELLIS_FF_Q_CE_LUT4_Z_C[0] (21,45) -> (21,45)
Info:                          Sink u_spi_bridge.rx_valid_LUT4_D_Z_LUT4_Z_D_LUT4_Z_D_LUT4_D.D
Info:                          Defined in:
Info:                               /root/tools_cache/oss-cad-suite/lib/../share/yosys/lattice/cells_map_trellis.v:108.23-108.24
Info:      logic  0.18  2.00 Source u_spi_bridge.rx_valid_LUT4_D_Z_LUT4_Z_D_LUT4_Z_D_LUT4_D.F
Info:    routing  1.24  3.24 Net u_spi_bridge.byte_idx_TRELLIS_FF_Q_DI_LUT4_Z_D[1] (21,45) -> (16,52)
Info:                          Sink spi_miso_LUT4_Z_C_LUT4_Z_1.D
Info:                          Defined in:
Info:                               /root/tools_cache/oss-cad-suite/lib/../share/yosys/lattice/cells_map_trellis.v:108.23-108.24
Info:      logic  0.18  3.42 Source spi_miso_LUT4_Z_C_LUT4_Z_1.F
Info:    routing  0.71  4.14 Net spi_miso_LUT4_Z_B[2] (16,52) -> (16,53)
Info:                          Sink spi_miso_LUT4_Z.C
Info:                          Defined in:
Info:                               /root/tools_cache/oss-cad-suite/lib/../share/yosys/lattice/cells_map_trellis.v:108.23-108.24
Info:      logic  0.18  4.32 Source spi_miso_LUT4_Z.F
Info:    routing  1.77  6.08 Net spi_miso$TRELLIS_IO_OUT (16,53) -> (0,62)
Info:                          Sink spi_miso$tr_io.I
Info:                          Defined in:
Info:                               hardware/v2/nms/rtl/fpga_neural_v2_top.v:55.17-55.25
Info: 1.12 ns logic, 4.97 ns routing

Info: Max frequency for clock '$glbnet$sdram_clk$TRELLIS_IO_OUT': 82.43 MHz (PASS at 64.00 MHz)

Info: Max delay <async>                                  -> posedge $glbnet$sdram_clk$TRELLIS_IO_OUT: 3.94 ns
Info: Max delay posedge $glbnet$sdram_clk$TRELLIS_IO_OUT -> <async>                                 : 6.08 ns

Info: Slack histogram:
Info:  legend: * represents 44 endpoint(s)
Info:          + represents [1,44) endpoint(s)
Info: [  3493,   4065) |+
Info: [  4065,   4637) |+
Info: [  4637,   5209) |+
Info: [  5209,   5781) |+
Info: [  5781,   6353) |***+
Info: [  6353,   6925) |****+
Info: [  6925,   7497) |*****+
Info: [  7497,   8069) |*****+
Info: [  8069,   8641) |********+
Info: [  8641,   9213) |*********+
Info: [  9213,   9785) |****************+
Info: [  9785,  10357) |*********************+
Info: [ 10357,  10929) |********************************+
Info: [ 10929,  11501) |*****************************************+
Info: [ 11501,  12073) |********************************************+
Info: [ 12073,  12645) |****************************************+
Info: [ 12645,  13217) |*****************************************+
Info: [ 13217,  13789) |***********************************************+
Info: [ 13789,  14361) |************************************************************ 
Info: [ 14361,  14933) |********************************************+

Info: Program finished normally.
