Info: constraining clock net 'osc_clk' to 16.00 MHz

Info: Logic utilisation before packing:
Info:     Total LUT4s:      7262/43848    16%
Info:         logic LUTs:   4612/43848    10%
Info:         carry LUTs:   1480/43848     3%
Info:           RAM LUTs:    780/ 5481    14%
Info:          RAMW LUTs:    390/10962     3%

Info:      Total DFFs:      6529/43848    14%

Info: Packing IOs..
Info: $sdram_dq[15]$iobuf_i: sdram_dq_$_TBUF__Y.Y
Info: pin 'sdram_dq[15]$tr_io' constrained to Bel 'X0/Y59/PIOB'.
Info: $sdram_dq[14]$iobuf_i: sdram_dq_$_TBUF__Y_15.Y
Info: pin 'sdram_dq[14]$tr_io' constrained to Bel 'X0/Y59/PIOC'.
Info: $sdram_dq[13]$iobuf_i: sdram_dq_$_TBUF__Y_14.Y
Info: pin 'sdram_dq[13]$tr_io' constrained to Bel 'X0/Y59/PIOA'.
Info: $sdram_dq[12]$iobuf_i: sdram_dq_$_TBUF__Y_13.Y
Info: pin 'sdram_dq[12]$tr_io' constrained to Bel 'X0/Y53/PIOA'.
Info: $sdram_dq[11]$iobuf_i: sdram_dq_$_TBUF__Y_12.Y
Info: pin 'sdram_dq[11]$tr_io' constrained to Bel 'X0/Y44/PIOD'.
Info: $sdram_dq[10]$iobuf_i: sdram_dq_$_TBUF__Y_11.Y
Info: pin 'sdram_dq[10]$tr_io' constrained to Bel 'X0/Y44/PIOC'.
Info: $sdram_dq[9]$iobuf_i: sdram_dq_$_TBUF__Y_10.Y
Info: pin 'sdram_dq[9]$tr_io' constrained to Bel 'X0/Y44/PIOA'.
Info: $sdram_dq[8]$iobuf_i: sdram_dq_$_TBUF__Y_9.Y
Info: pin 'sdram_dq[8]$tr_io' constrained to Bel 'X0/Y41/PIOD'.
Info: $sdram_dq[7]$iobuf_i: sdram_dq_$_TBUF__Y_8.Y
Info: pin 'sdram_dq[7]$tr_io' constrained to Bel 'X0/Y41/PIOB'.
Info: $sdram_dq[6]$iobuf_i: sdram_dq_$_TBUF__Y_7.Y
Info: pin 'sdram_dq[6]$tr_io' constrained to Bel 'X0/Y41/PIOC'.
Info: $sdram_dq[5]$iobuf_i: sdram_dq_$_TBUF__Y_6.Y
Info: pin 'sdram_dq[5]$tr_io' constrained to Bel 'X0/Y41/PIOA'.
Info: $sdram_dq[4]$iobuf_i: sdram_dq_$_TBUF__Y_5.Y
Info: pin 'sdram_dq[4]$tr_io' constrained to Bel 'X0/Y38/PIOD'.
Info: $sdram_dq[3]$iobuf_i: sdram_dq_$_TBUF__Y_4.Y
Info: pin 'sdram_dq[3]$tr_io' constrained to Bel 'X0/Y38/PIOB'.
Info: $sdram_dq[2]$iobuf_i: sdram_dq_$_TBUF__Y_3.Y
Info: pin 'sdram_dq[2]$tr_io' constrained to Bel 'X0/Y29/PIOD'.
Info: $sdram_dq[1]$iobuf_i: sdram_dq_$_TBUF__Y_2.Y
Info: pin 'sdram_dq[1]$tr_io' constrained to Bel 'X0/Y29/PIOB'.
Info: $sdram_dq[0]$iobuf_i: sdram_dq_$_TBUF__Y_1.Y
Info: pin 'sdram_dq[0]$tr_io' constrained to Bel 'X0/Y26/PIOD'.
Info: pin 'spi_sclk$tr_io' constrained to Bel 'X0/Y62/PIOC'.
Info: pin 'spi_mosi$tr_io' constrained to Bel 'X0/Y62/PIOB'.
Info: pin 'spi_miso$tr_io' constrained to Bel 'X0/Y62/PIOD'.
Info: pin 'spi_cs_n$tr_io' constrained to Bel 'X0/Y65/PIOA'.
Info: pin 'sdram_we_n$tr_io' constrained to Bel 'X0/Y14/PIOD'.
Info: pin 'sdram_ras_n$tr_io' constrained to Bel 'X0/Y14/PIOA'.
Info: pin 'sdram_dqm[1]$tr_io' constrained to Bel 'X0/Y62/PIOA'.
Info: pin 'sdram_dqm[0]$tr_io' constrained to Bel 'X0/Y59/PIOD'.
Info: pin 'sdram_cs_n$tr_io' constrained to Bel 'X0/Y11/PIOD'.
Info: pin 'sdram_clk$tr_io' constrained to Bel 'X0/Y38/PIOA'.
Info: pin 'sdram_cke$tr_io' constrained to Bel 'X0/Y11/PIOC'.
Info: pin 'sdram_cas_n$tr_io' constrained to Bel 'X0/Y14/PIOC'.
Info: pin 'sdram_ba[1]$tr_io' constrained to Bel 'X0/Y17/PIOC'.
Info: pin 'sdram_ba[0]$tr_io' constrained to Bel 'X0/Y17/PIOA'.
Info: pin 'sdram_a[12]$tr_io' constrained to Bel 'X0/Y35/PIOB'.
Info: pin 'sdram_a[11]$tr_io' constrained to Bel 'X0/Y26/PIOB'.
Info: pin 'sdram_a[10]$tr_io' constrained to Bel 'X0/Y26/PIOC'.
Info: pin 'sdram_a[9]$tr_io' constrained to Bel 'X0/Y26/PIOA'.
Info: pin 'sdram_a[8]$tr_io' constrained to Bel 'X0/Y23/PIOD'.
Info: pin 'sdram_a[7]$tr_io' constrained to Bel 'X0/Y23/PIOB'.
Info: pin 'sdram_a[6]$tr_io' constrained to Bel 'X0/Y23/PIOA'.
Info: pin 'sdram_a[5]$tr_io' constrained to Bel 'X0/Y20/PIOD'.
Info: pin 'sdram_a[4]$tr_io' constrained to Bel 'X0/Y20/PIOB'.
Info: pin 'sdram_a[3]$tr_io' constrained to Bel 'X0/Y20/PIOC'.
Info: pin 'sdram_a[2]$tr_io' constrained to Bel 'X0/Y20/PIOA'.
Info: pin 'sdram_a[1]$tr_io' constrained to Bel 'X0/Y17/PIOD'.
Info: pin 'sdram_a[0]$tr_io' constrained to Bel 'X0/Y17/PIOB'.
Info: pin 'pll_locked$tr_io' constrained to Bel 'X0/Y65/PIOC'.
Info: pin 'osc_clk$tr_io' constrained to Bel 'X0/Y29/PIOC'.
Info: pin 'ext_rst_n$tr_io' constrained to Bel 'X0/Y14/PIOB'.
Info: pin 'data_ready$tr_io' constrained to Bel 'X0/Y32/PIOA'.
Info: placed PLL 'u_pll.pll_i' at bel 'X1/Y4/EHXPLL_UL'
Info: Packing constants..
Info: Packing carries...
Info: Packing LUTs...
Info: Packing LUT5-7s...
Info: Packing FFs...
Info:     2373 FFs paired with LUTs.
Info: Generating derived timing constraints...
Info:     Input frequency of PLL 'u_pll.pll_i' is constrained to 16.0 MHz
Info:     Derived frequency constraint of 64.0 MHz for net sdram_clk$TRELLIS_IO_OUT
Info: Promoting globals...
Info:     promoting clock net sdram_clk$TRELLIS_IO_OUT to global network
Info: Checksum: 0xa739669a

Info: Device utilisation:
Info: 	          TRELLIS_IO:      47/    245    19%
Info: 	                DCCA:       1/     56     1%
Info: 	              DP16KD:       0/    108     0%
Info: 	          MULT18X18D:      32/     72    44%
Info: 	              ALU54B:       0/     36     0%
Info: 	             EHXPLLL:       1/      4    25%
Info: 	             EXTREFB:       0/      2     0%
Info: 	                DCUA:       0/      2     0%
Info: 	           PCSCLKDIV:       0/      2     0%
Info: 	             IOLOGIC:       0/    160     0%
Info: 	            SIOLOGIC:       0/     85     0%
Info: 	                 GSR:       0/      1     0%
Info: 	               JTAGG:       0/      1     0%
Info: 	                OSCG:       0/      1     0%
Info: 	               SEDGA:       0/      1     0%
Info: 	                 DTR:       0/      1     0%
Info: 	             USRMCLK:       0/      1     0%
Info: 	             CLKDIVF:       0/      4     0%
Info: 	           ECLKSYNCB:       0/     10     0%
Info: 	             DLLDELD:       0/      8     0%
Info: 	              DDRDLL:       0/      4     0%
Info: 	             DQSBUFM:       0/     10     0%
Info: 	     TRELLIS_ECLKBUF:       0/      8     0%
Info: 	        ECLKBRIDGECS:       0/      2     0%
Info: 	                DCSC:       0/      2     0%
Info: 	          TRELLIS_FF:    6529/  43848    14%
Info: 	        TRELLIS_COMB:    7712/  43848    17%
Info: 	        TRELLIS_RAMW:     195/   5481     3%

Info: Placed 48 cells based on constraints.
Info: Creating initial analytic placement for 8052 cells, random placement wirelen = 658771.
Info:     at initial placer iter 0, wirelen = 3777
Info:     at initial placer iter 1, wirelen = 3418
Info:     at initial placer iter 2, wirelen = 3191
Info:     at initial placer iter 3, wirelen = 3246
Info: Running main analytical placer, max placement attempts per cell = 26342911.
Info:     at iteration #1, type ALL: wirelen solved = 3286, spread = 121415, legal = 135557; time = 0.57s
Info:     at iteration #2, type ALL: wirelen solved = 12836, spread = 85667, legal = 101785; time = 0.56s
Info:     at iteration #3, type ALL: wirelen solved = 19556, spread = 76735, legal = 94213; time = 0.54s
Info:     at iteration #4, type ALL: wirelen solved = 23735, spread = 71218, legal = 88978; time = 0.56s
Info:     at iteration #5, type ALL: wirelen solved = 27278, spread = 68771, legal = 85471; time = 0.52s
Info:     at iteration #6, type ALL: wirelen solved = 28843, spread = 68525, legal = 86291; time = 0.49s
Info:     at iteration #7, type ALL: wirelen solved = 30830, spread = 68147, legal = 85543; time = 0.54s
Info:     at iteration #8, type ALL: wirelen solved = 31830, spread = 68536, legal = 87500; time = 0.51s
Info:     at iteration #9, type ALL: wirelen solved = 32948, spread = 68486, legal = 85985; time = 0.48s
Info:     at iteration #10, type ALL: wirelen solved = 33856, spread = 67439, legal = 85265; time = 0.44s
Info:     at iteration #11, type ALL: wirelen solved = 34000, spread = 70952, legal = 84813; time = 0.39s
Info:     at iteration #12, type ALL: wirelen solved = 36242, spread = 71217, legal = 84052; time = 0.38s
Info:     at iteration #13, type ALL: wirelen solved = 37105, spread = 70317, legal = 83135; time = 0.36s
Info:     at iteration #14, type ALL: wirelen solved = 37208, spread = 70761, legal = 85228; time = 0.43s
Info:     at iteration #15, type ALL: wirelen solved = 37721, spread = 70665, legal = 86140; time = 0.45s
Info:     at iteration #16, type ALL: wirelen solved = 38058, spread = 70475, legal = 82322; time = 0.40s
Info:     at iteration #17, type ALL: wirelen solved = 37921, spread = 70553, legal = 85027; time = 0.56s
Info:     at iteration #18, type ALL: wirelen solved = 38474, spread = 71251, legal = 87239; time = 0.50s
Info:     at iteration #19, type ALL: wirelen solved = 38897, spread = 70986, legal = 85756; time = 0.45s
Info:     at iteration #20, type ALL: wirelen solved = 39130, spread = 72111, legal = 85799; time = 0.46s
Info:     at iteration #21, type ALL: wirelen solved = 39740, spread = 72418, legal = 85467; time = 0.42s
Info: HeAP Placer Time: 13.42s
Info:   of which solving equations: 6.37s
Info:   of which spreading cells: 1.00s
Info:   of which strict legalisation: 3.34s

Info: Running simulated annealing placer for refinement.
Info:   at iteration #1: temp = 0.000000, timing cost = 1489, wirelen = 82322
Info:   at iteration #5: temp = 0.000000, timing cost = 2175, wirelen = 76462
Info:   at iteration #10: temp = 0.000000, timing cost = 1893, wirelen = 75060
Info:   at iteration #15: temp = 0.000000, timing cost = 1853, wirelen = 74564
Info:   at iteration #20: temp = 0.000000, timing cost = 1901, wirelen = 74270
Info:   at iteration #25: temp = 0.000000, timing cost = 1885, wirelen = 74160
Info:   at iteration #30: temp = 0.000000, timing cost = 1886, wirelen = 74070
Info:   at iteration #35: temp = 0.000000, timing cost = 1875, wirelen = 74035
Info:   at iteration #36: temp = 0.000000, timing cost = 1860, wirelen = 74034 
Info: SA placement time 35.90s

Info: Max frequency for clock '$glbnet$sdram_clk$TRELLIS_IO_OUT': 78.14 MHz (PASS at 64.00 MHz)

Info: Max delay <async>                                  -> posedge $glbnet$sdram_clk$TRELLIS_IO_OUT: 4.33 ns
Info: Max delay posedge $glbnet$sdram_clk$TRELLIS_IO_OUT -> <async>                                 : 6.57 ns

Info: Slack histogram:
Info:  legend: * represents 30 endpoint(s)
Info:          + represents [1,30) endpoint(s)
Info: [  2828,   3440) |*+
Info: [  3440,   4052) |***+
Info: [  4052,   4664) |******+
Info: [  4664,   5276) |****+
Info: [  5276,   5888) |*****+
Info: [  5888,   6500) |*******+
Info: [  6500,   7112) |***********+
Info: [  7112,   7724) |**************+
Info: [  7724,   8336) |********************************+
Info: [  8336,   8948) |****************************************+
Info: [  8948,   9560) |*********************************************+
Info: [  9560,  10172) |*****************************************+
Info: [ 10172,  10784) |******************************************************+
Info: [ 10784,  11396) |**************************************+
Info: [ 11396,  12008) |***************************************+
Info: [ 12008,  12620) |**************************************************+
Info: [ 12620,  13232) |************************************************************ 
Info: [ 13232,  13844) |*********************************************************+
Info: [ 13844,  14456) |***********************************************************+
Info: [ 14456,  15068) |***************************************************+
Info: Checksum: 0xbed01102
Info: Routing globals...
Info:     routing clock net $glbnet$sdram_clk$TRELLIS_IO_OUT using global 0

Info: Routing..
Info: Setting up routing queue.
Info: Routing 40955 arcs.
Info:            |   (re-)routed arcs  |   delta    | remaining|       time spent     |
Info:    IterCnt |  w/ripup   wo/ripup |  w/r  wo/r |      arcs| batch(sec) total(sec)|
Info:       1000 |      732        267 |  732   267 |     40844|       1.34       1.34|
Info:       2000 |     1196        803 |  464   536 |     40432|       1.06       2.40|
Info:       3000 |     1355       1644 |  159   841 |     39857|       1.16       3.56|
Info:       4000 |     1584       2415 |  229   771 |     39216|       0.74       4.30|
Info:       5000 |     1848       3151 |  264   736 |     38640|       0.79       5.09|
Info:       6000 |     2091       3908 |  243   757 |     38002|       0.70       5.79|
Info:       7000 |     2230       4769 |  139   861 |     37395|       0.46       6.25|
Info:       8000 |     2351       5648 |  121   879 |     36747|       0.54       6.79|
Info:       9000 |     2457       6542 |  106   894 |     35960|       0.33       7.12|
Info:      10000 |     2617       7382 |  160   840 |     35269|       0.50       7.62|
Info:      11000 |     2756       8243 |  139   861 |     34541|       0.64       8.26|
Info:      12000 |     2920       9079 |  164   836 |     33906|       0.42       8.68|
Info:      13000 |     3104       9895 |  184   816 |     33305|       0.37       9.05|
Info:      14000 |     3276      10723 |  172   828 |     32549|       0.41       9.46|
Info:      15000 |     3454      11545 |  178   822 |     31869|       0.48       9.94|
Info:      16000 |     3592      12407 |  138   862 |     31178|       0.40      10.34|
Info:      17000 |     3727      13272 |  135   865 |     30432|       0.42      10.76|
Info:      18000 |     3852      14147 |  125   875 |     29786|       0.40      11.16|
Info:      19000 |     4004      14995 |  152   848 |     29072|       1.00      12.16|
Info:      20000 |     4220      15779 |  216   784 |     28410|       0.44      12.60|
Info:      21000 |     4421      16578 |  201   799 |     27852|       0.51      13.10|
Info:      22000 |     4649      17350 |  228   772 |     27257|       0.50      13.60|
Info:      23000 |     4864      18135 |  215   785 |     26597|       0.53      14.13|
Info:      24000 |     5130      18869 |  266   734 |     25999|       0.52      14.65|
Info:      25000 |     5319      19680 |  189   811 |     25240|       0.50      15.15|
Info:      26000 |     5542      20457 |  223   777 |     24820|       0.39      15.54|
Info:      27000 |     5719      21280 |  177   823 |     24221|       0.53      16.08|
Info:      28000 |     5932      22063 |  213   783 |     23549|       0.51      16.59|
Info:      29000 |     6231      22744 |  299   681 |     22944|       0.41      17.00|
Info:      30000 |     6554      23409 |  323   665 |     22436|       0.48      17.48|
Info:      31000 |     6848      24086 |  294   677 |     21842|       0.47      17.94|
Info:      32000 |     7080      24826 |  232   740 |     21392|       0.51      18.46|
Info:      33000 |     7379      25499 |  299   673 |     20957|       0.83      19.28|
Info:      34000 |     7647      26180 |  268   681 |     20340|       0.43      19.71|
Info:      35000 |     7853      26915 |  206   735 |     19747|       0.46      20.17|
Info:      36000 |     8101      27608 |  248   693 |     19091|       0.46      20.64|
Info:      37000 |     8295      28350 |  194   742 |     18460|       0.52      21.15|
Info:      38000 |     8546      29063 |  251   713 |     17925|       0.54      21.69|
Info:      39000 |     8791      29776 |  245   713 |     17395|       0.60      22.29|
Info:      40000 |     8966      30555 |  175   779 |     16677|       0.58      22.88|
Info:      41000 |     9154      31286 |  188   731 |     16012|       0.50      23.38|
Info:      42000 |     9398      32006 |  244   720 |     15538|       0.76      24.14|
Info:      43000 |     9598      32777 |  200   771 |     14934|       0.63      24.77|
Info:      44000 |     9759      33546 |  161   769 |     14347|       0.57      25.35|
Info:      45000 |     9973      34288 |  214   742 |     13892|       0.79      26.14|
Info:      46000 |    10137      35074 |  164   786 |     13565|       0.54      26.68|
Info:      47000 |    10290      35875 |  153   801 |     12802|       0.63      27.31|
Info:      48000 |    10490      36612 |  200   737 |     12168|       0.71      28.02|
Info:      49000 |    10759      37331 |  269   719 |     11730|       1.82      29.84|
Info:      50000 |    10936      38118 |  177   787 |     11170|       0.59      30.43|
Info:      51000 |    11116      38889 |  180   771 |     10483|       0.60      31.03|
Info:      52000 |    11319      39652 |  203   763 |     10067|       1.01      32.03|
Info:      53000 |    11483      40443 |  164   791 |      9524|       0.64      32.67|
Info:      54000 |    11627      41216 |  144   773 |      8765|       0.60      33.27|
Info:      55000 |    11873      41967 |  246   751 |      8497|       0.98      34.25|
Info:      56000 |    12223      42601 |  350   634 |      8333|       1.15      35.40|
Info:      57000 |    12472      43308 |  249   707 |      7788|       1.05      36.45|
Info:      58000 |    12614      44106 |  142   798 |      7013|       0.36      36.82|
Info:      59000 |    12904      44787 |  290   681 |      6542|       0.86      37.67|
Info:      60000 |    13241      45441 |  337   654 |      6359|       1.59      39.26|
Info:      61000 |    13549      46130 |  308   689 |      6077|       1.11      40.37|
Info:      62000 |    13699      46937 |  150   807 |      5358|       0.51      40.88|
Info:      63000 |    13970      47660 |  271   723 |      4773|       0.90      41.78|
Info:      64000 |    14403      48227 |  433   567 |      4593|       1.41      43.19|
Info:      65000 |    14769      48861 |  366   634 |      4391|       1.27      44.46|
Info:      66000 |    14972      49656 |  203   795 |      3688|       0.51      44.97|
Info:      67000 |    15325      50303 |  353   647 |      3485|       1.05      46.02|
Info:      68000 |    15619      51009 |  294   706 |      3292|       1.55      47.56|
Info:      69000 |    16061      51567 |  442   558 |      3150|       1.60      49.16|
Info:      70000 |    16522      52106 |  461   539 |      2971|       1.96      51.12|
Info:      71000 |    16812      52816 |  290   710 |      2509|       0.89      52.01|
Info:      72000 |    17079      53544 |  267   728 |      1978|       0.70      52.71|
Info:      73000 |    17318      54171 |  239   627 |      1386|       1.01      53.72|
Info:      74000 |    17476      54876 |  158   705 |       625|       0.80      54.52|
Info:      74882 |    17608      55504 |  132   628 |         0|       0.87      55.40|
Info: Routing complete.
Info: Router1 time 55.40s
Info: Checksum: 0x8398e6d7

Info: Critical path report for clock '$glbnet$sdram_clk$TRELLIS_IO_OUT' (posedge -> posedge):
Info:       type curr  total name
Info:   clk-to-q  0.40  0.40 Source u_arbiter_wide.m_addr_TRELLIS_FF_Q_25.Q
Info:    routing  1.06  1.46 Net u_arbiter_wide.m_addr[25] (25,8) -> (24,5)
Info:                          Sink u_sdram_backend.w_cache_valid[3]_PFUMX_C0_Z_LUT4_Z_1_D_LUT4_Z_1.A
Info:                          Defined in:
Info:                               hardware/v2/rtl/slot_mem_arbiter_wide.v:75.35-75.41
Info:      logic  0.18  1.64 Source u_sdram_backend.w_cache_valid[3]_PFUMX_C0_Z_LUT4_Z_1_D_LUT4_Z_1.F
Info:    routing  0.64  2.28 Net u_sdram_backend.w_cache_valid[3]_PFUMX_C0_Z_LUT4_Z_1_D[2] (24,5) -> (22,5)
Info:                          Sink u_sdram_backend.w_cache_valid[3]_PFUMX_C0_Z_LUT4_Z_1.D
Info:                          Defined in:
Info:                               /root/tools_cache/oss-cad-suite/lib/../share/yosys/lattice/cells_map_trellis.v:108.23-108.24
Info:      logic  0.18  2.46 Source u_sdram_backend.w_cache_valid[3]_PFUMX_C0_Z_LUT4_Z_1.F
Info:    routing  0.51  2.97 Net u_sdram_backend.w_cache_valid[3]_PFUMX_C0_Z[3] (22,5) -> (21,5)
Info:                          Sink u_sdram_backend.w_cache_valid[3]_PFUMX_C0_Z_LUT4_D.D
Info:                          Defined in:
Info:                               /root/tools_cache/oss-cad-suite/lib/../share/yosys/lattice/cells_map_trellis.v:108.23-108.24
Info:      logic  0.18  3.15 Source u_sdram_backend.w_cache_valid[3]_PFUMX_C0_Z_LUT4_D.F
Info:    routing  0.44  3.59 Net u_sdram_backend.w_cache_valid[3]_PFUMX_C0_Z_LUT4_D_Z[3] (21,5) -> (22,5)
Info:                          Sink u_sdram_backend.w_cache_valid[3]_PFUMX_C0_Z_LUT4_D_Z_LUT4_D.D
Info:                          Defined in:
Info:                               /root/tools_cache/oss-cad-suite/lib/../share/yosys/lattice/cells_map_trellis.v:108.23-108.24
Info:      logic  0.18  3.77 Source u_sdram_backend.w_cache_valid[3]_PFUMX_C0_Z_LUT4_D_Z_LUT4_D.F
Info:    routing  0.45  4.22 Net u_sdram_backend.w_cache_valid[3]_PFUMX_C0_Z_LUT4_D_Z_LUT4_D_Z[3] (22,5) -> (22,5)
Info:                          Sink u_sdram_backend.w_cache_valid[2]_LUT4_B_Z_LUT4_D_Z_LUT4_D_Z_LUT4_D_Z_LUT4_Z.D
Info:                          Defined in:
Info:                               /root/tools_cache/oss-cad-suite/lib/../share/yosys/lattice/cells_map_trellis.v:108.23-108.24
Info:      logic  0.18  4.40 Source u_sdram_backend.w_cache_valid[2]_LUT4_B_Z_LUT4_D_Z_LUT4_D_Z_LUT4_D_Z_LUT4_Z.F
Info:    routing  0.23  4.63 Net u_sdram_backend.w_cache_valid[2]_LUT4_B_Z_LUT4_D_Z_LUT4_D_Z_LUT4_D_Z[2] (22,5) -> (22,7)
Info:                          Sink u_sdram_backend.w_cache_valid[0]_LUT4_B_Z_LUT4_D_Z_LUT4_D_Z_LUT4_D_Z_LUT4_Z.D
Info:                          Defined in:
Info:                               /root/tools_cache/oss-cad-suite/lib/../share/yosys/lattice/cells_map_trellis.v:108.23-108.24
Info:      logic  0.18  4.81 Source u_sdram_backend.w_cache_valid[0]_LUT4_B_Z_LUT4_D_Z_LUT4_D_Z_LUT4_D_Z_LUT4_Z.F
Info:    routing  0.55  5.36 Net u_sdram_backend.w_cache_valid[0]_LUT4_B_Z_LUT4_D_Z_LUT4_D_Z_LUT4_D_Z[3] (22,7) -> (22,6)
Info:                          Sink u_sdram_backend.w_cache_hit_LUT4_Z.D
Info:                          Defined in:
Info:                               /root/tools_cache/oss-cad-suite/lib/../share/yosys/lattice/cells_map_trellis.v:108.23-108.24
Info:      logic  0.18  5.54 Source u_sdram_backend.w_cache_hit_LUT4_Z.F
Info:    routing  0.83  6.37 Net u_sdram_backend.w_alloc_ptr_TRELLIS_FF_Q_CE[0] (22,6) -> (17,4)
Info:                          Sink u_sdram_backend.w_cache_hit_LUT4_C.C
Info:                          Defined in:
Info:                               hardware/v2/nms/rtl/sdram_unified_backend.v:184.10-184.21
Info:      logic  0.18  6.55 Source u_sdram_backend.w_cache_hit_LUT4_C.F
Info:    routing  0.46  7.01 Net u_sdram_backend.w_cache_hit_LUT4_C_Z[0] (17,4) -> (17,4)
Info:                          Sink u_sdram_backend.ar_req_pending_TRELLIS_FF_Q_DI_LUT4_Z_D_LUT4_Z.C
Info:                          Defined in:
Info:                               /root/tools_cache/oss-cad-suite/lib/../share/yosys/lattice/cells_map_trellis.v:108.23-108.24
Info:      logic  0.18  7.19 Source u_sdram_backend.ar_req_pending_TRELLIS_FF_Q_DI_LUT4_Z_D_LUT4_Z.F
Info:    routing  1.73  8.92 Net u_sdram_backend.ar_req_pending_TRELLIS_FF_Q_DI_LUT4_Z_D[3] (17,4) -> (7,20)
Info:                          Sink u_sdram_backend.ar_req_pending_TRELLIS_FF_Q_DI_LUT4_Z_D_LUT4_D.D
Info:                          Defined in:
Info:                               /root/tools_cache/oss-cad-suite/lib/../share/yosys/lattice/cells_map_trellis.v:108.23-108.24
Info:      logic  0.18  9.10 Source u_sdram_backend.ar_req_pending_TRELLIS_FF_Q_DI_LUT4_Z_D_LUT4_D.F
Info:    routing  1.98  11.08 Net u_sdram_backend.ar_req_pending_TRELLIS_FF_Q_DI_LUT4_Z_D_LUT4_D_Z[3] (7,20) -> (7,59)
Info:                          Sink u_sdram_backend.ctrl_wdata_TRELLIS_FF_Q_7.CE
Info:                          Defined in:
Info:                               /root/tools_cache/oss-cad-suite/lib/../share/yosys/lattice/cells_map_trellis.v:108.23-108.24
Info:      setup  0.00  11.08 Source u_sdram_backend.ctrl_wdata_TRELLIS_FF_Q_7.CE
Info: 2.19 ns logic, 8.89 ns routing

Info: Critical path report for cross-domain path '<async>' -> 'posedge $glbnet$sdram_clk$TRELLIS_IO_OUT':
Info:       type curr  total name
Info:     source  0.00  0.00 Source sdram_dq[1]$tr_io.O
Info:    routing  3.06  3.06 Net sdram_dq[1]$TRELLIS_IO_IN (0,29) -> (13,7)
Info:                          Sink u_sdram_backend.ctrl_rdata_TRELLIS_FF_Q_97_DI_LUT4_Z_D_LUT4_Z.B
Info:                          Defined in:
Info:                               hardware/v2/nms/rtl/sdram_unified_backend.v:104.24-104.32
Info:      logic  0.18  3.24 Source u_sdram_backend.ctrl_rdata_TRELLIS_FF_Q_97_DI_LUT4_Z_D_LUT4_Z.F
Info:    routing  0.34  3.58 Net u_sdram_backend.ctrl_rdata_TRELLIS_FF_Q_97_DI_LUT4_Z_D[2] (13,7) -> (10,7)
Info:                          Sink u_sdram_backend.ctrl_rdata_TRELLIS_FF_Q_33_DI_LUT4_Z.D
Info:                          Defined in:
Info:                               /root/tools_cache/oss-cad-suite/lib/../share/yosys/lattice/cells_map_trellis.v:108.23-108.24
Info:      logic  0.18  3.76 Source u_sdram_backend.ctrl_rdata_TRELLIS_FF_Q_33_DI_LUT4_Z.F
Info:    routing  0.12  3.88 Net u_sdram_backend.ctrl_rdata_TRELLIS_FF_Q_33_DI (10,7) -> (10,7)
Info:                          Sink u_sdram_backend.ctrl_rdata_TRELLIS_FF_Q_33.DI
Info:      setup  0.00  3.88 Source u_sdram_backend.ctrl_rdata_TRELLIS_FF_Q_33.DI
Info: 0.36 ns logic, 3.52 ns routing

Info: Critical path report for cross-domain path 'posedge $glbnet$sdram_clk$TRELLIS_IO_OUT' -> '<async>':
Info:       type curr  total name
Info:   clk-to-q  0.40  0.40 Source u_spi_bridge.byte_idx_TRELLIS_FF_Q_3.Q
Info:    routing  0.96  1.35 Net u_spi_bridge.byte_idx[3] (19,50) -> (17,47)
Info:                          Sink u_spi_bridge.rx_valid_LUT4_D_Z_LUT4_Z_D_LUT4_Z_D_LUT4_Z.C
Info:                          Defined in:
Info:                               /root/tools_cache/oss-cad-suite/lib/../share/yosys/lattice/cells_map_trellis.v:108.23-108.24
Info:      logic  0.18  1.53 Source u_spi_bridge.rx_valid_LUT4_D_Z_LUT4_Z_D_LUT4_Z_D_LUT4_Z.F
Info:    routing  0.17  1.71 Net u_dataflow_core.reg_result_addr_TRELLIS_FF_Q_CE_LUT4_Z_C[0] (17,47) -> (17,47)
Info:                          Sink u_spi_bridge.rx_valid_LUT4_D_Z_LUT4_Z_D_LUT4_Z_D_LUT4_D.D
Info:                          Defined in:
Info:                               /root/tools_cache/oss-cad-suite/lib/../share/yosys/lattice/cells_map_trellis.v:108.23-108.24
Info:      logic  0.18  1.89 Source u_spi_bridge.rx_valid_LUT4_D_Z_LUT4_Z_D_LUT4_Z_D_LUT4_D.F
Info:    routing  1.18  3.07 Net u_spi_bridge.byte_idx_TRELLIS_FF_Q_DI_LUT4_Z_D[1] (17,47) -> (13,57)
Info:                          Sink spi_miso_LUT4_Z_C_LUT4_Z_1.D
Info:                          Defined in:
Info:                               /root/tools_cache/oss-cad-suite/lib/../share/yosys/lattice/cells_map_trellis.v:108.23-108.24
Info:      logic  0.18  3.25 Source spi_miso_LUT4_Z_C_LUT4_Z_1.F
Info:    routing  0.51  3.76 Net spi_miso_LUT4_Z_B[2] (13,57) -> (14,57)
Info:                          Sink spi_miso_LUT4_Z.C
Info:                          Defined in:
Info:                               /root/tools_cache/oss-cad-suite/lib/../share/yosys/lattice/cells_map_trellis.v:108.23-108.24
Info:      logic  0.18  3.93 Source spi_miso_LUT4_Z.F
Info:    routing  1.50  5.43 Net spi_miso$TRELLIS_IO_OUT (14,57) -> (0,62)
Info:                          Sink spi_miso$tr_io.I
Info:                          Defined in:
Info:                               hardware/v2/nms/rtl/fpga_neural_v2_top.v:55.17-55.25
Info: 1.12 ns logic, 4.32 ns routing

Info: Max frequency for clock '$glbnet$sdram_clk$TRELLIS_IO_OUT': 90.22 MHz (PASS at 64.00 MHz)

Info: Max delay <async>                                  -> posedge $glbnet$sdram_clk$TRELLIS_IO_OUT: 3.88 ns
Info: Max delay posedge $glbnet$sdram_clk$TRELLIS_IO_OUT -> <async>                                 : 5.43 ns

Info: Slack histogram:
Info:  legend: * represents 37 endpoint(s)
Info:          + represents [1,37) endpoint(s)
Info: [  4541,   5060) |+
Info: [  5060,   5579) |+
Info: [  5579,   6098) |+
Info: [  6098,   6617) |**+
Info: [  6617,   7136) |****+
Info: [  7136,   7655) |******+
Info: [  7655,   8174) |*********+
Info: [  8174,   8693) |**********+
Info: [  8693,   9212) |*************+
Info: [  9212,   9731) |**************+
Info: [  9731,  10250) |**************************+
Info: [ 10250,  10769) |***********************************+
Info: [ 10769,  11288) |****************************************+
Info: [ 11288,  11807) |******************************************+
Info: [ 11807,  12326) |************************************************+
Info: [ 12326,  12845) |***********************************************+
Info: [ 12845,  13364) |**********************************************+
Info: [ 13364,  13883) |**********************************************+
Info: [ 13883,  14402) |************************************************************ 
Info: [ 14402,  14921) |**********************************************+

Info: Program finished normally.
