Info: constraining clock net 'osc_clk' to 16.00 MHz

Info: Logic utilisation before packing:
Info:     Total LUT4s:     10172/43848    23%
Info:         logic LUTs:   5470/43848    12%
Info:         carry LUTs:   2764/43848     6%
Info:           RAM LUTs:   1292/ 5481    23%
Info:          RAMW LUTs:    646/10962     5%

Info:      Total DFFs:     11131/43848    25%

Info: Packing IOs..
Info: $sdram_dq[15]$iobuf_i: sdram_dq_$_TBUF__Y.Y
Info: pin 'sdram_dq[15]$tr_io' constrained to Bel 'X0/Y59/PIOB'.
Info: $sdram_dq[14]$iobuf_i: sdram_dq_$_TBUF__Y_15.Y
Info: pin 'sdram_dq[14]$tr_io' constrained to Bel 'X0/Y59/PIOC'.
Info: $sdram_dq[13]$iobuf_i: sdram_dq_$_TBUF__Y_14.Y
Info: pin 'sdram_dq[13]$tr_io' constrained to Bel 'X0/Y59/PIOA'.
Info: $sdram_dq[12]$iobuf_i: sdram_dq_$_TBUF__Y_13.Y
Info: pin 'sdram_dq[12]$tr_io' constrained to Bel 'X0/Y53/PIOA'.
Info: $sdram_dq[11]$iobuf_i: sdram_dq_$_TBUF__Y_12.Y
Info: pin 'sdram_dq[11]$tr_io' constrained to Bel 'X0/Y44/PIOD'.
Info: $sdram_dq[10]$iobuf_i: sdram_dq_$_TBUF__Y_11.Y
Info: pin 'sdram_dq[10]$tr_io' constrained to Bel 'X0/Y44/PIOC'.
Info: $sdram_dq[9]$iobuf_i: sdram_dq_$_TBUF__Y_10.Y
Info: pin 'sdram_dq[9]$tr_io' constrained to Bel 'X0/Y44/PIOA'.
Info: $sdram_dq[8]$iobuf_i: sdram_dq_$_TBUF__Y_9.Y
Info: pin 'sdram_dq[8]$tr_io' constrained to Bel 'X0/Y41/PIOD'.
Info: $sdram_dq[7]$iobuf_i: sdram_dq_$_TBUF__Y_8.Y
Info: pin 'sdram_dq[7]$tr_io' constrained to Bel 'X0/Y41/PIOB'.
Info: $sdram_dq[6]$iobuf_i: sdram_dq_$_TBUF__Y_7.Y
Info: pin 'sdram_dq[6]$tr_io' constrained to Bel 'X0/Y41/PIOC'.
Info: $sdram_dq[5]$iobuf_i: sdram_dq_$_TBUF__Y_6.Y
Info: pin 'sdram_dq[5]$tr_io' constrained to Bel 'X0/Y41/PIOA'.
Info: $sdram_dq[4]$iobuf_i: sdram_dq_$_TBUF__Y_5.Y
Info: pin 'sdram_dq[4]$tr_io' constrained to Bel 'X0/Y38/PIOD'.
Info: $sdram_dq[3]$iobuf_i: sdram_dq_$_TBUF__Y_4.Y
Info: pin 'sdram_dq[3]$tr_io' constrained to Bel 'X0/Y38/PIOB'.
Info: $sdram_dq[2]$iobuf_i: sdram_dq_$_TBUF__Y_3.Y
Info: pin 'sdram_dq[2]$tr_io' constrained to Bel 'X0/Y29/PIOD'.
Info: $sdram_dq[1]$iobuf_i: sdram_dq_$_TBUF__Y_2.Y
Info: pin 'sdram_dq[1]$tr_io' constrained to Bel 'X0/Y29/PIOB'.
Info: $sdram_dq[0]$iobuf_i: sdram_dq_$_TBUF__Y_1.Y
Info: pin 'sdram_dq[0]$tr_io' constrained to Bel 'X0/Y26/PIOD'.
Info: pin 'spi_sclk$tr_io' constrained to Bel 'X0/Y62/PIOC'.
Info: pin 'spi_mosi$tr_io' constrained to Bel 'X0/Y62/PIOB'.
Info: pin 'spi_miso$tr_io' constrained to Bel 'X0/Y62/PIOD'.
Info: pin 'spi_cs_n$tr_io' constrained to Bel 'X0/Y65/PIOA'.
Info: pin 'sdram_we_n$tr_io' constrained to Bel 'X0/Y14/PIOD'.
Info: pin 'sdram_ras_n$tr_io' constrained to Bel 'X0/Y14/PIOA'.
Info: pin 'sdram_dqm[1]$tr_io' constrained to Bel 'X0/Y62/PIOA'.
Info: pin 'sdram_dqm[0]$tr_io' constrained to Bel 'X0/Y59/PIOD'.
Info: pin 'sdram_cs_n$tr_io' constrained to Bel 'X0/Y11/PIOD'.
Info: pin 'sdram_clk$tr_io' constrained to Bel 'X0/Y38/PIOA'.
Info: pin 'sdram_cke$tr_io' constrained to Bel 'X0/Y11/PIOC'.
Info: pin 'sdram_cas_n$tr_io' constrained to Bel 'X0/Y14/PIOC'.
Info: pin 'sdram_ba[1]$tr_io' constrained to Bel 'X0/Y17/PIOC'.
Info: pin 'sdram_ba[0]$tr_io' constrained to Bel 'X0/Y17/PIOA'.
Info: pin 'sdram_a[12]$tr_io' constrained to Bel 'X0/Y35/PIOB'.
Info: pin 'sdram_a[11]$tr_io' constrained to Bel 'X0/Y26/PIOB'.
Info: pin 'sdram_a[10]$tr_io' constrained to Bel 'X0/Y26/PIOC'.
Info: pin 'sdram_a[9]$tr_io' constrained to Bel 'X0/Y26/PIOA'.
Info: pin 'sdram_a[8]$tr_io' constrained to Bel 'X0/Y23/PIOD'.
Info: pin 'sdram_a[7]$tr_io' constrained to Bel 'X0/Y23/PIOB'.
Info: pin 'sdram_a[6]$tr_io' constrained to Bel 'X0/Y23/PIOA'.
Info: pin 'sdram_a[5]$tr_io' constrained to Bel 'X0/Y20/PIOD'.
Info: pin 'sdram_a[4]$tr_io' constrained to Bel 'X0/Y20/PIOB'.
Info: pin 'sdram_a[3]$tr_io' constrained to Bel 'X0/Y20/PIOC'.
Info: pin 'sdram_a[2]$tr_io' constrained to Bel 'X0/Y20/PIOA'.
Info: pin 'sdram_a[1]$tr_io' constrained to Bel 'X0/Y17/PIOD'.
Info: pin 'sdram_a[0]$tr_io' constrained to Bel 'X0/Y17/PIOB'.
Info: pin 'pll_locked$tr_io' constrained to Bel 'X0/Y65/PIOC'.
Info: pin 'osc_clk$tr_io' constrained to Bel 'X0/Y29/PIOC'.
Info: pin 'ext_rst_n$tr_io' constrained to Bel 'X0/Y14/PIOB'.
Info: pin 'data_ready$tr_io' constrained to Bel 'X0/Y32/PIOA'.
Info: placed PLL 'u_pll.pll_i' at bel 'X1/Y4/EHXPLL_UL'
Info: Packing constants..
Info: Packing carries...
Info: Packing LUTs...
Info: Packing LUT5-7s...
Info: Packing FFs...
Info:     3843 FFs paired with LUTs.
Info: Generating derived timing constraints...
Info:     Input frequency of PLL 'u_pll.pll_i' is constrained to 16.0 MHz
Info:     Derived frequency constraint of 64.0 MHz for net sdram_clk$TRELLIS_IO_OUT
Info: Promoting globals...
Info:     promoting clock net sdram_clk$TRELLIS_IO_OUT to global network
Info: Checksum: 0x5b4afc76

Info: Device utilisation:
Info: 	          TRELLIS_IO:      47/    245    19%
Info: 	                DCCA:       1/     56     1%
Info: 	              DP16KD:       0/    108     0%
Info: 	          MULT18X18D:      64/     72    88%
Info: 	              ALU54B:       0/     36     0%
Info: 	             EHXPLLL:       1/      4    25%
Info: 	             EXTREFB:       0/      2     0%
Info: 	                DCUA:       0/      2     0%
Info: 	           PCSCLKDIV:       0/      2     0%
Info: 	             IOLOGIC:       0/    160     0%
Info: 	            SIOLOGIC:       0/     85     0%
Info: 	                 GSR:       0/      1     0%
Info: 	               JTAGG:       0/      1     0%
Info: 	                OSCG:       0/      1     0%
Info: 	               SEDGA:       0/      1     0%
Info: 	                 DTR:       0/      1     0%
Info: 	             USRMCLK:       0/      1     0%
Info: 	             CLKDIVF:       0/      4     0%
Info: 	           ECLKSYNCB:       0/     10     0%
Info: 	             DLLDELD:       0/      8     0%
Info: 	              DDRDLL:       0/      4     0%
Info: 	             DQSBUFM:       0/     10     0%
Info: 	     TRELLIS_ECLKBUF:       0/      8     0%
Info: 	        ECLKBRIDGECS:       0/      2     0%
Info: 	                DCSC:       0/      2     0%
Info: 	          TRELLIS_FF:   11131/  43848    25%
Info: 	        TRELLIS_COMB:   10982/  43848    25%
Info: 	        TRELLIS_RAMW:     323/   5481     5%

Info: Placed 48 cells based on constraints.
Info: Creating initial analytic placement for 12984 cells, random placement wirelen = 1051607.
Info:     at initial placer iter 0, wirelen = 5294
Info:     at initial placer iter 1, wirelen = 4716
Info:     at initial placer iter 2, wirelen = 4427
Info:     at initial placer iter 3, wirelen = 4435
Info: Running main analytical placer, max placement attempts per cell = 63557175.
Info:     at iteration #1, type ALL: wirelen solved = 4224, spread = 242922, legal = 275617; time = 2.48s
Info:     at iteration #2, type ALL: wirelen solved = 24444, spread = 175340, legal = 213056; time = 2.24s
Info:     at iteration #3, type ALL: wirelen solved = 35713, spread = 160437, legal = 195329; time = 2.18s
Info:     at iteration #4, type ALL: wirelen solved = 42143, spread = 151162, legal = 190860; time = 2.26s
Info:     at iteration #5, type ALL: wirelen solved = 44477, spread = 147291, legal = 193744; time = 2.35s
Info:     at iteration #6, type ALL: wirelen solved = 45257, spread = 146340, legal = 190511; time = 2.29s
Info:     at iteration #7, type ALL: wirelen solved = 47205, spread = 147779, legal = 186040; time = 2.26s
Info:     at iteration #8, type ALL: wirelen solved = 50041, spread = 144646, legal = 183984; time = 2.28s
Info:     at iteration #9, type ALL: wirelen solved = 50479, spread = 145756, legal = 183497; time = 2.20s
Info:     at iteration #10, type ALL: wirelen solved = 52570, spread = 145017, legal = 188177; time = 2.24s
Info:     at iteration #11, type ALL: wirelen solved = 53780, spread = 145261, legal = 184134; time = 2.17s
Info:     at iteration #12, type ALL: wirelen solved = 55230, spread = 145961, legal = 183312; time = 2.30s
Info:     at iteration #13, type ALL: wirelen solved = 56187, spread = 146117, legal = 186243; time = 2.17s
Info:     at iteration #14, type ALL: wirelen solved = 57732, spread = 147700, legal = 181610; time = 2.13s
Info:     at iteration #15, type ALL: wirelen solved = 58450, spread = 147745, legal = 183652; time = 2.14s
Info:     at iteration #16, type ALL: wirelen solved = 59707, spread = 148488, legal = 183686; time = 2.14s
Info:     at iteration #17, type ALL: wirelen solved = 60749, spread = 148677, legal = 183352; time = 2.14s
Info:     at iteration #18, type ALL: wirelen solved = 61830, spread = 149912, legal = 183454; time = 2.14s
Info:     at iteration #19, type ALL: wirelen solved = 63102, spread = 152211, legal = 182851; time = 2.09s
Info: HeAP Placer Time: 47.53s
Info:   of which solving equations: 9.02s
Info:   of which spreading cells: 1.68s
Info:   of which strict legalisation: 32.78s

Info: Running simulated annealing placer for refinement.
Info:   at iteration #1: temp = 0.000000, timing cost = 2675, wirelen = 181610
Info:   at iteration #5: temp = 0.000000, timing cost = 2793, wirelen = 172020
Info:   at iteration #10: temp = 0.000000, timing cost = 2604, wirelen = 169497
Info:   at iteration #15: temp = 0.000000, timing cost = 2426, wirelen = 168517
Info:   at iteration #20: temp = 0.000000, timing cost = 2378, wirelen = 168039
Info:   at iteration #25: temp = 0.000000, timing cost = 2364, wirelen = 167843
Info:   at iteration #30: temp = 0.000000, timing cost = 2341, wirelen = 167781
Info:   at iteration #34: temp = 0.000000, timing cost = 2348, wirelen = 167719 
Info: SA placement time 56.36s

Info: Max frequency for clock '$glbnet$sdram_clk$TRELLIS_IO_OUT': 61.84 MHz (FAIL at 64.00 MHz)

Info: Max delay <async>                                  -> posedge $glbnet$sdram_clk$TRELLIS_IO_OUT: 5.68 ns
Info: Max delay posedge $glbnet$sdram_clk$TRELLIS_IO_OUT -> <async>                                 : 7.69 ns

Info: Slack histogram:
Info:  legend: * represents 60 endpoint(s)
Info:          + represents [1,60) endpoint(s)
Info: [  -546,    234) |+
Info: [   234,   1014) |*+
Info: [  1014,   1794) |*+
Info: [  1794,   2574) |**+
Info: [  2574,   3354) |*****+
Info: [  3354,   4134) |*****+
Info: [  4134,   4914) |*******+
Info: [  4914,   5694) |******+
Info: [  5694,   6474) |********+
Info: [  6474,   7254) |*******************+
Info: [  7254,   8034) |********************************+
Info: [  8034,   8814) |****************************************************+
Info: [  8814,   9594) |**********************************************+
Info: [  9594,  10374) |*******************************************+
Info: [ 10374,  11154) |*************************************+
Info: [ 11154,  11934) |*********************************+
Info: [ 11934,  12714) |*********************************************************+
Info: [ 12714,  13494) |************************************************************ 
Info: [ 13494,  14274) |*******************************************************+
Info: [ 14274,  15054) |******************************************************+
Info: Checksum: 0xa05dc6f6
Info: Routing globals...
Info:     routing clock net $glbnet$sdram_clk$TRELLIS_IO_OUT using global 0

Info: Routing..
Info: Setting up routing queue.
Info: Routing 60482 arcs.
Info:            |   (re-)routed arcs  |   delta    | remaining|       time spent     |
Info:    IterCnt |  w/ripup   wo/ripup |  w/r  wo/r |      arcs| batch(sec) total(sec)|
Info:       1000 |      728        271 |  728   271 |     60342|       1.89       1.89|
Info:       2000 |     1458        541 |  730   270 |     60240|       0.80       2.69|
Info:       3000 |     2061        938 |  603   397 |     60084|       1.38       4.07|
Info:       4000 |     2577       1422 |  516   484 |     59953|       1.14       5.21|
Info:       5000 |     3123       1876 |  546   454 |     59824|       1.26       6.47|
Info:       6000 |     3667       2332 |  544   456 |     59691|       1.38       7.85|
Info:       7000 |     4235       2764 |  568   432 |     59517|       1.35       9.20|
Info:       8000 |     4766       3233 |  531   469 |     59391|       1.58      10.78|
Info:       9000 |     5214       3785 |  448   552 |     59255|       1.79      12.56|
Info:      10000 |     5763       4236 |  549   451 |     59118|       1.85      14.42|
Info:      11000 |     6217       4782 |  454   546 |     58983|       1.54      15.96|
Info:      12000 |     6660       5339 |  443   557 |     58826|       2.42      18.38|
Info:      13000 |     7019       5980 |  359   641 |     58567|       2.14      20.52|
Info:      14000 |     7296       6703 |  277   723 |     58219|       2.83      23.35|
Info:      15000 |     7490       7509 |  194   806 |     57697|       0.83      24.18|
Info:      16000 |     7676       8323 |  186   814 |     57052|       1.25      25.43|
Info:      17000 |     7933       9066 |  257   743 |     56565|       1.62      27.05|
Info:      18000 |     8140       9859 |  207   793 |     55921|       1.23      28.28|
Info:      19000 |     8281      10718 |  141   859 |     55196|       1.25      29.53|
Info:      20000 |     8445      11554 |  164   836 |     54466|       1.03      30.56|
Info:      21000 |     8671      12328 |  226   774 |     53855|       1.57      32.13|
Info:      22000 |     8829      13170 |  158   842 |     53108|       1.05      33.18|
Info:      23000 |     8936      14063 |  107   893 |     52862|       0.56      33.74|
Info:      24000 |     9105      14894 |  169   831 |     52312|       1.19      34.93|
Info:      25000 |     9208      15791 |  103   897 |     51562|       0.83      35.76|
Info:      26000 |     9402      16597 |  194   806 |     50966|       1.45      37.21|
Info:      27000 |     9503      17496 |  101   899 |     50176|       0.83      38.04|
Info:      28000 |     9599      18400 |   96   904 |     49467|       0.60      38.64|
Info:      29000 |     9706      19293 |  107   893 |     48754|       0.66      39.29|
Info:      30000 |     9831      20168 |  125   875 |     48186|       0.61      39.90|
Info:      31000 |     9939      21060 |  108   892 |     47606|       0.80      40.69|
Info:      32000 |    10079      21920 |  140   860 |     46940|       0.72      41.42|
Info:      33000 |    10219      22780 |  140   860 |     46199|       0.82      42.24|
Info:      34000 |    10342      23657 |  123   877 |     45782|       0.83      43.07|
Info:      35000 |    10478      24521 |  136   864 |     45160|       0.68      43.75|
Info:      36000 |    10632      25367 |  154   846 |     44615|       1.36      45.10|
Info:      37000 |    10789      26210 |  157   843 |     44143|       0.90      46.01|
Info:      38000 |    10917      27082 |  128   872 |     43587|       0.84      46.85|
Info:      39000 |    11044      27955 |  127   873 |     42970|       0.81      47.66|
Info:      40000 |    11249      28750 |  205   795 |     42451|       1.36      49.01|
Info:      41000 |    11446      29553 |  197   803 |     42016|       0.91      49.92|
Info:      42000 |    11633      30366 |  187   813 |     41466|       0.91      50.83|
Info:      43000 |    11795      31204 |  162   838 |     40875|       0.69      51.52|
Info:      44000 |    11984      32015 |  189   811 |     40231|       1.29      52.81|
Info:      45000 |    12195      32804 |  211   789 |     39747|       0.87      53.69|
Info:      46000 |    12344      33655 |  149   851 |     39196|       0.78      54.46|
Info:      47000 |    12552      34447 |  208   792 |     38783|       0.77      55.23|
Info:      48000 |    12764      35235 |  212   788 |     38256|       1.01      56.24|
Info:      49000 |    13003      35996 |  239   761 |     38036|       1.34      57.58|
Info:      50000 |    13167      36832 |  164   836 |     37544|       0.78      58.36|
Info:      51000 |    13437      37562 |  270   730 |     37157|       1.29      59.65|
Info:      52000 |    13651      38348 |  214   786 |     36599|       0.79      60.44|
Info:      53000 |    13914      39085 |  263   737 |     36306|       1.53      61.98|
Info:      54000 |    14101      39898 |  187   813 |     35759|       0.72      62.69|
Info:      55000 |    14384      40615 |  283   717 |     35520|       1.48      64.17|
Info:      56000 |    14608      41390 |  224   775 |     34943|       0.84      65.01|
Info:      57000 |    14951      42046 |  343   656 |     34555|       1.27      66.28|
Info:      58000 |    15197      42800 |  246   754 |     34178|       0.93      67.21|
Info:      59000 |    15393      43604 |  196   804 |     33722|       0.93      68.14|
Info:      60000 |    15658      44338 |  265   734 |     33205|       0.97      69.12|
Info:      61000 |    15927      45068 |  269   730 |     32933|       1.14      70.25|
Info:      62000 |    16195      45797 |  268   729 |     32656|       1.05      71.30|
Info:      63000 |    16353      46639 |  158   842 |     32654|       1.51      72.81|
Info:      64000 |    16587      47402 |  234   763 |     32387|       1.37      74.18|
Info:      65000 |    16893      48086 |  306   684 |     32009|       0.88      75.07|
Info:      66000 |    17157      48821 |  264   735 |     31846|       1.25      76.32|
Info:      67000 |    17428      49548 |  271   727 |     31653|       1.16      77.48|
Info:      68000 |    17736      50236 |  308   688 |     31321|       1.03      78.51|
Info:      69000 |    17995      50959 |  259   723 |     31077|       1.20      79.71|
Info:      70000 |    18360      51590 |  365   631 |     30910|       1.85      81.56|
Info:      71000 |    18630      52295 |  270   705 |     30401|       0.97      82.53|
Info:      72000 |    18880      53005 |  250   710 |     29878|       0.95      83.48|
Info:      73000 |    19106      53754 |  226   749 |     29261|       1.03      84.51|
Info:      74000 |    19459      54381 |  353   627 |     28871|       1.18      85.69|
Info:      75000 |    19760      55045 |  301   664 |     28543|       1.27      86.97|
Info:      76000 |    20035      55712 |  275   667 |     28031|       1.11      88.08|
Info:      77000 |    20348      56399 |  313   687 |     27991|       1.32      89.40|
Info:      78000 |    20619      57105 |  271   706 |     27756|       1.62      91.02|
Info:      79000 |    20888      57791 |  269   686 |     27244|       1.15      92.16|
Info:      80000 |    21159      58517 |  271   726 |     27198|       1.39      93.55|
Info:      81000 |    21514      59148 |  355   631 |     26837|       1.46      95.01|
Info:      82000 |    21792      59854 |  278   706 |     26656|       1.33      96.34|
Info:      83000 |    22102      60508 |  310   654 |     26377|       1.17      97.51|
Info:      84000 |    22368      61225 |  266   717 |     25955|       1.79      99.30|
Info:      85000 |    22662      61921 |  294   696 |     25834|       1.92     101.22|
Info:      86000 |    22981      62598 |  319   677 |     25683|       1.66     102.88|
Info:      87000 |    23268      63282 |  287   684 |     25343|       1.63     104.50|
Info:      88000 |    23530      63998 |  262   716 |     24956|       1.46     105.96|
Info:      89000 |    23825      64687 |  295   689 |     24691|       1.73     107.69|
Info:      90000 |    24082      65430 |  257   743 |     24597|       1.75     109.44|
Info:      91000 |    24332      66144 |  250   714 |     24133|       0.91     110.34|
Info:      92000 |    24584      66850 |  252   706 |     23653|       1.11     111.45|
Info:      93000 |    24813      67607 |  229   757 |     23510|       2.17     113.62|
Info:      94000 |    25073      68334 |  260   727 |     23300|       1.97     115.59|
Info:      95000 |    25315      69062 |  242   728 |     22823|       1.19     116.78|
Info:      96000 |    25560      69769 |  245   707 |     22183|       0.97     117.74|
Info:      97000 |    25792      70479 |  232   710 |     21533|       1.11     118.85|
Info:      98000 |    26042      71192 |  250   713 |     21460|       1.21     120.06|
Info:      99000 |    26291      71936 |  249   744 |     21117|       1.41     121.47|
Info:     100000 |    26615      72600 |  324   664 |     20849|       1.94     123.41|
Info:     101000 |    26865      73350 |  250   750 |     20884|       1.51     124.92|
Info:     102000 |    27211      73970 |  346   620 |     20486|       2.58     127.50|
Info:     103000 |    27473      74678 |  262   708 |     20041|       0.84     128.34|
Info:     104000 |    27717      75424 |  244   746 |     19498|       0.99     129.34|
Info:     105000 |    27971      76168 |  254   744 |     19350|       2.06     131.39|
Info:     106000 |    28229      76873 |  258   705 |     18778|       1.03     132.43|
Info:     107000 |    28458      77644 |  229   771 |     18806|       1.58     134.01|
Info:     108000 |    28781      78318 |  323   674 |     18655|       2.35     136.36|
Info:     109000 |    29125      78960 |  344   642 |     18404|       1.79     138.15|
Info:     110000 |    29519      79566 |  394   606 |     18338|       2.28     140.43|
Info:     111000 |    29852      80232 |  333   666 |     18092|       1.90     142.33|
Info:     112000 |    30073      80990 |  221   758 |     17551|       0.83     143.16|
Info:     113000 |    30306      81755 |  233   765 |     17181|       1.04     144.19|
Info:     114000 |    30677      82383 |  371   628 |     17153|       1.76     145.95|
Info:     115000 |    31037      83023 |  360   640 |     17111|       1.98     147.93|
Info:     116000 |    31415      83645 |  378   622 |     17052|       3.22     151.15|
Info:     117000 |    31763      84294 |  348   649 |     16889|       2.55     153.71|
Info:     118000 |    32038      84966 |  275   672 |     16370|       1.07     154.78|
Info:     119000 |    32319      85682 |  281   716 |     16087|       1.52     156.30|
Info:     120000 |    32621      86378 |  302   696 |     15685|       1.59     157.89|
Info:     121000 |    32975      87024 |  354   646 |     15676|       2.02     159.91|
Info:     122000 |    33256      87718 |  281   694 |     15488|       1.71     161.61|
Info:     123000 |    33420      88486 |  164   768 |     14769|       0.90     162.51|
Info:     124000 |    33725      89150 |  305   664 |     14477|       1.75     164.26|
Info:     125000 |    34047      89827 |  322   677 |     14398|       1.79     166.05|
Info:     126000 |    34256      90591 |  209   764 |     13966|       1.15     167.20|
Info:     127000 |    34461      91316 |  205   725 |     13259|       0.84     168.04|
Info:     128000 |    34827      91930 |  366   614 |     13099|       1.76     169.80|
Info:     129000 |    35170      92587 |  343   657 |     13068|       2.43     172.23|
Info:     130000 |    35470      93272 |  300   685 |     12665|       1.50     173.74|
Info:     131000 |    35879      93863 |  409   591 |     12614|       2.25     175.99|
Info:     132000 |    36236      94506 |  357   643 |     12514|       1.79     177.77|
Info:     133000 |    36677      95065 |  441   559 |     12500|       1.98     179.75|
Info:     134000 |    36951      95791 |  274   726 |     12310|       1.62     181.37|
Info:     135000 |    37143      96535 |  192   744 |     11685|       1.06     182.43|
Info:     136000 |    37262      97358 |  119   823 |     10867|       0.59     183.02|
Info:     137000 |    37462      98058 |  200   700 |     10237|       1.03     184.05|
Info:     138000 |    37754      98714 |  292   656 |     10064|       1.62     185.67|
Info:     139000 |    38102      99366 |  348   652 |      9868|       2.31     187.98|
Info:     140000 |    38443     100023 |  341   657 |      9767|       2.25     190.23|
Info:     141000 |    38797     100662 |  354   639 |      9715|       1.64     191.86|
Info:     142000 |    39199     101260 |  402   598 |      9612|       2.77     194.63|
Info:     143000 |    39650     101809 |  451   549 |      9461|       3.10     197.74|
Info:     144000 |    39998     102461 |  348   652 |      9389|       2.19     199.93|
Info:     145000 |    40343     103116 |  345   655 |      9367|       1.89     201.82|
Info:     146000 |    40792     103667 |  449   551 |      9309|       2.95     204.77|
Info:     147000 |    41163     104296 |  371   629 |      9250|       2.38     207.16|
Info:     148000 |    41632     104827 |  469   531 |      9263|       2.46     209.62|
Info:     149000 |    41909     105504 |  277   677 |      8911|       1.74     211.36|
Info:     150000 |    42090     106304 |  181   800 |      8189|       0.77     212.14|
Info:     151000 |    42363     107018 |  273   714 |      7878|       1.89     214.03|
Info:     152000 |    42629     107744 |  266   726 |      7371|       1.22     215.25|
Info:     153000 |    43099     108274 |  470   530 |      7398|       2.61     217.86|
Info:     154000 |    43577     108796 |  478   522 |      7215|       2.61     220.48|
Info:     155000 |    44026     109347 |  449   551 |      7098|       2.63     223.11|
Info:     156000 |    44489     109884 |  463   537 |      6947|       3.32     226.43|
Info:     157000 |    44956     110417 |  467   533 |      6833|       2.58     229.01|
Info:     158000 |    45433     110940 |  477   523 |      6829|       2.68     231.69|
Info:     159000 |    45843     111530 |  410   590 |      6751|       2.16     233.85|
Info:     160000 |    46227     112146 |  384   616 |      6606|       1.74     235.59|
Info:     161000 |    46551     112822 |  324   676 |      6519|       1.46     237.05|
Info:     162000 |    46900     113465 |  349   643 |      6251|       2.36     239.41|
Info:     163000 |    47112     114253 |  212   788 |      6241|       1.77     241.18|
Info:     164000 |    47384     114981 |  272   728 |      5907|       2.24     243.43|
Info:     165000 |    47827     115538 |  443   557 |      5854|       2.33     245.76|
Info:     166000 |    48154     116211 |  327   673 |      5721|       2.16     247.92|
Info:     167000 |    48367     116998 |  213   787 |      5109|       1.48     249.39|
Info:     168000 |    48877     117488 |  510   490 |      5016|       2.42     251.81|
Info:     169000 |    49354     118011 |  477   523 |      4962|       2.20     254.01|
Info:     170000 |    49802     118563 |  448   552 |      4849|       2.96     256.96|
Info:     171000 |    50239     119126 |  437   563 |      4805|       2.41     259.37|
Info:     172000 |    50739     119626 |  500   500 |      4686|       2.75     262.12|
Info:     173000 |    51202     120163 |  463   537 |      4673|       4.08     266.20|
Info:     174000 |    51582     120783 |  380   620 |      4877|       3.20     269.40|
Info:     175000 |    51979     121386 |  397   603 |      4616|       2.72     272.12|
Info:     176000 |    52516     121849 |  537   463 |      4565|       3.12     275.24|
Info:     177000 |    52911     122454 |  395   605 |      4590|       3.45     278.68|
Info:     178000 |    53338     123027 |  427   573 |      4535|       2.89     281.57|
Info:     179000 |    53823     123542 |  485   515 |      4421|       2.88     284.45|
Info:     180000 |    54311     124054 |  488   512 |      4331|       2.59     287.04|
Info:     181000 |    54494     124871 |  183   817 |      4448|       2.66     289.70|
Info:     182000 |    54880     125485 |  386   614 |      4346|       3.05     292.74|
Info:     183000 |    55396     125969 |  516   484 |      4241|       3.85     296.60|
Info:     184000 |    55962     126403 |  566   434 |      4164|       4.77     301.37|
Info:     185000 |    56311     127054 |  349   651 |      3687|       2.05     303.42|
Info:     186000 |    56805     127560 |  494   506 |      3828|       3.09     306.51|
Info:     187000 |    57210     128155 |  405   595 |      3716|       2.74     309.25|
Info:     188000 |    57673     128692 |  463   537 |      3629|       3.40     312.65|
Info:     189000 |    58148     129217 |  475   525 |      3543|       3.09     315.73|
Info:     190000 |    58545     129820 |  397   603 |      3463|       2.37     318.11|
Info:     191000 |    58903     130462 |  358   642 |      3167|       1.79     319.90|
Info:     192000 |    59165     131157 |  262   695 |      2662|       1.54     321.44|
Info:     193000 |    59533     131763 |  368   606 |      2575|       3.58     325.02|
Info:     194000 |    59849     132378 |  316   615 |      2192|       2.69     327.72|
Info:     195000 |    60238     132989 |  389   611 |      2334|       3.35     331.06|
Info:     196000 |    60652     133575 |  414   586 |      2301|       3.56     334.62|
Info:     197000 |    61063     134164 |  411   589 |      2194|       3.38     338.00|
Info:     198000 |    61350     134829 |  287   665 |      1894|       2.56     340.57|
Info:     199000 |    61604     135481 |  254   652 |      1340|       1.98     342.55|
Info:     200000 |    61884     136201 |  280   720 |      1476|       2.00     344.54|
Info:     201000 |    62331     136754 |  447   553 |      1370|       2.18     346.72|
Info:     202000 |    62674     137411 |  343   657 |      1362|       2.51     349.23|
Info:     203000 |    62902     138086 |  228   675 |       788|       2.09     351.32|
Info:     204000 |    63253     138688 |  351   602 |       632|       3.12     354.44|
Info:     205000 |    63580     139332 |  327   644 |       343|       3.17     357.61|
Info:     206000 |    63898     140014 |  318   682 |       941|       1.50     359.10|
Info:     207000 |    64073     140831 |  175   817 |       281|       1.88     360.98|
Info:     207539 |    64231     141162 |  158   331 |         0|       1.78     362.77|
Info: Routing complete.
Info: Router1 time 362.77s
Info: Checksum: 0xaec46d60

Info: Critical path report for clock '$glbnet$sdram_clk$TRELLIS_IO_OUT' (posedge -> posedge):
Info:       type curr  total name
Info:   clk-to-q  0.40  0.40 Source u_arbiter_wide.m_addr_TRELLIS_FF_Q_15.Q
Info:    routing  1.35  1.75 Net u_arbiter_wide.m_addr[15] (31,12) -> (33,2)
Info:                          Sink u_sdram_backend.w_cache_valid[2]_LUT4_A_D_LUT4_Z.B
Info:                          Defined in:
Info:                               hardware/v2/rtl/slot_mem_arbiter_wide.v:75.35-75.41
Info:      logic  0.18  1.92 Source u_sdram_backend.w_cache_valid[2]_LUT4_A_D_LUT4_Z.F
Info:    routing  0.45  2.38 Net u_sdram_backend.w_cache_valid[2]_LUT4_A_D[3] (33,2) -> (33,2)
Info:                          Sink u_sdram_backend.w_cache_valid[2]_LUT4_A.D
Info:                          Defined in:
Info:                               /root/tools_cache/oss-cad-suite/lib/../share/yosys/lattice/cells_map_trellis.v:108.23-108.24
Info:      logic  0.18  2.56 Source u_sdram_backend.w_cache_valid[2]_LUT4_A.F
Info:    routing  0.51  3.07 Net u_sdram_backend.w_cache_valid[2]_LUT4_A_Z[1] (33,2) -> (32,2)
Info:                          Sink u_sdram_backend.w_cache_valid[2]_LUT4_A_Z_LUT4_D.B
Info:                          Defined in:
Info:                               /root/tools_cache/oss-cad-suite/lib/../share/yosys/lattice/cells_map_trellis.v:108.23-108.24
Info:      logic  0.18  3.25 Source u_sdram_backend.w_cache_valid[2]_LUT4_A_Z_LUT4_D.F
Info:    routing  0.93  4.18 Net u_sdram_backend.w_cache_valid[2]_LUT4_A_Z_LUT4_D_Z[2] (32,2) -> (32,6)
Info:                          Sink u_sdram_backend.w_cache_valid[2]_LUT4_A_Z_LUT4_D_Z_LUT4_D.C
Info:                          Defined in:
Info:                               /root/tools_cache/oss-cad-suite/lib/../share/yosys/lattice/cells_map_trellis.v:108.23-108.24
Info:      logic  0.18  4.36 Source u_sdram_backend.w_cache_valid[2]_LUT4_A_Z_LUT4_D_Z_LUT4_D.F
Info:    routing  1.09  5.45 Net u_sdram_backend.w_cache_valid[2]_LUT4_A_Z_LUT4_D_Z_LUT4_D_Z[0] (32,6) -> (19,9)
Info:                          Sink u_sdram_backend.w_cache_valid[0]_LUT4_A_Z_LUT4_D_Z_LUT4_D_Z_LUT4_D_Z_LUT4_Z.C
Info:                          Defined in:
Info:                               /root/tools_cache/oss-cad-suite/lib/../share/yosys/lattice/cells_map_trellis.v:108.23-108.24
Info:      logic  0.18  5.63 Source u_sdram_backend.w_cache_valid[0]_LUT4_A_Z_LUT4_D_Z_LUT4_D_Z_LUT4_D_Z_LUT4_Z.F
Info:    routing  1.04  6.67 Net u_sdram_backend.w_cache_hit_LUT4_B_Z[3] (19,9) -> (25,6)
Info:                          Sink u_sdram_backend.w_cache_hit_LUT4_Z.D
Info:                          Defined in:
Info:                               /root/tools_cache/oss-cad-suite/lib/../share/yosys/lattice/cells_map_trellis.v:108.23-108.24
Info:      logic  0.18  6.85 Source u_sdram_backend.w_cache_hit_LUT4_Z.F
Info:    routing  0.79  7.64 Net u_sdram_backend.w_alloc_ptr_TRELLIS_FF_Q_CE[0] (25,6) -> (25,2)
Info:                          Sink u_sdram_backend.w_cache_hit_LUT4_C.C
Info:                          Defined in:
Info:                               hardware/v2/nms/rtl/sdram_unified_backend.v:184.10-184.21
Info:      logic  0.18  7.82 Source u_sdram_backend.w_cache_hit_LUT4_C.F
Info:    routing  0.49  8.31 Net u_sdram_backend.w_cache_hit_LUT4_C_Z[0] (25,2) -> (25,2)
Info:                          Sink u_sdram_backend.ar_req_pending_TRELLIS_FF_Q_DI_LUT4_Z_D_LUT4_Z.C
Info:                          Defined in:
Info:                               /root/tools_cache/oss-cad-suite/lib/../share/yosys/lattice/cells_map_trellis.v:108.23-108.24
Info:      logic  0.18  8.49 Source u_sdram_backend.ar_req_pending_TRELLIS_FF_Q_DI_LUT4_Z_D_LUT4_Z.F
Info:    routing  1.04  9.52 Net u_sdram_backend.ar_req_pending_TRELLIS_FF_Q_DI_LUT4_Z_D[3] (25,2) -> (21,7)
Info:                          Sink u_sdram_backend.ar_req_pending_TRELLIS_FF_Q_DI_LUT4_Z_D_LUT4_D.D
Info:                          Defined in:
Info:                               /root/tools_cache/oss-cad-suite/lib/../share/yosys/lattice/cells_map_trellis.v:108.23-108.24
Info:      logic  0.18  9.70 Source u_sdram_backend.ar_req_pending_TRELLIS_FF_Q_DI_LUT4_Z_D_LUT4_D.F
Info:    routing  2.58  12.28 Net u_sdram_backend.ar_req_pending_TRELLIS_FF_Q_DI_LUT4_Z_D_LUT4_D_Z[3] (21,7) -> (21,53)
Info:                          Sink u_sdram_backend.ctrl_wdata_TRELLIS_FF_Q_15.CE
Info:                          Defined in:
Info:                               /root/tools_cache/oss-cad-suite/lib/../share/yosys/lattice/cells_map_trellis.v:108.23-108.24
Info:      setup  0.00  12.28 Source u_sdram_backend.ctrl_wdata_TRELLIS_FF_Q_15.CE
Info: 2.02 ns logic, 10.27 ns routing

Info: Critical path report for cross-domain path '<async>' -> 'posedge $glbnet$sdram_clk$TRELLIS_IO_OUT':
Info:       type curr  total name
Info:     source  0.00  0.00 Source sdram_dq[2]$tr_io.O
Info:    routing  3.59  3.59 Net sdram_dq[2]$TRELLIS_IO_IN (0,29) -> (23,2)
Info:                          Sink u_sdram_backend.ctrl_rdata_TRELLIS_FF_Q_50_DI_LUT4_Z_D_LUT4_Z.C
Info:                          Defined in:
Info:                               hardware/v2/nms/rtl/sdram_unified_backend.v:104.24-104.32
Info:      logic  0.18  3.77 Source u_sdram_backend.ctrl_rdata_TRELLIS_FF_Q_50_DI_LUT4_Z_D_LUT4_Z.F
Info:    routing  0.85  4.62 Net u_sdram_backend.ctrl_rdata_TRELLIS_FF_Q_50_DI_LUT4_Z_D[2] (23,2) -> (22,4)
Info:                          Sink u_sdram_backend.ctrl_rdata_TRELLIS_FF_Q_114_DI_LUT4_Z.D
Info:                          Defined in:
Info:                               /root/tools_cache/oss-cad-suite/lib/../share/yosys/lattice/cells_map_trellis.v:108.23-108.24
Info:      logic  0.18  4.80 Source u_sdram_backend.ctrl_rdata_TRELLIS_FF_Q_114_DI_LUT4_Z.F
Info:    routing  0.12  4.92 Net u_sdram_backend.ctrl_rdata_TRELLIS_FF_Q_114_DI (22,4) -> (22,4)
Info:                          Sink u_sdram_backend.ctrl_rdata_TRELLIS_FF_Q_114.DI
Info:      setup  0.00  4.92 Source u_sdram_backend.ctrl_rdata_TRELLIS_FF_Q_114.DI
Info: 0.36 ns logic, 4.56 ns routing

Info: Critical path report for cross-domain path 'posedge $glbnet$sdram_clk$TRELLIS_IO_OUT' -> '<async>':
Info:       type curr  total name
Info:   clk-to-q  0.40  0.40 Source u_spi_bridge.byte_idx_TRELLIS_FF_Q_2.Q
Info:    routing  1.01  1.41 Net u_spi_bridge.byte_idx[2] (29,52) -> (29,45)
Info:                          Sink u_spi_bridge.rx_valid_LUT4_D_Z_LUT4_Z_1_D_LUT4_Z.D
Info:                          Defined in:
Info:                               /root/tools_cache/oss-cad-suite/lib/../share/yosys/lattice/cells_map_trellis.v:108.23-108.24
Info:      logic  0.18  1.59 Source u_spi_bridge.rx_valid_LUT4_D_Z_LUT4_Z_1_D_LUT4_Z.F
Info:    routing  0.49  2.08 Net u_dataflow_core.reg_required_TRELLIS_FF_Q_CE_LUT4_Z_C[0] (29,45) -> (29,45)
Info:                          Sink u_spi_bridge.rx_valid_LUT4_D_Z_LUT4_Z_1.D
Info:                          Defined in:
Info:                               /root/tools_cache/oss-cad-suite/lib/../share/yosys/lattice/cells_map_trellis.v:108.23-108.24
Info:      logic  0.18  2.26 Source u_spi_bridge.rx_valid_LUT4_D_Z_LUT4_Z_1.F
Info:    routing  1.64  3.89 Net spi_miso_LUT4_Z_D_LUT4_D_Z_LUT4_Z_C[3] (29,45) -> (23,55)
Info:                          Sink spi_miso_LUT4_Z_D_LUT4_Z.D
Info:                          Defined in:
Info:                               /root/tools_cache/oss-cad-suite/lib/../share/yosys/lattice/cells_map_trellis.v:108.23-108.24
Info:      logic  0.18  4.07 Source spi_miso_LUT4_Z_D_LUT4_Z.F
Info:    routing  0.51  4.58 Net spi_miso_LUT4_Z_B[3] (23,55) -> (24,56)
Info:                          Sink spi_miso_LUT4_Z.D
Info:                          Defined in:
Info:                               /root/tools_cache/oss-cad-suite/lib/../share/yosys/lattice/cells_map_trellis.v:108.23-108.24
Info:      logic  0.18  4.76 Source spi_miso_LUT4_Z.F
Info:    routing  1.86  6.62 Net spi_miso$TRELLIS_IO_OUT (24,56) -> (0,62)
Info:                          Sink spi_miso$tr_io.I
Info:                          Defined in:
Info:                               hardware/v2/nms/rtl/fpga_neural_v2_top.v:55.17-55.25
Info: 1.12 ns logic, 5.50 ns routing

Info: Max frequency for clock '$glbnet$sdram_clk$TRELLIS_IO_OUT': 81.41 MHz (PASS at 64.00 MHz)

Info: Max delay <async>                                  -> posedge $glbnet$sdram_clk$TRELLIS_IO_OUT: 4.92 ns
Info: Max delay posedge $glbnet$sdram_clk$TRELLIS_IO_OUT -> <async>                                 : 6.62 ns

Info: Slack histogram:
Info:  legend: * represents 56 endpoint(s)
Info:          + represents [1,56) endpoint(s)
Info: [  3341,   3920) |+
Info: [  3920,   4499) |+
Info: [  4499,   5078) |***+
Info: [  5078,   5657) |*****+
Info: [  5657,   6236) |*****+
Info: [  6236,   6815) |******+
Info: [  6815,   7394) |*******+
Info: [  7394,   7973) |*********+
Info: [  7973,   8552) |*************+
Info: [  8552,   9131) |**********************+
Info: [  9131,   9710) |********************************+
Info: [  9710,  10289) |****************************************+
Info: [ 10289,  10868) |*********************************************+
Info: [ 10868,  11447) |************************************************+
Info: [ 11447,  12026) |**************************************************+
Info: [ 12026,  12605) |***************************************************+
Info: [ 12605,  13184) |******************************************************+
Info: [ 13184,  13763) |********************************************************+
Info: [ 13763,  14342) |************************************************************ 
Info: [ 14342,  14921) |******************************************************+

Info: Program finished normally.
