Info: constraining clock net 'osc_clk' to 16.00 MHz

Info: Logic utilisation before packing:
Info:     Total LUT4s:     10172/43848    23%
Info:         logic LUTs:   5470/43848    12%
Info:         carry LUTs:   2764/43848     6%
Info:           RAM LUTs:   1292/ 5481    23%
Info:          RAMW LUTs:    646/10962     5%

Info:      Total DFFs:     11131/43848    25%

Info: Packing IOs..
Info: $sdram_dq[15]$iobuf_i: sdram_dq_$_TBUF__Y.Y
Info: pin 'sdram_dq[15]$tr_io' constrained to Bel 'X0/Y59/PIOB'.
Info: $sdram_dq[14]$iobuf_i: sdram_dq_$_TBUF__Y_15.Y
Info: pin 'sdram_dq[14]$tr_io' constrained to Bel 'X0/Y59/PIOC'.
Info: $sdram_dq[13]$iobuf_i: sdram_dq_$_TBUF__Y_14.Y
Info: pin 'sdram_dq[13]$tr_io' constrained to Bel 'X0/Y59/PIOA'.
Info: $sdram_dq[12]$iobuf_i: sdram_dq_$_TBUF__Y_13.Y
Info: pin 'sdram_dq[12]$tr_io' constrained to Bel 'X0/Y53/PIOA'.
Info: $sdram_dq[11]$iobuf_i: sdram_dq_$_TBUF__Y_12.Y
Info: pin 'sdram_dq[11]$tr_io' constrained to Bel 'X0/Y44/PIOD'.
Info: $sdram_dq[10]$iobuf_i: sdram_dq_$_TBUF__Y_11.Y
Info: pin 'sdram_dq[10]$tr_io' constrained to Bel 'X0/Y44/PIOC'.
Info: $sdram_dq[9]$iobuf_i: sdram_dq_$_TBUF__Y_10.Y
Info: pin 'sdram_dq[9]$tr_io' constrained to Bel 'X0/Y44/PIOA'.
Info: $sdram_dq[8]$iobuf_i: sdram_dq_$_TBUF__Y_9.Y
Info: pin 'sdram_dq[8]$tr_io' constrained to Bel 'X0/Y41/PIOD'.
Info: $sdram_dq[7]$iobuf_i: sdram_dq_$_TBUF__Y_8.Y
Info: pin 'sdram_dq[7]$tr_io' constrained to Bel 'X0/Y41/PIOB'.
Info: $sdram_dq[6]$iobuf_i: sdram_dq_$_TBUF__Y_7.Y
Info: pin 'sdram_dq[6]$tr_io' constrained to Bel 'X0/Y41/PIOC'.
Info: $sdram_dq[5]$iobuf_i: sdram_dq_$_TBUF__Y_6.Y
Info: pin 'sdram_dq[5]$tr_io' constrained to Bel 'X0/Y41/PIOA'.
Info: $sdram_dq[4]$iobuf_i: sdram_dq_$_TBUF__Y_5.Y
Info: pin 'sdram_dq[4]$tr_io' constrained to Bel 'X0/Y38/PIOD'.
Info: $sdram_dq[3]$iobuf_i: sdram_dq_$_TBUF__Y_4.Y
Info: pin 'sdram_dq[3]$tr_io' constrained to Bel 'X0/Y38/PIOB'.
Info: $sdram_dq[2]$iobuf_i: sdram_dq_$_TBUF__Y_3.Y
Info: pin 'sdram_dq[2]$tr_io' constrained to Bel 'X0/Y29/PIOD'.
Info: $sdram_dq[1]$iobuf_i: sdram_dq_$_TBUF__Y_2.Y
Info: pin 'sdram_dq[1]$tr_io' constrained to Bel 'X0/Y29/PIOB'.
Info: $sdram_dq[0]$iobuf_i: sdram_dq_$_TBUF__Y_1.Y
Info: pin 'sdram_dq[0]$tr_io' constrained to Bel 'X0/Y26/PIOD'.
Info: pin 'spi_sclk$tr_io' constrained to Bel 'X0/Y62/PIOC'.
Info: pin 'spi_mosi$tr_io' constrained to Bel 'X0/Y62/PIOB'.
Info: pin 'spi_miso$tr_io' constrained to Bel 'X0/Y62/PIOD'.
Info: pin 'spi_cs_n$tr_io' constrained to Bel 'X0/Y65/PIOA'.
Info: pin 'sdram_we_n$tr_io' constrained to Bel 'X0/Y14/PIOD'.
Info: pin 'sdram_ras_n$tr_io' constrained to Bel 'X0/Y14/PIOA'.
Info: pin 'sdram_dqm[1]$tr_io' constrained to Bel 'X0/Y62/PIOA'.
Info: pin 'sdram_dqm[0]$tr_io' constrained to Bel 'X0/Y59/PIOD'.
Info: pin 'sdram_cs_n$tr_io' constrained to Bel 'X0/Y11/PIOD'.
Info: pin 'sdram_clk$tr_io' constrained to Bel 'X0/Y38/PIOA'.
Info: pin 'sdram_cke$tr_io' constrained to Bel 'X0/Y11/PIOC'.
Info: pin 'sdram_cas_n$tr_io' constrained to Bel 'X0/Y14/PIOC'.
Info: pin 'sdram_ba[1]$tr_io' constrained to Bel 'X0/Y17/PIOC'.
Info: pin 'sdram_ba[0]$tr_io' constrained to Bel 'X0/Y17/PIOA'.
Info: pin 'sdram_a[12]$tr_io' constrained to Bel 'X0/Y35/PIOB'.
Info: pin 'sdram_a[11]$tr_io' constrained to Bel 'X0/Y26/PIOB'.
Info: pin 'sdram_a[10]$tr_io' constrained to Bel 'X0/Y26/PIOC'.
Info: pin 'sdram_a[9]$tr_io' constrained to Bel 'X0/Y26/PIOA'.
Info: pin 'sdram_a[8]$tr_io' constrained to Bel 'X0/Y23/PIOD'.
Info: pin 'sdram_a[7]$tr_io' constrained to Bel 'X0/Y23/PIOB'.
Info: pin 'sdram_a[6]$tr_io' constrained to Bel 'X0/Y23/PIOA'.
Info: pin 'sdram_a[5]$tr_io' constrained to Bel 'X0/Y20/PIOD'.
Info: pin 'sdram_a[4]$tr_io' constrained to Bel 'X0/Y20/PIOB'.
Info: pin 'sdram_a[3]$tr_io' constrained to Bel 'X0/Y20/PIOC'.
Info: pin 'sdram_a[2]$tr_io' constrained to Bel 'X0/Y20/PIOA'.
Info: pin 'sdram_a[1]$tr_io' constrained to Bel 'X0/Y17/PIOD'.
Info: pin 'sdram_a[0]$tr_io' constrained to Bel 'X0/Y17/PIOB'.
Info: pin 'pll_locked$tr_io' constrained to Bel 'X0/Y65/PIOC'.
Info: pin 'osc_clk$tr_io' constrained to Bel 'X0/Y29/PIOC'.
Info: pin 'ext_rst_n$tr_io' constrained to Bel 'X0/Y14/PIOB'.
Info: pin 'data_ready$tr_io' constrained to Bel 'X0/Y32/PIOA'.
Info: placed PLL 'u_pll.pll_i' at bel 'X1/Y4/EHXPLL_UL'
Info: Packing constants..
Info: Packing carries...
Info: Packing LUTs...
Info: Packing LUT5-7s...
Info: Packing FFs...
Info:     3843 FFs paired with LUTs.
Info: Generating derived timing constraints...
Info:     Input frequency of PLL 'u_pll.pll_i' is constrained to 16.0 MHz
Info:     Derived frequency constraint of 64.0 MHz for net sdram_clk$TRELLIS_IO_OUT
Info: Promoting globals...
Info:     promoting clock net sdram_clk$TRELLIS_IO_OUT to global network
Info: Checksum: 0x5b4afc76

Info: Device utilisation:
Info: 	          TRELLIS_IO:      47/    245    19%
Info: 	                DCCA:       1/     56     1%
Info: 	              DP16KD:       0/    108     0%
Info: 	          MULT18X18D:      64/     72    88%
Info: 	              ALU54B:       0/     36     0%
Info: 	             EHXPLLL:       1/      4    25%
Info: 	             EXTREFB:       0/      2     0%
Info: 	                DCUA:       0/      2     0%
Info: 	           PCSCLKDIV:       0/      2     0%
Info: 	             IOLOGIC:       0/    160     0%
Info: 	            SIOLOGIC:       0/     85     0%
Info: 	                 GSR:       0/      1     0%
Info: 	               JTAGG:       0/      1     0%
Info: 	                OSCG:       0/      1     0%
Info: 	               SEDGA:       0/      1     0%
Info: 	                 DTR:       0/      1     0%
Info: 	             USRMCLK:       0/      1     0%
Info: 	             CLKDIVF:       0/      4     0%
Info: 	           ECLKSYNCB:       0/     10     0%
Info: 	             DLLDELD:       0/      8     0%
Info: 	              DDRDLL:       0/      4     0%
Info: 	             DQSBUFM:       0/     10     0%
Info: 	     TRELLIS_ECLKBUF:       0/      8     0%
Info: 	        ECLKBRIDGECS:       0/      2     0%
Info: 	                DCSC:       0/      2     0%
Info: 	          TRELLIS_FF:   11131/  43848    25%
Info: 	        TRELLIS_COMB:   10982/  43848    25%
Info: 	        TRELLIS_RAMW:     323/   5481     5%

Info: Placed 48 cells based on constraints.
Info: Creating initial analytic placement for 12984 cells, random placement wirelen = 1043843.
Info:     at initial placer iter 0, wirelen = 5253
Info:     at initial placer iter 1, wirelen = 4522
Info:     at initial placer iter 2, wirelen = 4501
Info:     at initial placer iter 3, wirelen = 4229
Info: Running main analytical placer, max placement attempts per cell = 63557175.
Info:     at iteration #1, type ALL: wirelen solved = 4226, spread = 243973, legal = 277774; time = 2.33s
Info:     at iteration #2, type ALL: wirelen solved = 24157, spread = 174139, legal = 213913; time = 2.32s
Info:     at iteration #3, type ALL: wirelen solved = 36237, spread = 155357, legal = 194622; time = 2.31s
Info:     at iteration #4, type ALL: wirelen solved = 41254, spread = 154468, legal = 189215; time = 2.30s
Info:     at iteration #5, type ALL: wirelen solved = 45322, spread = 149214, legal = 189019; time = 2.30s
Info:     at iteration #6, type ALL: wirelen solved = 47527, spread = 147152, legal = 190589; time = 2.29s
Info:     at iteration #7, type ALL: wirelen solved = 48670, spread = 146555, legal = 189782; time = 2.38s
Info:     at iteration #8, type ALL: wirelen solved = 49581, spread = 146632, legal = 187817; time = 2.40s
Info:     at iteration #9, type ALL: wirelen solved = 51616, spread = 144782, legal = 187410; time = 2.22s
Info:     at iteration #10, type ALL: wirelen solved = 51698, spread = 144899, legal = 184950; time = 2.29s
Info:     at iteration #11, type ALL: wirelen solved = 53153, spread = 144607, legal = 183060; time = 2.28s
Info:     at iteration #12, type ALL: wirelen solved = 54751, spread = 145487, legal = 185070; time = 2.13s
Info:     at iteration #13, type ALL: wirelen solved = 55823, spread = 145725, legal = 184397; time = 2.22s
Info:     at iteration #14, type ALL: wirelen solved = 57332, spread = 146544, legal = 182146; time = 2.22s
Info:     at iteration #15, type ALL: wirelen solved = 58600, spread = 147406, legal = 183838; time = 2.16s
Info:     at iteration #16, type ALL: wirelen solved = 59729, spread = 147814, legal = 183865; time = 2.14s
Info:     at iteration #17, type ALL: wirelen solved = 60657, spread = 150210, legal = 182484; time = 2.09s
Info:     at iteration #18, type ALL: wirelen solved = 61886, spread = 151758, legal = 184068; time = 2.12s
Info:     at iteration #19, type ALL: wirelen solved = 63208, spread = 152495, legal = 181261; time = 2.19s
Info:     at iteration #20, type ALL: wirelen solved = 65202, spread = 155319, legal = 184156; time = 2.11s
Info:     at iteration #21, type ALL: wirelen solved = 66591, spread = 156946, legal = 186742; time = 2.06s
Info:     at iteration #22, type ALL: wirelen solved = 68021, spread = 158640, legal = 187148; time = 2.14s
Info:     at iteration #23, type ALL: wirelen solved = 69114, spread = 160762, legal = 184952; time = 2.18s
Info:     at iteration #24, type ALL: wirelen solved = 69912, spread = 163204, legal = 187919; time = 2.17s
Info: HeAP Placer Time: 59.58s
Info:   of which solving equations: 11.44s
Info:   of which spreading cells: 2.08s
Info:   of which strict legalisation: 40.98s

Info: Running simulated annealing placer for refinement.
Info:   at iteration #1: temp = 0.000000, timing cost = 1726, wirelen = 181261
Info:   at iteration #5: temp = 0.000000, timing cost = 2738, wirelen = 171866
Info:   at iteration #10: temp = 0.000000, timing cost = 2730, wirelen = 169555
Info:   at iteration #15: temp = 0.000000, timing cost = 2637, wirelen = 168558
Info:   at iteration #20: temp = 0.000000, timing cost = 2593, wirelen = 168163
Info:   at iteration #25: temp = 0.000000, timing cost = 2569, wirelen = 167890
Info:   at iteration #30: temp = 0.000000, timing cost = 2557, wirelen = 167749
Info:   at iteration #33: temp = 0.000000, timing cost = 2638, wirelen = 167702 
Info: SA placement time 59.27s

Info: Max frequency for clock '$glbnet$sdram_clk$TRELLIS_IO_OUT': 60.41 MHz (FAIL at 64.00 MHz)

Info: Max delay <async>                                  -> posedge $glbnet$sdram_clk$TRELLIS_IO_OUT: 4.87 ns
Info: Max delay posedge $glbnet$sdram_clk$TRELLIS_IO_OUT -> <async>                                 : 7.01 ns

Info: Slack histogram:
Info:  legend: * represents 70 endpoint(s)
Info:          + represents [1,70) endpoint(s)
Info: [  -928,   -129) |*+
Info: [  -129,    670) |*+
Info: [   670,   1469) |*+
Info: [  1469,   2268) |***+
Info: [  2268,   3067) |*******+
Info: [  3067,   3866) |*******+
Info: [  3866,   4665) |**********+
Info: [  4665,   5464) |***********************+
Info: [  5464,   6263) |************************************+
Info: [  6263,   7062) |**********************************+
Info: [  7062,   7861) |**************************+
Info: [  7861,   8660) |************************+
Info: [  8660,   9459) |*****************+
Info: [  9459,  10258) |*************+
Info: [ 10258,  11057) |****************+
Info: [ 11057,  11856) |*************************+
Info: [ 11856,  12655) |********************************************+
Info: [ 12655,  13454) |************************************************************ 
Info: [ 13454,  14253) |**************************************************+
Info: [ 14253,  15052) |**********************************************+
Info: Checksum: 0x576ee314
Info: Routing globals...
Info:     routing clock net $glbnet$sdram_clk$TRELLIS_IO_OUT using global 0

Info: Routing..
Info: Setting up routing queue.
Info: Routing 60493 arcs.
Info:            |   (re-)routed arcs  |   delta    | remaining|       time spent     |
Info:    IterCnt |  w/ripup   wo/ripup |  w/r  wo/r |      arcs| batch(sec) total(sec)|
Info:       1000 |      684        315 |  684   315 |     60384|       2.24       2.24|
Info:       2000 |     1384        615 |  700   300 |     60300|       0.93       3.17|
Info:       3000 |     2036        963 |  652   348 |     60221|       1.46       4.63|
Info:       4000 |     2684       1315 |  648   352 |     60135|       1.00       5.63|
Info:       5000 |     3326       1673 |  642   358 |     60053|       1.51       7.14|
Info:       6000 |     3858       2141 |  532   468 |     59913|       1.21       8.35|
Info:       7000 |     4352       2647 |  494   506 |     59814|       1.33       9.67|
Info:       8000 |     4927       3072 |  575   425 |     59691|       1.34      11.01|
Info:       9000 |     5450       3549 |  523   477 |     59607|       2.34      13.35|
Info:      10000 |     6063       3936 |  613   387 |     59458|       4.12      17.47|
Info:      11000 |     6401       4598 |  338   662 |     59222|       4.30      21.77|
Info:      12000 |     6775       5224 |  374   626 |     58829|       2.89      24.66|
Info:      13000 |     7159       5840 |  384   616 |     58431|       2.01      26.67|
Info:      14000 |     7427       6572 |  268   732 |     57934|       1.74      28.40|
Info:      15000 |     7779       7220 |  352   648 |     57562|       4.15      32.55|
Info:      16000 |     8118       7881 |  339   661 |     57102|       3.10      35.65|
Info:      17000 |     8322       8677 |  204   796 |     56625|       2.83      38.49|
Info:      18000 |     8473       9526 |  151   849 |     55940|       1.97      40.46|
Info:      19000 |     8597      10402 |  124   876 |     55166|       1.00      41.46|
Info:      20000 |     8769      11230 |  172   828 |     54478|       1.23      42.69|
Info:      21000 |     8921      12078 |  152   848 |     53833|       0.99      43.68|
Info:      22000 |     9061      12938 |  140   860 |     53166|       1.00      44.67|
Info:      23000 |     9257      13742 |  196   804 |     52592|       1.07      45.75|
Info:      24000 |     9425      14574 |  168   832 |     52046|       1.50      47.25|
Info:      25000 |     9587      15412 |  162   838 |     51540|       1.46      48.71|
Info:      26000 |     9723      16276 |  136   864 |     50930|       0.81      49.52|
Info:      27000 |     9847      17152 |  124   876 |     50108|       0.78      50.29|
Info:      28000 |     9944      18055 |   97   903 |     49306|       0.68      50.98|
Info:      29000 |    10101      18898 |  157   843 |     48831|       1.94      52.91|
Info:      30000 |    10335      19664 |  234   766 |     48526|       1.27      54.18|
Info:      31000 |    10467      20532 |  132   868 |     47829|       1.25      55.43|
Info:      32000 |    10580      21419 |  113   887 |     47061|       1.02      56.45|
Info:      33000 |    10739      22260 |  159   841 |     46642|       0.84      57.29|
Info:      34000 |    10865      23134 |  126   874 |     45947|       0.66      57.95|
Info:      35000 |    11030      23969 |  165   835 |     45414|       1.33      59.27|
Info:      36000 |    11165      24834 |  135   865 |     44808|       1.11      60.39|
Info:      37000 |    11285      25714 |  120   880 |     44030|       1.14      61.52|
Info:      38000 |    11530      26469 |  245   755 |     43878|       0.96      62.48|
Info:      39000 |    11687      27312 |  157   843 |     43330|       1.05      63.53|
Info:      40000 |    11796      28203 |  109   891 |     42561|       0.59      64.12|
Info:      41000 |    11921      29078 |  125   875 |     41811|       0.59      64.72|
Info:      42000 |    12023      29976 |  102   898 |     41350|       1.05      65.76|
Info:      43000 |    12196      30803 |  173   827 |     40940|       1.00      66.76|
Info:      44000 |    12353      31646 |  157   843 |     40434|       0.86      67.63|
Info:      45000 |    12618      32381 |  265   735 |     40085|       0.94      68.57|
Info:      46000 |    12814      33185 |  196   804 |     39480|       0.92      69.49|
Info:      47000 |    12986      34013 |  172   828 |     39035|       1.27      70.76|
Info:      48000 |    13204      34795 |  218   782 |     38538|       1.58      72.34|
Info:      49000 |    13371      35628 |  167   833 |     38063|       1.14      73.48|
Info:      50000 |    13536      36463 |  165   835 |     37650|       0.95      74.43|
Info:      51000 |    13721      37278 |  185   815 |     37131|       0.98      75.41|
Info:      52000 |    13921      38078 |  200   800 |     36950|       1.28      76.69|
Info:      53000 |    14202      38797 |  281   719 |     36714|       0.78      77.48|
Info:      54000 |    14397      39602 |  195   805 |     36317|       1.07      78.54|
Info:      55000 |    14613      40386 |  216   784 |     36057|       1.09      79.63|
Info:      56000 |    14811      41188 |  198   802 |     35601|       0.96      80.59|
Info:      57000 |    15102      41897 |  291   709 |     35289|       1.67      82.25|
Info:      58000 |    15269      42730 |  167   833 |     34861|       0.73      82.98|
Info:      59000 |    15481      43518 |  212   788 |     34292|       1.41      84.39|
Info:      60000 |    15649      44349 |  168   831 |     33945|       0.82      85.21|
Info:      61000 |    15836      45161 |  187   812 |     33896|       1.23      86.44|
Info:      62000 |    16031      45964 |  195   803 |     33437|       0.98      87.42|
Info:      63000 |    16275      46719 |  244   755 |     32910|       1.19      88.61|
Info:      64000 |    16529      47465 |  254   746 |     32521|       1.24      89.85|
Info:      65000 |    16737      48255 |  208   790 |     32572|       1.04      90.89|
Info:      66000 |    16970      49022 |  233   767 |     32182|       0.87      91.76|
Info:      67000 |    17250      49729 |  280   707 |     31633|       0.97      92.73|
Info:      68000 |    17456      50520 |  206   791 |     31503|       1.25      93.99|
Info:      69000 |    17723      51240 |  267   720 |     31186|       1.17      95.16|
Info:      70000 |    17931      52028 |  208   788 |     30910|       1.28      96.43|
Info:      71000 |    18211      52733 |  280   705 |     30566|       0.78      97.21|
Info:      72000 |    18513      53425 |  302   692 |     30180|       1.32      98.53|
Info:      73000 |    18772      54152 |  259   727 |     29663|       0.72      99.25|
Info:      74000 |    19072      54819 |  300   667 |     29392|       1.40     100.66|
Info:      75000 |    19362      55480 |  290   661 |     28860|       1.21     101.87|
Info:      76000 |    19650      56161 |  288   681 |     28493|       1.27     103.13|
Info:      77000 |    20068      56743 |  418   582 |     28470|       2.54     105.67|
Info:      78000 |    20342      57448 |  274   705 |     28165|       1.22     106.89|
Info:      79000 |    20634      58134 |  292   686 |     27906|       1.09     107.98|
Info:      80000 |    20960      58777 |  326   643 |     27579|       1.03     109.01|
Info:      81000 |    21266      59462 |  306   685 |     27539|       1.61     110.62|
Info:      82000 |    21566      60158 |  300   696 |     27375|       2.46     113.08|
Info:      83000 |    21875      60789 |  309   631 |     26953|       1.55     114.63|
Info:      84000 |    22200      61440 |  325   651 |     26522|       1.33     115.96|
Info:      85000 |    22522      62118 |  322   678 |     26399|       1.60     117.56|
Info:      86000 |    22853      62764 |  331   646 |     26204|       1.35     118.91|
Info:      87000 |    23176      63429 |  323   665 |     26146|       1.99     120.91|
Info:      88000 |    23521      64084 |  345   655 |     26094|       1.77     122.67|
Info:      89000 |    23815      64779 |  294   695 |     25900|       1.50     124.17|
Info:      90000 |    24021      65558 |  206   779 |     25724|       1.02     125.19|
Info:      91000 |    24330      66227 |  309   669 |     25390|       1.79     126.97|
Info:      92000 |    24537      67001 |  207   774 |     25090|       1.06     128.04|
Info:      93000 |    24831      67669 |  294   668 |     24670|       1.20     129.24|
Info:      94000 |    25073      68399 |  242   730 |     24336|       1.27     130.51|
Info:      95000 |    25361      69106 |  288   707 |     24236|       1.58     132.09|
Info:      96000 |    25604      69814 |  243   708 |     23604|       0.87     132.96|
Info:      97000 |    25895      70509 |  291   695 |     23234|       1.24     134.19|
Info:      98000 |    26171      71229 |  276   720 |     23151|       1.46     135.66|
Info:      99000 |    26480      71905 |  309   676 |     22874|       1.73     137.38|
Info:     100000 |    26744      72624 |  264   719 |     22354|       1.03     138.41|
Info:     101000 |    27025      73321 |  281   697 |     22042|       1.19     139.60|
Info:     102000 |    27337      74006 |  312   685 |     21947|       1.83     141.43|
Info:     103000 |    27617      74726 |  280   720 |     21870|       1.77     143.20|
Info:     104000 |    27943      75398 |  326   672 |     21884|       3.14     146.33|
Info:     105000 |    28260      76081 |  317   683 |     21866|       2.34     148.67|
Info:     106000 |    28579      76760 |  319   679 |     21810|       1.78     150.45|
Info:     107000 |    28849      77459 |  270   699 |     21299|       1.12     151.57|
Info:     108000 |    29098      78162 |  249   703 |     20840|       1.05     152.63|
Info:     109000 |    29382      78875 |  284   713 |     20692|       1.76     154.39|
Info:     110000 |    29704      79553 |  322   678 |     20578|       2.58     156.97|
Info:     111000 |    30089      80167 |  385   614 |     20536|       2.34     159.31|
Info:     112000 |    30340      80873 |  251   706 |     20185|       1.00     160.31|
Info:     113000 |    30674      81504 |  334   631 |     19864|       1.78     162.09|
Info:     114000 |    30959      82183 |  285   679 |     19325|       1.67     163.76|
Info:     115000 |    31365      82776 |  406   593 |     19235|       2.14     165.90|
Info:     116000 |    31632      83472 |  267   696 |     18690|       1.21     167.11|
Info:     117000 |    31896      84200 |  264   728 |     18217|       1.37     168.48|
Info:     118000 |    32325      84770 |  429   570 |     18034|       3.76     172.25|
Info:     119000 |    32673      85392 |  348   622 |     17860|       1.73     173.97|
Info:     120000 |    32923      86102 |  250   710 |     17494|       1.14     175.11|
Info:     121000 |    33209      86813 |  286   711 |     17241|       2.05     177.16|
Info:     122000 |    33414      87608 |  205   795 |     16952|       1.21     178.38|
Info:     123000 |    33783      88239 |  369   631 |     16887|       2.29     180.67|
Info:     124000 |    34019      88972 |  236   733 |     16341|       1.73     182.40|
Info:     125000 |    34265      89711 |  246   739 |     15799|       1.08     183.48|
Info:     126000 |    34610      90366 |  345   655 |     15792|       2.63     186.11|
Info:     127000 |    34968      91008 |  358   642 |     15745|       3.64     189.74|
Info:     128000 |    35335      91641 |  367   633 |     15647|       1.97     191.71|
Info:     129000 |    35750      92226 |  415   585 |     15562|       3.18     194.89|
Info:     130000 |    36112      92825 |  362   599 |     15361|       1.70     196.58|
Info:     131000 |    36293      93596 |  181   771 |     14690|       0.95     197.53|
Info:     132000 |    36534      94354 |  241   758 |     14694|       1.68     199.22|
Info:     133000 |    36765      95093 |  231   739 |     14080|       1.11     200.32|
Info:     134000 |    36979      95818 |  214   725 |     13494|       0.88     201.20|
Info:     135000 |    37343      96450 |  364   632 |     13196|       2.18     203.38|
Info:     136000 |    37539      97237 |  196   787 |     13138|       1.30     204.68|
Info:     137000 |    37874      97898 |  335   661 |     12855|       1.87     206.54|
Info:     138000 |    38252      98520 |  378   622 |     12716|       2.44     208.98|
Info:     139000 |    38618      99154 |  366   634 |     12716|       1.82     210.81|
Info:     140000 |    38947      99825 |  329   671 |     12634|       1.65     212.46|
Info:     141000 |    39209     100563 |  262   738 |     12433|       1.55     214.01|
Info:     142000 |    39374     101324 |  165   761 |     11697|       0.72     214.73|
Info:     143000 |    39556     102019 |  182   695 |     10926|       0.61     215.34|
Info:     144000 |    39686     102761 |  130   742 |     10126|       0.74     216.07|
Info:     145000 |    40066     103381 |  380   620 |      9891|       1.66     217.74|
Info:     146000 |    40485     103957 |  419   576 |      9736|       6.34     224.08|
Info:     147000 |    40921     104521 |  436   564 |      9588|       2.94     227.02|
Info:     148000 |    41322     105120 |  401   599 |      9628|       3.01     230.03|
Info:     149000 |    41741     105701 |  419   581 |      9476|       2.13     232.16|
Info:     150000 |    42154     106288 |  413   587 |      9397|       2.76     234.92|
Info:     151000 |    42596     106846 |  442   558 |      9422|       3.08     238.00|
Info:     152000 |    42952     107490 |  356   644 |      9380|       2.41     240.41|
Info:     153000 |    43334     108108 |  382   618 |      9234|       2.87     243.28|
Info:     154000 |    43615     108796 |  281   688 |      8714|       1.34     244.62|
Info:     155000 |    43883     109497 |  268   701 |      8254|       1.54     246.15|
Info:     156000 |    44230     110150 |  347   653 |      8122|       2.16     248.31|
Info:     157000 |    44378     110993 |  148   843 |      7352|       0.70     249.01|
Info:     158000 |    44810     111561 |  432   568 |      7258|       3.78     252.79|
Info:     159000 |    45152     112219 |  342   658 |      7135|       2.76     255.55|
Info:     160000 |    45592     112779 |  440   560 |      7053|       2.73     258.27|
Info:     161000 |    46066     113305 |  474   526 |      6962|       2.57     260.85|
Info:     162000 |    46430     113941 |  364   636 |      6900|       2.21     263.05|
Info:     163000 |    46861     114510 |  431   569 |      7065|       3.32     266.37|
Info:     164000 |    47213     115158 |  352   648 |      7027|       2.60     268.97|
Info:     165000 |    47634     115737 |  421   579 |      7021|       5.21     274.19|
Info:     166000 |    48080     116291 |  446   554 |      6856|       3.06     277.25|
Info:     167000 |    48539     116832 |  459   541 |      6899|       2.49     279.73|
Info:     168000 |    48961     117410 |  422   578 |      6803|       2.29     282.02|
Info:     169000 |    49444     117927 |  483   517 |      6841|       2.57     284.59|
Info:     170000 |    49717     118654 |  273   727 |      6729|       2.31     286.90|
Info:     171000 |    50173     119198 |  456   544 |      6682|       3.28     290.18|
Info:     172000 |    50612     119759 |  439   561 |      6599|       3.08     293.26|
Info:     173000 |    50980     120391 |  368   632 |      6556|       2.63     295.89|
Info:     174000 |    51408     120963 |  428   572 |      6471|       2.52     298.41|
Info:     175000 |    51856     121515 |  448   552 |      6429|       3.14     301.55|
Info:     176000 |    52048     122317 |  192   802 |      5889|       1.22     302.77|
Info:     177000 |    52417     122948 |  369   631 |      5818|       3.05     305.82|
Info:     178000 |    52781     123584 |  364   636 |      5504|       1.84     307.66|
Info:     179000 |    53007     124358 |  226   774 |      5053|       1.04     308.70|
Info:     180000 |    53420     124945 |  413   587 |      4919|       2.30     311.01|
Info:     181000 |    53771     125594 |  351   649 |      4931|       2.58     313.59|
Info:     182000 |    54207     126158 |  436   564 |      4776|       2.72     316.31|
Info:     183000 |    54656     126709 |  449   551 |      4677|       2.32     318.63|
Info:     184000 |    55195     127170 |  539   461 |      4666|       3.49     322.13|
Info:     185000 |    55687     127678 |  492   508 |      4576|       3.20     325.33|
Info:     186000 |    56204     128161 |  517   483 |      4618|       3.05     328.38|
Info:     187000 |    56702     128663 |  498   502 |      4435|       2.64     331.01|
Info:     188000 |    57312     129053 |  610   390 |      4436|       3.27     334.28|
Info:     189000 |    57765     129600 |  453   547 |      4341|       2.59     336.87|
Info:     190000 |    58175     130190 |  410   590 |      4374|       2.15     339.02|
Info:     191000 |    58704     130661 |  529   471 |      4267|       3.15     342.17|
Info:     192000 |    59116     131249 |  412   588 |      4219|       3.23     345.40|
Info:     193000 |    59567     131798 |  451   549 |      4126|       3.36     348.76|
Info:     194000 |    59950     132415 |  383   617 |      3738|       1.73     350.49|
Info:     195000 |    60369     132996 |  419   581 |      3535|       2.14     352.64|
Info:     196000 |    60793     133572 |  424   576 |      3497|       3.16     355.79|
Info:     197000 |    61100     134265 |  307   693 |      3358|       1.87     357.67|
Info:     198000 |    61563     134802 |  463   537 |      3133|       2.45     360.12|
Info:     199000 |    61852     135489 |  289   687 |      2808|       2.36     362.48|
Info:     200000 |    62078     136150 |  226   661 |      2166|       2.49     364.96|
Info:     201000 |    62392     136752 |  314   602 |      1692|       2.23     367.19|
Info:     202000 |    62686     137382 |  294   630 |      1370|       2.75     369.95|
Info:     203000 |    63070     137998 |  384   616 |      1401|       3.77     373.71|
Info:     204000 |    63497     138571 |  427   573 |      1393|       3.40     377.11|
Info:     205000 |    64042     139026 |  545   455 |      1380|       3.26     380.37|
Info:     206000 |    64402     139666 |  360   640 |      1362|       2.73     383.10|
Info:     207000 |    64856     140212 |  454   546 |      1371|       2.73     385.83|
Info:     208000 |    65264     140772 |  408   560 |      1129|       5.09     390.93|
Info:     209000 |    65614     141392 |  350   620 |       939|       2.41     393.33|
Info:     210000 |    65829     142125 |  215   733 |       522|       1.95     395.28|
Info:     211000 |    66121     142755 |  292   630 |       255|       2.49     397.78|
Info:     212000 |    66433     143437 |  312   682 |       172|       2.33     400.10|
Info:     212716 |    66693     143877 |  260   440 |         0|       2.17     402.28|
Info: Routing complete.
Info: Router1 time 402.28s
Info: Checksum: 0x4c870f65

Info: Critical path report for clock '$glbnet$sdram_clk$TRELLIS_IO_OUT' (posedge -> posedge):
Info:       type curr  total name
Info:   clk-to-q  0.40  0.40 Source u_dataflow_core.GEN_SLOT[0].u_np.x0[6]_TRELLIS_FF_Q_3.Q
Info:    routing  4.29  4.69 Net u_dataflow_core.GEN_SLOT[0].u_np.x0[6][4] (11,6) -> (60,46)
Info:                          Sink u_dataflow_core.GEN_SLOT[0].u_np.product_comb[6]_MULT18X18D_P9.A4
Info:                          Defined in:
Info:                               hardware/v2/rtl/neural_processor.v:99.44-99.46
Info:      logic  3.07  7.75 Source u_dataflow_core.GEN_SLOT[0].u_np.product_comb[6]_MULT18X18D_P9.P11
Info:    routing  4.42  12.17 Net u_dataflow_core.GEN_SLOT[0].u_np.product_comb[6][11] (60,46) -> (16,8)
Info:                          Sink u_dataflow_core.GEN_SLOT[0].u_np.prod1[6]_TRELLIS_FF_Q_10.M
Info:                          Defined in:
Info:                               hardware/v2/rtl/neural_processor.v:135.34-135.46
Info:      setup  0.00  12.17 Source u_dataflow_core.GEN_SLOT[0].u_np.prod1[6]_TRELLIS_FF_Q_10.M
Info: 3.46 ns logic, 8.71 ns routing

Info: Critical path report for cross-domain path '<async>' -> 'posedge $glbnet$sdram_clk$TRELLIS_IO_OUT':
Info:       type curr  total name
Info:     source  0.00  0.00 Source sdram_dq[1]$tr_io.O
Info:    routing  3.17  3.17 Net sdram_dq[1]$TRELLIS_IO_IN (0,29) -> (20,6)
Info:                          Sink u_sdram_backend.ctrl_rdata_TRELLIS_FF_Q_49_DI_LUT4_Z_D_LUT4_Z.C
Info:                          Defined in:
Info:                               hardware/v2/nms/rtl/sdram_unified_backend.v:104.24-104.32
Info:      logic  0.18  3.36 Source u_sdram_backend.ctrl_rdata_TRELLIS_FF_Q_49_DI_LUT4_Z_D_LUT4_Z.F
Info:    routing  0.97  4.32 Net u_sdram_backend.ctrl_rdata_TRELLIS_FF_Q_49_DI_LUT4_Z_D[2] (20,6) -> (23,6)
Info:                          Sink u_sdram_backend.ctrl_rdata_TRELLIS_FF_Q_49_DI_LUT4_Z.D
Info:                          Defined in:
Info:                               /root/tools_cache/oss-cad-suite/lib/../share/yosys/lattice/cells_map_trellis.v:108.23-108.24
Info:      logic  0.18  4.51 Source u_sdram_backend.ctrl_rdata_TRELLIS_FF_Q_49_DI_LUT4_Z.F
Info:    routing  0.12  4.62 Net u_sdram_backend.ctrl_rdata_TRELLIS_FF_Q_49_DI (23,6) -> (23,6)
Info:                          Sink u_sdram_backend.ctrl_rdata_TRELLIS_FF_Q_49.DI
Info:      setup  0.00  4.62 Source u_sdram_backend.ctrl_rdata_TRELLIS_FF_Q_49.DI
Info: 0.36 ns logic, 4.26 ns routing

Info: Critical path report for cross-domain path 'posedge $glbnet$sdram_clk$TRELLIS_IO_OUT' -> '<async>':
Info:       type curr  total name
Info:   clk-to-q  0.40  0.40 Source u_spi_bridge.byte_idx_TRELLIS_FF_Q_2.Q
Info:    routing  0.60  0.99 Net u_spi_bridge.byte_idx[2] (29,53) -> (29,51)
Info:                          Sink u_spi_bridge.rx_valid_LUT4_D_Z_LUT4_Z_1_D_LUT4_Z.D
Info:                          Defined in:
Info:                               /root/tools_cache/oss-cad-suite/lib/../share/yosys/lattice/cells_map_trellis.v:108.23-108.24
Info:      logic  0.18  1.17 Source u_spi_bridge.rx_valid_LUT4_D_Z_LUT4_Z_1_D_LUT4_Z.F
Info:    routing  0.67  1.85 Net u_dataflow_core.reg_required_TRELLIS_FF_Q_CE_LUT4_Z_C[0] (29,51) -> (29,51)
Info:                          Sink u_spi_bridge.rx_valid_LUT4_D_Z_LUT4_Z_1.D
Info:                          Defined in:
Info:                               /root/tools_cache/oss-cad-suite/lib/../share/yosys/lattice/cells_map_trellis.v:108.23-108.24
Info:      logic  0.18  2.03 Source u_spi_bridge.rx_valid_LUT4_D_Z_LUT4_Z_1.F
Info:    routing  0.90  2.93 Net spi_miso_LUT4_Z_D_LUT4_D_Z_LUT4_Z_C[3] (29,51) -> (23,56)
Info:                          Sink spi_miso_LUT4_Z_D_LUT4_Z.D
Info:                          Defined in:
Info:                               /root/tools_cache/oss-cad-suite/lib/../share/yosys/lattice/cells_map_trellis.v:108.23-108.24
Info:      logic  0.18  3.11 Source spi_miso_LUT4_Z_D_LUT4_Z.F
Info:    routing  1.26  4.38 Net spi_miso_LUT4_Z_B[3] (23,56) -> (24,59)
Info:                          Sink spi_miso_LUT4_Z.D
Info:                          Defined in:
Info:                               /root/tools_cache/oss-cad-suite/lib/../share/yosys/lattice/cells_map_trellis.v:108.23-108.24
Info:      logic  0.18  4.56 Source spi_miso_LUT4_Z.F
Info:    routing  1.64  6.19 Net spi_miso$TRELLIS_IO_OUT (24,59) -> (0,62)
Info:                          Sink spi_miso$tr_io.I
Info:                          Defined in:
Info:                               hardware/v2/nms/rtl/fpga_neural_v2_top.v:55.17-55.25
Info: 1.12 ns logic, 5.08 ns routing

Info: Max frequency for clock '$glbnet$sdram_clk$TRELLIS_IO_OUT': 82.14 MHz (PASS at 64.00 MHz)

Info: Max delay <async>                                  -> posedge $glbnet$sdram_clk$TRELLIS_IO_OUT: 4.62 ns
Info: Max delay posedge $glbnet$sdram_clk$TRELLIS_IO_OUT -> <async>                                 : 6.19 ns

Info: Slack histogram:
Info:  legend: * represents 56 endpoint(s)
Info:          + represents [1,56) endpoint(s)
Info: [  3451,   4025) |+
Info: [  4025,   4599) |***+
Info: [  4599,   5173) |******+
Info: [  5173,   5747) |****+
Info: [  5747,   6321) |*****+
Info: [  6321,   6895) |*******+
Info: [  6895,   7469) |**************+
Info: [  7469,   8043) |********************+
Info: [  8043,   8617) |****************************************+
Info: [  8617,   9191) |****************************************************+
Info: [  9191,   9765) |**********************************************+
Info: [  9765,  10339) |******************************+
Info: [ 10339,  10913) |*******************************+
Info: [ 10913,  11487) |*******************+
Info: [ 11487,  12061) |************************+
Info: [ 12061,  12635) |**********************************+
Info: [ 12635,  13209) |***************************************************+
Info: [ 13209,  13783) |*******************************************************+
Info: [ 13783,  14357) |************************************************************ 
Info: [ 14357,  14931) |****************************************************+

Info: Program finished normally.
