Info: constraining clock net 'osc_clk' to 16.00 MHz

Info: Logic utilisation before packing:
Info:     Total LUT4s:     10172/43848    23%
Info:         logic LUTs:   5470/43848    12%
Info:         carry LUTs:   2764/43848     6%
Info:           RAM LUTs:   1292/ 5481    23%
Info:          RAMW LUTs:    646/10962     5%

Info:      Total DFFs:     11131/43848    25%

Info: Packing IOs..
Info: $sdram_dq[15]$iobuf_i: sdram_dq_$_TBUF__Y.Y
Info: pin 'sdram_dq[15]$tr_io' constrained to Bel 'X0/Y59/PIOB'.
Info: $sdram_dq[14]$iobuf_i: sdram_dq_$_TBUF__Y_15.Y
Info: pin 'sdram_dq[14]$tr_io' constrained to Bel 'X0/Y59/PIOC'.
Info: $sdram_dq[13]$iobuf_i: sdram_dq_$_TBUF__Y_14.Y
Info: pin 'sdram_dq[13]$tr_io' constrained to Bel 'X0/Y59/PIOA'.
Info: $sdram_dq[12]$iobuf_i: sdram_dq_$_TBUF__Y_13.Y
Info: pin 'sdram_dq[12]$tr_io' constrained to Bel 'X0/Y53/PIOA'.
Info: $sdram_dq[11]$iobuf_i: sdram_dq_$_TBUF__Y_12.Y
Info: pin 'sdram_dq[11]$tr_io' constrained to Bel 'X0/Y44/PIOD'.
Info: $sdram_dq[10]$iobuf_i: sdram_dq_$_TBUF__Y_11.Y
Info: pin 'sdram_dq[10]$tr_io' constrained to Bel 'X0/Y44/PIOC'.
Info: $sdram_dq[9]$iobuf_i: sdram_dq_$_TBUF__Y_10.Y
Info: pin 'sdram_dq[9]$tr_io' constrained to Bel 'X0/Y44/PIOA'.
Info: $sdram_dq[8]$iobuf_i: sdram_dq_$_TBUF__Y_9.Y
Info: pin 'sdram_dq[8]$tr_io' constrained to Bel 'X0/Y41/PIOD'.
Info: $sdram_dq[7]$iobuf_i: sdram_dq_$_TBUF__Y_8.Y
Info: pin 'sdram_dq[7]$tr_io' constrained to Bel 'X0/Y41/PIOB'.
Info: $sdram_dq[6]$iobuf_i: sdram_dq_$_TBUF__Y_7.Y
Info: pin 'sdram_dq[6]$tr_io' constrained to Bel 'X0/Y41/PIOC'.
Info: $sdram_dq[5]$iobuf_i: sdram_dq_$_TBUF__Y_6.Y
Info: pin 'sdram_dq[5]$tr_io' constrained to Bel 'X0/Y41/PIOA'.
Info: $sdram_dq[4]$iobuf_i: sdram_dq_$_TBUF__Y_5.Y
Info: pin 'sdram_dq[4]$tr_io' constrained to Bel 'X0/Y38/PIOD'.
Info: $sdram_dq[3]$iobuf_i: sdram_dq_$_TBUF__Y_4.Y
Info: pin 'sdram_dq[3]$tr_io' constrained to Bel 'X0/Y38/PIOB'.
Info: $sdram_dq[2]$iobuf_i: sdram_dq_$_TBUF__Y_3.Y
Info: pin 'sdram_dq[2]$tr_io' constrained to Bel 'X0/Y29/PIOD'.
Info: $sdram_dq[1]$iobuf_i: sdram_dq_$_TBUF__Y_2.Y
Info: pin 'sdram_dq[1]$tr_io' constrained to Bel 'X0/Y29/PIOB'.
Info: $sdram_dq[0]$iobuf_i: sdram_dq_$_TBUF__Y_1.Y
Info: pin 'sdram_dq[0]$tr_io' constrained to Bel 'X0/Y26/PIOD'.
Info: pin 'spi_sclk$tr_io' constrained to Bel 'X0/Y62/PIOC'.
Info: pin 'spi_mosi$tr_io' constrained to Bel 'X0/Y62/PIOB'.
Info: pin 'spi_miso$tr_io' constrained to Bel 'X0/Y62/PIOD'.
Info: pin 'spi_cs_n$tr_io' constrained to Bel 'X0/Y65/PIOA'.
Info: pin 'sdram_we_n$tr_io' constrained to Bel 'X0/Y14/PIOD'.
Info: pin 'sdram_ras_n$tr_io' constrained to Bel 'X0/Y14/PIOA'.
Info: pin 'sdram_dqm[1]$tr_io' constrained to Bel 'X0/Y62/PIOA'.
Info: pin 'sdram_dqm[0]$tr_io' constrained to Bel 'X0/Y59/PIOD'.
Info: pin 'sdram_cs_n$tr_io' constrained to Bel 'X0/Y11/PIOD'.
Info: pin 'sdram_clk$tr_io' constrained to Bel 'X0/Y38/PIOA'.
Info: pin 'sdram_cke$tr_io' constrained to Bel 'X0/Y11/PIOC'.
Info: pin 'sdram_cas_n$tr_io' constrained to Bel 'X0/Y14/PIOC'.
Info: pin 'sdram_ba[1]$tr_io' constrained to Bel 'X0/Y17/PIOC'.
Info: pin 'sdram_ba[0]$tr_io' constrained to Bel 'X0/Y17/PIOA'.
Info: pin 'sdram_a[12]$tr_io' constrained to Bel 'X0/Y35/PIOB'.
Info: pin 'sdram_a[11]$tr_io' constrained to Bel 'X0/Y26/PIOB'.
Info: pin 'sdram_a[10]$tr_io' constrained to Bel 'X0/Y26/PIOC'.
Info: pin 'sdram_a[9]$tr_io' constrained to Bel 'X0/Y26/PIOA'.
Info: pin 'sdram_a[8]$tr_io' constrained to Bel 'X0/Y23/PIOD'.
Info: pin 'sdram_a[7]$tr_io' constrained to Bel 'X0/Y23/PIOB'.
Info: pin 'sdram_a[6]$tr_io' constrained to Bel 'X0/Y23/PIOA'.
Info: pin 'sdram_a[5]$tr_io' constrained to Bel 'X0/Y20/PIOD'.
Info: pin 'sdram_a[4]$tr_io' constrained to Bel 'X0/Y20/PIOB'.
Info: pin 'sdram_a[3]$tr_io' constrained to Bel 'X0/Y20/PIOC'.
Info: pin 'sdram_a[2]$tr_io' constrained to Bel 'X0/Y20/PIOA'.
Info: pin 'sdram_a[1]$tr_io' constrained to Bel 'X0/Y17/PIOD'.
Info: pin 'sdram_a[0]$tr_io' constrained to Bel 'X0/Y17/PIOB'.
Info: pin 'pll_locked$tr_io' constrained to Bel 'X0/Y65/PIOC'.
Info: pin 'osc_clk$tr_io' constrained to Bel 'X0/Y29/PIOC'.
Info: pin 'ext_rst_n$tr_io' constrained to Bel 'X0/Y14/PIOB'.
Info: pin 'data_ready$tr_io' constrained to Bel 'X0/Y32/PIOA'.
Info: placed PLL 'u_pll.pll_i' at bel 'X1/Y4/EHXPLL_UL'
Info: Packing constants..
Info: Packing carries...
Info: Packing LUTs...
Info: Packing LUT5-7s...
Info: Packing FFs...
Info:     3843 FFs paired with LUTs.
Info: Generating derived timing constraints...
Info:     Input frequency of PLL 'u_pll.pll_i' is constrained to 16.0 MHz
Info:     Derived frequency constraint of 64.0 MHz for net sdram_clk$TRELLIS_IO_OUT
Info: Promoting globals...
Info:     promoting clock net sdram_clk$TRELLIS_IO_OUT to global network
Info: Checksum: 0x5b4afc76

Info: Device utilisation:
Info: 	          TRELLIS_IO:      47/    245    19%
Info: 	                DCCA:       1/     56     1%
Info: 	              DP16KD:       0/    108     0%
Info: 	          MULT18X18D:      64/     72    88%
Info: 	              ALU54B:       0/     36     0%
Info: 	             EHXPLLL:       1/      4    25%
Info: 	             EXTREFB:       0/      2     0%
Info: 	                DCUA:       0/      2     0%
Info: 	           PCSCLKDIV:       0/      2     0%
Info: 	             IOLOGIC:       0/    160     0%
Info: 	            SIOLOGIC:       0/     85     0%
Info: 	                 GSR:       0/      1     0%
Info: 	               JTAGG:       0/      1     0%
Info: 	                OSCG:       0/      1     0%
Info: 	               SEDGA:       0/      1     0%
Info: 	                 DTR:       0/      1     0%
Info: 	             USRMCLK:       0/      1     0%
Info: 	             CLKDIVF:       0/      4     0%
Info: 	           ECLKSYNCB:       0/     10     0%
Info: 	             DLLDELD:       0/      8     0%
Info: 	              DDRDLL:       0/      4     0%
Info: 	             DQSBUFM:       0/     10     0%
Info: 	     TRELLIS_ECLKBUF:       0/      8     0%
Info: 	        ECLKBRIDGECS:       0/      2     0%
Info: 	                DCSC:       0/      2     0%
Info: 	          TRELLIS_FF:   11131/  43848    25%
Info: 	        TRELLIS_COMB:   10982/  43848    25%
Info: 	        TRELLIS_RAMW:     323/   5481     5%

Info: Placed 48 cells based on constraints.
Info: Creating initial analytic placement for 12984 cells, random placement wirelen = 1053860.
Info:     at initial placer iter 0, wirelen = 5296
Info:     at initial placer iter 1, wirelen = 4713
Info:     at initial placer iter 2, wirelen = 4314
Info:     at initial placer iter 3, wirelen = 4253
Info: Running main analytical placer, max placement attempts per cell = 63557175.
Info:     at iteration #1, type ALL: wirelen solved = 4685, spread = 248975, legal = 285557; time = 2.48s
Info:     at iteration #2, type ALL: wirelen solved = 24537, spread = 179968, legal = 219187; time = 2.48s
Info:     at iteration #3, type ALL: wirelen solved = 36036, spread = 163558, legal = 196818; time = 2.35s
Info:     at iteration #4, type ALL: wirelen solved = 42696, spread = 152725, legal = 189683; time = 2.33s
Info:     at iteration #5, type ALL: wirelen solved = 44858, spread = 152778, legal = 192330; time = 2.20s
Info:     at iteration #6, type ALL: wirelen solved = 47704, spread = 149552, legal = 191882; time = 2.33s
Info:     at iteration #7, type ALL: wirelen solved = 49207, spread = 143476, legal = 185384; time = 2.12s
Info:     at iteration #8, type ALL: wirelen solved = 49336, spread = 142928, legal = 185166; time = 2.25s
Info:     at iteration #9, type ALL: wirelen solved = 50785, spread = 141094, legal = 183927; time = 2.29s
Info:     at iteration #10, type ALL: wirelen solved = 51734, spread = 141929, legal = 187527; time = 2.36s
Info:     at iteration #11, type ALL: wirelen solved = 52651, spread = 148654, legal = 183236; time = 2.15s
Info:     at iteration #12, type ALL: wirelen solved = 55511, spread = 146731, legal = 185303; time = 2.28s
Info:     at iteration #13, type ALL: wirelen solved = 57007, spread = 147481, legal = 188306; time = 2.30s
Info:     at iteration #14, type ALL: wirelen solved = 58357, spread = 148218, legal = 181420; time = 2.30s
Info:     at iteration #15, type ALL: wirelen solved = 59318, spread = 149121, legal = 185261; time = 2.20s
Info:     at iteration #16, type ALL: wirelen solved = 60679, spread = 149629, legal = 183418; time = 2.15s
Info:     at iteration #17, type ALL: wirelen solved = 62015, spread = 150521, legal = 185229; time = 2.08s
Info:     at iteration #18, type ALL: wirelen solved = 62903, spread = 151416, legal = 182102; time = 2.20s
Info:     at iteration #19, type ALL: wirelen solved = 63706, spread = 152031, legal = 181853; time = 2.24s
Info: HeAP Placer Time: 48.50s
Info:   of which solving equations: 9.69s
Info:   of which spreading cells: 1.74s
Info:   of which strict legalisation: 33.13s

Info: Running simulated annealing placer for refinement.
Info:   at iteration #1: temp = 0.000000, timing cost = 1777, wirelen = 181420
Info:   at iteration #5: temp = 0.000000, timing cost = 1362, wirelen = 171018
Info:   at iteration #10: temp = 0.000000, timing cost = 1223, wirelen = 168266
Info:   at iteration #15: temp = 0.000000, timing cost = 1190, wirelen = 167295
Info:   at iteration #20: temp = 0.000000, timing cost = 1179, wirelen = 166714
Info:   at iteration #25: temp = 0.000000, timing cost = 1172, wirelen = 166535
Info:   at iteration #30: temp = 0.000000, timing cost = 1169, wirelen = 166444
Info:   at iteration #35: temp = 0.000000, timing cost = 1168, wirelen = 166358
Info:   at iteration #40: temp = 0.000000, timing cost = 1168, wirelen = 166319
Info:   at iteration #41: temp = 0.000000, timing cost = 1167, wirelen = 166314 
Info: SA placement time 72.39s

Info: Max frequency for clock '$glbnet$sdram_clk$TRELLIS_IO_OUT': 55.46 MHz (FAIL at 64.00 MHz)

Info: Max delay <async>                                  -> posedge $glbnet$sdram_clk$TRELLIS_IO_OUT: 6.67 ns
Info: Max delay posedge $glbnet$sdram_clk$TRELLIS_IO_OUT -> <async>                                 : 7.88 ns

Info: Slack histogram:
Info:  legend: * represents 71 endpoint(s)
Info:          + represents [1,71) endpoint(s)
Info: [ -2406,  -1533) |+
Info: [ -1533,   -660) |+
Info: [  -660,    213) |+
Info: [   213,   1086) |+
Info: [  1086,   1959) |*+
Info: [  1959,   2832) |***+
Info: [  2832,   3705) |**+
Info: [  3705,   4578) |****+
Info: [  4578,   5451) |******+
Info: [  5451,   6324) |******+
Info: [  6324,   7197) |*********+
Info: [  7197,   8070) |****************+
Info: [  8070,   8943) |************************************+
Info: [  8943,   9816) |***************************************************+
Info: [  9816,  10689) |************************************************+
Info: [ 10689,  11562) |*******************************************+
Info: [ 11562,  12435) |*************************************************+
Info: [ 12435,  13308) |************************************************************ 
Info: [ 13308,  14181) |*******************************************************+
Info: [ 14181,  15054) |***************************************************+
Info: Checksum: 0x34e00687
Info: Routing globals...
Info:     routing clock net $glbnet$sdram_clk$TRELLIS_IO_OUT using global 0

Info: Routing..
Info: Setting up routing queue.
Info: Routing 60640 arcs.
Info:            |   (re-)routed arcs  |   delta    | remaining|       time spent     |
Info:    IterCnt |  w/ripup   wo/ripup |  w/r  wo/r |      arcs| batch(sec) total(sec)|
Info:       1000 |      669        330 |  669   330 |     60512|       1.99       1.99|
Info:       2000 |     1220        779 |  551   449 |     60337|       1.29       3.28|
Info:       3000 |     1778       1221 |  558   442 |     60140|       1.59       4.87|
Info:       4000 |     2310       1689 |  532   468 |     59996|       1.61       6.49|
Info:       5000 |     2765       2234 |  455   545 |     59803|       1.40       7.89|
Info:       6000 |     3231       2768 |  466   534 |     59727|       1.65       9.53|
Info:       7000 |     3655       3344 |  424   576 |     59509|       2.03      11.57|
Info:       8000 |     4076       3923 |  421   579 |     59203|       2.40      13.96|
Info:       9000 |     4464       4535 |  388   612 |     58916|       2.91      16.87|
Info:      10000 |     4867       5132 |  403   597 |     58672|       2.71      19.59|
Info:      11000 |     5280       5719 |  413   587 |     58353|       3.54      23.13|
Info:      12000 |     5598       6401 |  318   682 |     57973|       6.99      30.12|
Info:      13000 |     5703       7296 |  105   895 |     57129|       1.05      31.17|
Info:      14000 |     5822       8177 |  119   881 |     56337|       0.81      31.98|
Info:      15000 |     5884       9115 |   62   938 |     55448|       0.61      32.59|
Info:      16000 |     5969      10030 |   85   915 |     54924|       0.84      33.43|
Info:      17000 |     6065      10934 |   96   904 |     54097|       0.81      34.24|
Info:      18000 |     6172      11827 |  107   893 |     53430|       1.60      35.83|
Info:      19000 |     6296      12703 |  124   876 |     52621|       1.48      37.31|
Info:      20000 |     6357      13642 |   61   939 |     51709|       0.51      37.82|
Info:      21000 |     6408      14591 |   51   949 |     50826|       0.49      38.31|
Info:      22000 |     6457      15542 |   49   951 |     49896|       0.78      39.09|
Info:      23000 |     6523      16476 |   66   934 |     49026|       0.77      39.85|
Info:      24000 |     6586      17413 |   63   937 |     48120|       0.45      40.30|
Info:      25000 |     6716      18283 |  130   870 |     47442|       0.82      41.13|
Info:      26000 |     6767      19232 |   51   949 |     46606|       0.69      41.82|
Info:      27000 |     6831      20168 |   64   936 |     45717|       0.47      42.29|
Info:      28000 |     6922      21077 |   91   909 |     45180|       0.63      42.92|
Info:      29000 |     7060      21939 |  138   862 |     44476|       1.30      44.22|
Info:      30000 |     7160      22839 |  100   900 |     43739|       0.82      45.04|
Info:      31000 |     7229      23770 |   69   931 |     42886|       0.53      45.56|
Info:      32000 |     7348      24651 |  119   881 |     42108|       0.60      46.16|
Info:      33000 |     7437      25562 |   89   911 |     41301|       0.59      46.76|
Info:      34000 |     7551      26448 |  114   886 |     40496|       0.63      47.39|
Info:      35000 |     7722      27277 |  171   829 |     39971|       0.81      48.20|
Info:      36000 |     7851      28148 |  129   871 |     39368|       0.69      48.89|
Info:      37000 |     8013      28986 |  162   838 |     38921|       1.17      50.06|
Info:      38000 |     8151      29848 |  138   862 |     38336|       0.72      50.78|
Info:      39000 |     8338      30661 |  187   813 |     37732|       1.08      51.86|
Info:      40000 |     8516      31483 |  178   822 |     37150|       0.93      52.79|
Info:      41000 |     8673      32326 |  157   843 |     36378|       0.74      53.53|
Info:      42000 |     8885      33114 |  212   788 |     35859|       0.72      54.25|
Info:      43000 |     9046      33953 |  161   839 |     35147|       1.00      55.25|
Info:      44000 |     9229      34768 |  183   815 |     34531|       1.10      56.35|
Info:      45000 |     9391      35606 |  162   838 |     33952|       0.63      56.98|
Info:      46000 |     9599      36398 |  208   792 |     33289|       0.69      57.67|
Info:      47000 |     9865      37132 |  266   734 |     32794|       1.07      58.74|
Info:      48000 |    10062      37928 |  197   796 |     32232|       1.39      60.13|
Info:      49000 |    10249      38737 |  187   809 |     32209|       1.26      61.38|
Info:      50000 |    10428      39547 |  179   810 |     31489|       0.76      62.14|
Info:      51000 |    10692      40269 |  264   722 |     31041|       1.18      63.33|
Info:      52000 |    11000      40949 |  308   680 |     30580|       1.02      64.35|
Info:      53000 |    11260      41664 |  260   715 |     30143|       0.99      65.34|
Info:      54000 |    11548      42366 |  288   702 |     29782|       1.31      66.64|
Info:      55000 |    11780      43098 |  232   732 |     29301|       0.91      67.55|
Info:      56000 |    12031      43835 |  251   737 |     29033|       1.09      68.63|
Info:      57000 |    12255      44544 |  224   709 |     28511|       0.90      69.53|
Info:      58000 |    12464      45294 |  209   750 |     28100|       0.66      70.19|
Info:      59000 |    12686      46053 |  222   759 |     27554|       0.95      71.15|
Info:      60000 |    12972      46717 |  286   664 |     27194|       1.29      72.43|
Info:      61000 |    13219      47437 |  247   720 |     26751|       1.28      73.71|
Info:      62000 |    13445      48184 |  226   747 |     26180|       1.03      74.74|
Info:      63000 |    13667      48942 |  222   758 |     25758|       1.01      75.75|
Info:      64000 |    14056      49553 |  389   611 |     25621|       2.06      77.80|
Info:      65000 |    14253      50326 |  197   773 |     25165|       0.73      78.54|
Info:      66000 |    14490      51042 |  237   716 |     24618|       1.27      79.80|
Info:      67000 |    14728      51772 |  238   730 |     24282|       1.22      81.03|
Info:      68000 |    14972      52479 |  244   707 |     23929|       1.16      82.19|
Info:      69000 |    15170      53258 |  198   779 |     23339|       0.86      83.05|
Info:      70000 |    15464      53964 |  294   706 |     23238|       1.77      84.82|
Info:      71000 |    15640      54710 |  176   746 |     22616|       0.95      85.77|
Info:      72000 |    15881      55464 |  241   754 |     22504|       1.17      86.94|
Info:      73000 |    16098      56221 |  217   757 |     21946|       0.84      87.77|
Info:      74000 |    16319      56984 |  221   763 |     21626|       1.45      89.22|
Info:      75000 |    16545      57730 |  226   746 |     21167|       0.99      90.22|
Info:      76000 |    16812      58448 |  267   718 |     20981|       1.22      91.44|
Info:      77000 |    17093      59142 |  281   694 |     20552|       1.39      92.84|
Info:      78000 |    17381      59842 |  288   700 |     20303|       1.95      94.79|
Info:      79000 |    17643      60549 |  262   707 |     19758|       1.25      96.04|
Info:      80000 |    17953      61212 |  310   663 |     19509|       2.14      98.19|
Info:      81000 |    18295      61857 |  342   645 |     19199|       1.86     100.05|
Info:      82000 |    18583      62538 |  288   681 |     19137|       1.57     101.62|
Info:      83000 |    18894      63224 |  311   686 |     18747|       2.33     103.95|
Info:      84000 |    19171      63922 |  277   698 |     18458|       1.51     105.46|
Info:      85000 |    19475      64604 |  304   682 |     18313|       1.50     106.96|
Info:      86000 |    19778      65301 |  303   697 |     17931|       1.63     108.59|
Info:      87000 |    20007      66047 |  229   746 |     17277|       0.86     109.45|
Info:      88000 |    20242      66809 |  235   762 |     17037|       2.61     112.06|
Info:      89000 |    20490      67561 |  248   752 |     16978|       1.89     113.95|
Info:      90000 |    20853      68198 |  363   637 |     16924|       1.95     115.90|
Info:      91000 |    21066      68985 |  213   787 |     16740|       1.25     117.15|
Info:      92000 |    21289      69713 |  223   728 |     16367|       1.77     118.93|
Info:      93000 |    21546      70440 |  257   727 |     15917|       1.19     120.12|
Info:      94000 |    21809      71160 |  263   720 |     15675|       1.52     121.63|
Info:      95000 |    22148      71821 |  339   661 |     15482|       2.16     123.80|
Info:      96000 |    22341      72538 |  193   717 |     14842|       0.89     124.69|
Info:      97000 |    22565      73288 |  224   750 |     14274|       1.06     125.75|
Info:      98000 |    22761      74052 |  196   764 |     13866|       0.95     126.70|
Info:      99000 |    23030      74756 |  269   704 |     13504|       1.55     128.25|
Info:     100000 |    23354      75432 |  324   676 |     13314|       1.80     130.05|
Info:     101000 |    23694      76092 |  340   660 |     13385|       1.78     131.83|
Info:     102000 |    24027      76719 |  333   627 |     13021|       1.54     133.37|
Info:     103000 |    24330      77412 |  303   693 |     12625|       1.61     134.98|
Info:     104000 |    24703      78039 |  373   627 |     12472|       1.83     136.81|
Info:     105000 |    25014      78728 |  311   689 |     12363|       2.20     139.01|
Info:     106000 |    25426      79316 |  412   588 |     12323|       2.71     141.72|
Info:     107000 |    25692      80007 |  266   691 |     11987|       1.50     143.21|
Info:     108000 |    25857      80771 |  165   764 |     11440|       0.84     144.05|
Info:     109000 |    26151      81468 |  294   697 |     11197|       1.83     145.88|
Info:     110000 |    26316      82246 |  165   778 |     10546|       1.00     146.88|
Info:     111000 |    26613      82889 |  297   643 |     10272|       1.87     148.75|
Info:     112000 |    26945      83521 |  332   632 |      9947|       1.56     150.31|
Info:     113000 |    27230      84236 |  285   715 |      9773|       2.60     152.91|
Info:     114000 |    27683      84783 |  453   547 |      9725|       3.24     156.15|
Info:     115000 |    28042      85424 |  359   641 |      9728|       2.16     158.31|
Info:     116000 |    28400      86066 |  358   642 |      9556|       1.97     160.28|
Info:     117000 |    28712      86754 |  312   688 |      9444|       1.72     162.00|
Info:     118000 |    29118      87348 |  406   594 |      9437|       2.19     164.19|
Info:     119000 |    29455      88011 |  337   663 |      9440|       2.19     166.37|
Info:     120000 |    29664      88802 |  209   791 |      9384|       1.60     167.97|
Info:     121000 |    30028      89438 |  364   636 |      9266|       2.57     170.54|
Info:     122000 |    30361      90105 |  333   667 |      9288|       2.01     172.54|
Info:     123000 |    30694      90772 |  333   667 |      9203|       2.19     174.73|
Info:     124000 |    30987      91427 |  293   655 |      8655|       1.45     176.18|
Info:     125000 |    31160      92226 |  173   799 |      7985|       0.93     177.12|
Info:     126000 |    31590      92796 |  430   570 |      7984|       2.81     179.93|
Info:     127000 |    31741      93632 |  151   836 |      7457|       0.73     180.66|
Info:     128000 |    32116      94251 |  375   619 |      7216|       2.34     183.01|
Info:     129000 |    32495      94872 |  379   621 |      7266|       2.09     185.09|
Info:     130000 |    32932      95435 |  437   563 |      7092|       2.17     187.26|
Info:     131000 |    33303      96064 |  371   629 |      7230|       1.85     189.11|
Info:     132000 |    33690      96677 |  387   613 |      7002|       2.06     191.17|
Info:     133000 |    34129      97238 |  439   561 |      6767|       2.15     193.32|
Info:     134000 |    34550      97817 |  421   579 |      6731|       2.18     195.50|
Info:     135000 |    34982      98385 |  432   568 |      6634|       2.00     197.50|
Info:     136000 |    35367      99000 |  385   615 |      6479|       1.84     199.34|
Info:     137000 |    35614      99751 |  247   751 |      6065|       1.70     201.04|
Info:     138000 |    35926     100439 |  312   688 |      5826|       1.84     202.88|
Info:     139000 |    36113     101252 |  187   813 |      5069|       0.62     203.49|
Info:     140000 |    36524     101841 |  411   589 |      5014|       2.86     206.35|
Info:     141000 |    36993     102372 |  469   531 |      4804|       2.38     208.73|
Info:     142000 |    37485     102880 |  492   508 |      4693|       2.15     210.88|
Info:     143000 |    37942     103423 |  457   543 |      4652|       3.18     214.06|
Info:     144000 |    38365     104000 |  423   577 |      4613|       2.41     216.47|
Info:     145000 |    38762     104603 |  397   603 |      4570|       2.23     218.70|
Info:     146000 |    39258     105107 |  496   504 |      4474|       2.36     221.06|
Info:     147000 |    39657     105708 |  399   601 |      4373|       2.40     223.46|
Info:     148000 |    40074     106291 |  417   583 |      4422|       1.71     225.17|
Info:     149000 |    40509     106856 |  435   565 |      4319|       2.35     227.52|
Info:     150000 |    40913     107452 |  404   596 |      4335|       1.98     229.50|
Info:     151000 |    41356     108009 |  443   557 |      4219|       2.95     232.44|
Info:     152000 |    41861     108504 |  505   495 |      4171|       2.74     235.18|
Info:     153000 |    42242     109123 |  381   619 |      3900|       1.82     237.00|
Info:     154000 |    42604     109761 |  362   638 |      3460|       1.85     238.86|
Info:     155000 |    42888     110462 |  284   701 |      2914|       1.35     240.20|
Info:     156000 |    43226     111086 |  338   624 |      2707|       3.42     243.62|
Info:     157000 |    43528     111735 |  302   649 |      2469|       1.84     245.46|
Info:     158000 |    43914     112316 |  386   581 |      2364|       1.93     247.39|
Info:     159000 |    44298     112898 |  384   582 |      2129|       2.66     250.05|
Info:     160000 |    44593     113542 |  295   644 |      1721|       2.80     252.85|
Info:     161000 |    44815     114266 |  222   724 |      1499|       1.61     254.46|
Info:     162000 |    45099     114930 |  284   664 |      1048|       1.82     256.28|
Info:     163000 |    45394     115603 |  295   673 |       839|       1.75     258.04|
Info:     164000 |    45739     116235 |  345   632 |       681|       2.61     260.64|
Info:     165000 |    46042     116930 |  303   695 |       669|       2.51     263.16|
Info:     166000 |    46395     117552 |  353   622 |      1719|       3.45     266.60|
Info:     167000 |    46715     118232 |  320   680 |      1662|       5.13     271.73|
Info:     168000 |    46870     119077 |  155   845 |      1090|       2.00     273.73|
Info:     169000 |    47108     119839 |  238   762 |       932|       2.00     275.74|
Info:     170000 |    47367     120580 |  259   741 |       773|       3.09     278.82|
Info:     171000 |    47683     121264 |  316   684 |       674|       2.39     281.22|
Info:     172000 |    48122     121825 |  439   561 |       636|       2.91     284.13|
Info:     173000 |    48401     122546 |  279   721 |       568|       1.80     285.93|
Info:     174000 |    48698     123209 |  297   663 |       256|       2.93     288.86|
Info:     174311 |    48734     123431 |   36   222 |         0|       0.47     289.32|
Info: Routing complete.
Info: Router1 time 289.32s
Info: Checksum: 0x1f66f1a9

Info: Critical path report for clock '$glbnet$sdram_clk$TRELLIS_IO_OUT' (posedge -> posedge):
Info:       type curr  total name
Info:   clk-to-q  0.40  0.40 Source u_dataflow_core.GEN_SLOT[0].u_np.w0[7]_TRELLIS_FF_Q_2.Q
Info:    routing  4.68  5.08 Net u_dataflow_core.GEN_SLOT[0].u_np.w0[7][3] (20,7) -> (78,46)
Info:                          Sink u_dataflow_core.GEN_SLOT[0].u_np.product_comb[7]_MULT18X18D_P9.B3
Info:                          Defined in:
Info:                               hardware/v2/rtl/neural_processor.v:100.44-100.46
Info:      logic  3.07  8.14 Source u_dataflow_core.GEN_SLOT[0].u_np.product_comb[7]_MULT18X18D_P9.P7
Info:    routing  4.75  12.90 Net u_dataflow_core.GEN_SLOT[0].u_np.product_comb[7][7] (78,46) -> (13,9)
Info:                          Sink u_dataflow_core.GEN_SLOT[0].u_np.prod1[7]_TRELLIS_FF_Q_6.M
Info:                          Defined in:
Info:                               hardware/v2/rtl/neural_processor.v:135.34-135.46
Info:      setup  0.00  12.90 Source u_dataflow_core.GEN_SLOT[0].u_np.prod1[7]_TRELLIS_FF_Q_6.M
Info: 3.46 ns logic, 9.43 ns routing

Info: Critical path report for cross-domain path '<async>' -> 'posedge $glbnet$sdram_clk$TRELLIS_IO_OUT':
Info:       type curr  total name
Info:     source  0.00  0.00 Source ext_rst_n$tr_io.O
Info:    routing  0.96  0.96 Net ext_rst_n$TRELLIS_IO_IN (0,14) -> (2,15)
Info:                          Sink ext_rst_n_LUT4_D.D
Info:                          Defined in:
Info:                               hardware/v2/rtl/reset_sync.v:18.17-18.26
Info:      logic  0.18  1.14 Source ext_rst_n_LUT4_D.F
Info:    routing  3.83  4.98 Net ext_rst_n_LUT4_D_Z (2,15) -> (27,62)
Info:                          Sink ext_rst_n_LUT4_D_Z_TRELLIS_FF_LSR_DI_TRELLIS_FF_Q.LSR
Info:      setup  0.29  5.26 Source ext_rst_n_LUT4_D_Z_TRELLIS_FF_LSR_DI_TRELLIS_FF_Q.LSR
Info: 0.47 ns logic, 4.80 ns routing

Info: Critical path report for cross-domain path 'posedge $glbnet$sdram_clk$TRELLIS_IO_OUT' -> '<async>':
Info:       type curr  total name
Info:   clk-to-q  0.40  0.40 Source u_spi_bridge.byte_idx_TRELLIS_FF_Q_3.Q
Info:    routing  0.50  0.89 Net u_spi_bridge.byte_idx[3] (32,47) -> (32,47)
Info:                          Sink u_spi_bridge.rx_valid_LUT4_D_Z_LUT4_Z_1_D_LUT4_Z.C
Info:                          Defined in:
Info:                               /root/tools_cache/oss-cad-suite/lib/../share/yosys/lattice/cells_map_trellis.v:108.23-108.24
Info:      logic  0.18  1.07 Source u_spi_bridge.rx_valid_LUT4_D_Z_LUT4_Z_1_D_LUT4_Z.F
Info:    routing  0.63  1.71 Net u_dataflow_core.reg_required_TRELLIS_FF_Q_CE_LUT4_Z_C[0] (32,47) -> (33,47)
Info:                          Sink u_spi_bridge.rx_valid_LUT4_D_Z_LUT4_Z_1.D
Info:                          Defined in:
Info:                               /root/tools_cache/oss-cad-suite/lib/../share/yosys/lattice/cells_map_trellis.v:108.23-108.24
Info:      logic  0.18  1.89 Source u_spi_bridge.rx_valid_LUT4_D_Z_LUT4_Z_1.F
Info:    routing  1.15  3.04 Net spi_miso_LUT4_Z_D_LUT4_D_Z_LUT4_Z_C[3] (33,47) -> (24,55)
Info:                          Sink spi_miso_LUT4_Z_D_LUT4_Z.D
Info:                          Defined in:
Info:                               /root/tools_cache/oss-cad-suite/lib/../share/yosys/lattice/cells_map_trellis.v:108.23-108.24
Info:      logic  0.18  3.22 Source spi_miso_LUT4_Z_D_LUT4_Z.F
Info:    routing  0.51  3.73 Net spi_miso_LUT4_Z_B[3] (24,55) -> (25,56)
Info:                          Sink spi_miso_LUT4_Z.D
Info:                          Defined in:
Info:                               /root/tools_cache/oss-cad-suite/lib/../share/yosys/lattice/cells_map_trellis.v:108.23-108.24
Info:      logic  0.18  3.91 Source spi_miso_LUT4_Z.F
Info:    routing  1.71  5.62 Net spi_miso$TRELLIS_IO_OUT (25,56) -> (0,62)
Info:                          Sink spi_miso$tr_io.I
Info:                          Defined in:
Info:                               hardware/v2/nms/rtl/fpga_neural_v2_top.v:55.17-55.25
Info: 1.12 ns logic, 4.50 ns routing

Info: Max frequency for clock '$glbnet$sdram_clk$TRELLIS_IO_OUT': 77.55 MHz (PASS at 64.00 MHz)

Info: Max delay <async>                                  -> posedge $glbnet$sdram_clk$TRELLIS_IO_OUT: 5.26 ns
Info: Max delay posedge $glbnet$sdram_clk$TRELLIS_IO_OUT -> <async>                                 : 5.62 ns

Info: Slack histogram:
Info:  legend: * represents 65 endpoint(s)
Info:          + represents [1,65) endpoint(s)
Info: [  2730,   3340) |+
Info: [  3340,   3950) |+
Info: [  3950,   4560) |*+
Info: [  4560,   5170) |***+
Info: [  5170,   5780) |*****+
Info: [  5780,   6390) |*****+
Info: [  6390,   7000) |*****+
Info: [  7000,   7610) |********+
Info: [  7610,   8220) |*********+
Info: [  8220,   8830) |************+
Info: [  8830,   9440) |**********************+
Info: [  9440,  10050) |*******************************+
Info: [ 10050,  10660) |***************************************+
Info: [ 10660,  11270) |*******************************************+
Info: [ 11270,  11880) |***************************************+
Info: [ 11880,  12490) |**************************************************+
Info: [ 12490,  13100) |**************************************************+
Info: [ 13100,  13710) |********************************************************+
Info: [ 13710,  14320) |************************************************************ 
Info: [ 14320,  14930) |**********************************************+

Info: Program finished normally.
