Info: constraining clock net 'osc_clk' to 16.00 MHz

Info: Logic utilisation before packing:
Info:     Total LUT4s:     10172/43848    23%
Info:         logic LUTs:   5470/43848    12%
Info:         carry LUTs:   2764/43848     6%
Info:           RAM LUTs:   1292/ 5481    23%
Info:          RAMW LUTs:    646/10962     5%

Info:      Total DFFs:     11131/43848    25%

Info: Packing IOs..
Info: $sdram_dq[15]$iobuf_i: sdram_dq_$_TBUF__Y.Y
Info: pin 'sdram_dq[15]$tr_io' constrained to Bel 'X0/Y59/PIOB'.
Info: $sdram_dq[14]$iobuf_i: sdram_dq_$_TBUF__Y_15.Y
Info: pin 'sdram_dq[14]$tr_io' constrained to Bel 'X0/Y59/PIOC'.
Info: $sdram_dq[13]$iobuf_i: sdram_dq_$_TBUF__Y_14.Y
Info: pin 'sdram_dq[13]$tr_io' constrained to Bel 'X0/Y59/PIOA'.
Info: $sdram_dq[12]$iobuf_i: sdram_dq_$_TBUF__Y_13.Y
Info: pin 'sdram_dq[12]$tr_io' constrained to Bel 'X0/Y53/PIOA'.
Info: $sdram_dq[11]$iobuf_i: sdram_dq_$_TBUF__Y_12.Y
Info: pin 'sdram_dq[11]$tr_io' constrained to Bel 'X0/Y44/PIOD'.
Info: $sdram_dq[10]$iobuf_i: sdram_dq_$_TBUF__Y_11.Y
Info: pin 'sdram_dq[10]$tr_io' constrained to Bel 'X0/Y44/PIOC'.
Info: $sdram_dq[9]$iobuf_i: sdram_dq_$_TBUF__Y_10.Y
Info: pin 'sdram_dq[9]$tr_io' constrained to Bel 'X0/Y44/PIOA'.
Info: $sdram_dq[8]$iobuf_i: sdram_dq_$_TBUF__Y_9.Y
Info: pin 'sdram_dq[8]$tr_io' constrained to Bel 'X0/Y41/PIOD'.
Info: $sdram_dq[7]$iobuf_i: sdram_dq_$_TBUF__Y_8.Y
Info: pin 'sdram_dq[7]$tr_io' constrained to Bel 'X0/Y41/PIOB'.
Info: $sdram_dq[6]$iobuf_i: sdram_dq_$_TBUF__Y_7.Y
Info: pin 'sdram_dq[6]$tr_io' constrained to Bel 'X0/Y41/PIOC'.
Info: $sdram_dq[5]$iobuf_i: sdram_dq_$_TBUF__Y_6.Y
Info: pin 'sdram_dq[5]$tr_io' constrained to Bel 'X0/Y41/PIOA'.
Info: $sdram_dq[4]$iobuf_i: sdram_dq_$_TBUF__Y_5.Y
Info: pin 'sdram_dq[4]$tr_io' constrained to Bel 'X0/Y38/PIOD'.
Info: $sdram_dq[3]$iobuf_i: sdram_dq_$_TBUF__Y_4.Y
Info: pin 'sdram_dq[3]$tr_io' constrained to Bel 'X0/Y38/PIOB'.
Info: $sdram_dq[2]$iobuf_i: sdram_dq_$_TBUF__Y_3.Y
Info: pin 'sdram_dq[2]$tr_io' constrained to Bel 'X0/Y29/PIOD'.
Info: $sdram_dq[1]$iobuf_i: sdram_dq_$_TBUF__Y_2.Y
Info: pin 'sdram_dq[1]$tr_io' constrained to Bel 'X0/Y29/PIOB'.
Info: $sdram_dq[0]$iobuf_i: sdram_dq_$_TBUF__Y_1.Y
Info: pin 'sdram_dq[0]$tr_io' constrained to Bel 'X0/Y26/PIOD'.
Info: pin 'spi_sclk$tr_io' constrained to Bel 'X0/Y62/PIOC'.
Info: pin 'spi_mosi$tr_io' constrained to Bel 'X0/Y62/PIOB'.
Info: pin 'spi_miso$tr_io' constrained to Bel 'X0/Y62/PIOD'.
Info: pin 'spi_cs_n$tr_io' constrained to Bel 'X0/Y65/PIOA'.
Info: pin 'sdram_we_n$tr_io' constrained to Bel 'X0/Y14/PIOD'.
Info: pin 'sdram_ras_n$tr_io' constrained to Bel 'X0/Y14/PIOA'.
Info: pin 'sdram_dqm[1]$tr_io' constrained to Bel 'X0/Y62/PIOA'.
Info: pin 'sdram_dqm[0]$tr_io' constrained to Bel 'X0/Y59/PIOD'.
Info: pin 'sdram_cs_n$tr_io' constrained to Bel 'X0/Y11/PIOD'.
Info: pin 'sdram_clk$tr_io' constrained to Bel 'X0/Y38/PIOA'.
Info: pin 'sdram_cke$tr_io' constrained to Bel 'X0/Y11/PIOC'.
Info: pin 'sdram_cas_n$tr_io' constrained to Bel 'X0/Y14/PIOC'.
Info: pin 'sdram_ba[1]$tr_io' constrained to Bel 'X0/Y17/PIOC'.
Info: pin 'sdram_ba[0]$tr_io' constrained to Bel 'X0/Y17/PIOA'.
Info: pin 'sdram_a[12]$tr_io' constrained to Bel 'X0/Y35/PIOB'.
Info: pin 'sdram_a[11]$tr_io' constrained to Bel 'X0/Y26/PIOB'.
Info: pin 'sdram_a[10]$tr_io' constrained to Bel 'X0/Y26/PIOC'.
Info: pin 'sdram_a[9]$tr_io' constrained to Bel 'X0/Y26/PIOA'.
Info: pin 'sdram_a[8]$tr_io' constrained to Bel 'X0/Y23/PIOD'.
Info: pin 'sdram_a[7]$tr_io' constrained to Bel 'X0/Y23/PIOB'.
Info: pin 'sdram_a[6]$tr_io' constrained to Bel 'X0/Y23/PIOA'.
Info: pin 'sdram_a[5]$tr_io' constrained to Bel 'X0/Y20/PIOD'.
Info: pin 'sdram_a[4]$tr_io' constrained to Bel 'X0/Y20/PIOB'.
Info: pin 'sdram_a[3]$tr_io' constrained to Bel 'X0/Y20/PIOC'.
Info: pin 'sdram_a[2]$tr_io' constrained to Bel 'X0/Y20/PIOA'.
Info: pin 'sdram_a[1]$tr_io' constrained to Bel 'X0/Y17/PIOD'.
Info: pin 'sdram_a[0]$tr_io' constrained to Bel 'X0/Y17/PIOB'.
Info: pin 'pll_locked$tr_io' constrained to Bel 'X0/Y65/PIOC'.
Info: pin 'osc_clk$tr_io' constrained to Bel 'X0/Y29/PIOC'.
Info: pin 'ext_rst_n$tr_io' constrained to Bel 'X0/Y14/PIOB'.
Info: pin 'data_ready$tr_io' constrained to Bel 'X0/Y32/PIOA'.
Info: placed PLL 'u_pll.pll_i' at bel 'X1/Y4/EHXPLL_UL'
Info: Packing constants..
Info: Packing carries...
Info: Packing LUTs...
Info: Packing LUT5-7s...
Info: Packing FFs...
Info:     3843 FFs paired with LUTs.
Info: Generating derived timing constraints...
Info:     Input frequency of PLL 'u_pll.pll_i' is constrained to 16.0 MHz
Info:     Derived frequency constraint of 64.0 MHz for net sdram_clk$TRELLIS_IO_OUT
Info: Promoting globals...
Info:     promoting clock net sdram_clk$TRELLIS_IO_OUT to global network
Info: Checksum: 0x5b4afc76

Info: Device utilisation:
Info: 	          TRELLIS_IO:      47/    245    19%
Info: 	                DCCA:       1/     56     1%
Info: 	              DP16KD:       0/    108     0%
Info: 	          MULT18X18D:      64/     72    88%
Info: 	              ALU54B:       0/     36     0%
Info: 	             EHXPLLL:       1/      4    25%
Info: 	             EXTREFB:       0/      2     0%
Info: 	                DCUA:       0/      2     0%
Info: 	           PCSCLKDIV:       0/      2     0%
Info: 	             IOLOGIC:       0/    160     0%
Info: 	            SIOLOGIC:       0/     85     0%
Info: 	                 GSR:       0/      1     0%
Info: 	               JTAGG:       0/      1     0%
Info: 	                OSCG:       0/      1     0%
Info: 	               SEDGA:       0/      1     0%
Info: 	                 DTR:       0/      1     0%
Info: 	             USRMCLK:       0/      1     0%
Info: 	             CLKDIVF:       0/      4     0%
Info: 	           ECLKSYNCB:       0/     10     0%
Info: 	             DLLDELD:       0/      8     0%
Info: 	              DDRDLL:       0/      4     0%
Info: 	             DQSBUFM:       0/     10     0%
Info: 	     TRELLIS_ECLKBUF:       0/      8     0%
Info: 	        ECLKBRIDGECS:       0/      2     0%
Info: 	                DCSC:       0/      2     0%
Info: 	          TRELLIS_FF:   11131/  43848    25%
Info: 	        TRELLIS_COMB:   10982/  43848    25%
Info: 	        TRELLIS_RAMW:     323/   5481     5%

Info: Placed 48 cells based on constraints.
Info: Creating initial analytic placement for 12984 cells, random placement wirelen = 1061250.
Info:     at initial placer iter 0, wirelen = 5347
Info:     at initial placer iter 1, wirelen = 4726
Info:     at initial placer iter 2, wirelen = 4288
Info:     at initial placer iter 3, wirelen = 4242
Info: Running main analytical placer, max placement attempts per cell = 63557175.
Info:     at iteration #1, type ALL: wirelen solved = 4241, spread = 246342, legal = 280703; time = 2.49s
Info:     at iteration #2, type ALL: wirelen solved = 24614, spread = 178668, legal = 212367; time = 2.29s
Info:     at iteration #3, type ALL: wirelen solved = 36387, spread = 162853, legal = 199903; time = 2.18s
Info:     at iteration #4, type ALL: wirelen solved = 42977, spread = 154798, legal = 185245; time = 2.34s
Info:     at iteration #5, type ALL: wirelen solved = 46058, spread = 148076, legal = 187970; time = 2.23s
Info:     at iteration #6, type ALL: wirelen solved = 46594, spread = 150100, legal = 188490; time = 2.22s
Info:     at iteration #7, type ALL: wirelen solved = 49682, spread = 148575, legal = 185798; time = 2.17s
Info:     at iteration #8, type ALL: wirelen solved = 50906, spread = 147474, legal = 184624; time = 2.17s
Info:     at iteration #9, type ALL: wirelen solved = 51626, spread = 147714, legal = 184584; time = 2.31s
Info:     at iteration #10, type ALL: wirelen solved = 53525, spread = 147409, legal = 185941; time = 2.23s
Info:     at iteration #11, type ALL: wirelen solved = 54622, spread = 147543, legal = 182826; time = 2.27s
Info:     at iteration #12, type ALL: wirelen solved = 55763, spread = 148082, legal = 184704; time = 2.23s
Info:     at iteration #13, type ALL: wirelen solved = 56812, spread = 148422, legal = 182754; time = 2.14s
Info:     at iteration #14, type ALL: wirelen solved = 57859, spread = 148607, legal = 184952; time = 2.13s
Info:     at iteration #15, type ALL: wirelen solved = 58884, spread = 149506, legal = 185195; time = 2.21s
Info:     at iteration #16, type ALL: wirelen solved = 61156, spread = 150266, legal = 183059; time = 2.17s
Info:     at iteration #17, type ALL: wirelen solved = 61526, spread = 150101, legal = 181977; time = 2.17s
Info:     at iteration #18, type ALL: wirelen solved = 62882, spread = 152716, legal = 183808; time = 2.07s
Info:     at iteration #19, type ALL: wirelen solved = 64243, spread = 153777, legal = 184138; time = 2.01s
Info:     at iteration #20, type ALL: wirelen solved = 65222, spread = 155640, legal = 182867; time = 1.97s
Info:     at iteration #21, type ALL: wirelen solved = 66543, spread = 156756, legal = 181535; time = 2.16s
Info:     at iteration #22, type ALL: wirelen solved = 68054, spread = 159591, legal = 184507; time = 2.05s
Info:     at iteration #23, type ALL: wirelen solved = 69562, spread = 160661, legal = 183403; time = 2.01s
Info:     at iteration #24, type ALL: wirelen solved = 70170, spread = 161893, legal = 181688; time = 2.08s
Info:     at iteration #25, type ALL: wirelen solved = 70892, spread = 163424, legal = 184008; time = 2.05s
Info:     at iteration #26, type ALL: wirelen solved = 71724, spread = 163383, legal = 184104; time = 2.02s
Info: HeAP Placer Time: 62.91s
Info:   of which solving equations: 11.82s
Info:   of which spreading cells: 2.23s
Info:   of which strict legalisation: 43.44s

Info: Running simulated annealing placer for refinement.
Info:   at iteration #1: temp = 0.000000, timing cost = 2364, wirelen = 181535
Info:   at iteration #5: temp = 0.000000, timing cost = 1672, wirelen = 169875
Info:   at iteration #10: temp = 0.000000, timing cost = 1509, wirelen = 167338
Info:   at iteration #15: temp = 0.000000, timing cost = 1451, wirelen = 166332
Info:   at iteration #20: temp = 0.000000, timing cost = 1431, wirelen = 165938
Info:   at iteration #25: temp = 0.000000, timing cost = 1422, wirelen = 165760
Info:   at iteration #30: temp = 0.000000, timing cost = 1412, wirelen = 165652
Info:   at iteration #35: temp = 0.000000, timing cost = 1406, wirelen = 165608
Info:   at iteration #35: temp = 0.000000, timing cost = 1406, wirelen = 165610 
Info: SA placement time 58.32s

Info: Max frequency for clock '$glbnet$sdram_clk$TRELLIS_IO_OUT': 58.06 MHz (FAIL at 64.00 MHz)

Info: Max delay <async>                                  -> posedge $glbnet$sdram_clk$TRELLIS_IO_OUT: 7.10 ns
Info: Max delay posedge $glbnet$sdram_clk$TRELLIS_IO_OUT -> <async>                                 : 7.69 ns

Info: Slack histogram:
Info:  legend: * represents 68 endpoint(s)
Info:          + represents [1,68) endpoint(s)
Info: [ -1600,   -767) |+
Info: [  -767,     66) |+
Info: [    66,    899) |+
Info: [   899,   1732) |*+
Info: [  1732,   2565) |*+
Info: [  2565,   3398) |**+
Info: [  3398,   4231) |****+
Info: [  4231,   5064) |*****+
Info: [  5064,   5897) |*********+
Info: [  5897,   6730) |*****+
Info: [  6730,   7563) |***************+
Info: [  7563,   8396) |******************************+
Info: [  8396,   9229) |***********************************************+
Info: [  9229,  10062) |********************************************+
Info: [ 10062,  10895) |*********************************************+
Info: [ 10895,  11728) |****************************************+
Info: [ 11728,  12561) |**********************************************+
Info: [ 12561,  13394) |************************************************************ 
Info: [ 13394,  14227) |***********************************************+
Info: [ 14227,  15060) |******************************************************+
Info: Checksum: 0x8de2809c
Info: Routing globals...
Info:     routing clock net $glbnet$sdram_clk$TRELLIS_IO_OUT using global 0

Info: Routing..
Info: Setting up routing queue.
Info: Routing 60699 arcs.
Info:            |   (re-)routed arcs  |   delta    | remaining|       time spent     |
Info:    IterCnt |  w/ripup   wo/ripup |  w/r  wo/r |      arcs| batch(sec) total(sec)|
Info:       1000 |      619        380 |  619   380 |     60493|       2.24       2.24|
Info:       2000 |     1156        843 |  537   463 |     60371|       1.80       4.04|
Info:       3000 |     1688       1311 |  532   468 |     60242|       1.35       5.39|
Info:       4000 |     2257       1742 |  569   431 |     60073|       1.36       6.75|
Info:       5000 |     2836       2163 |  579   421 |     59905|       1.68       8.43|
Info:       6000 |     3416       2583 |  580   420 |     59706|       1.32       9.75|
Info:       7000 |     3810       3189 |  394   606 |     59568|       1.66      11.41|
Info:       8000 |     4306       3693 |  496   504 |     59414|       1.49      12.89|
Info:       9000 |     4792       4207 |  486   514 |     59137|       1.79      14.69|
Info:      10000 |     5142       4857 |  350   650 |     58823|       1.52      16.21|
Info:      11000 |     5432       5567 |  290   710 |     58477|       1.92      18.13|
Info:      12000 |     5801       6198 |  369   631 |     58127|       2.39      20.52|
Info:      13000 |     6139       6860 |  338   662 |     57712|       2.65      23.17|
Info:      14000 |     6370       7629 |  231   769 |     57230|       2.30      25.47|
Info:      15000 |     6590       8409 |  220   780 |     56726|       2.49      27.96|
Info:      16000 |     6744       9255 |  154   846 |     55973|       1.73      29.69|
Info:      17000 |     6860      10139 |  116   884 |     55253|       1.12      30.81|
Info:      18000 |     6927      11072 |   67   933 |     54343|       0.64      31.46|
Info:      19000 |     7020      11979 |   93   907 |     53550|       0.95      32.40|
Info:      20000 |     7089      12910 |   69   931 |     52701|       0.48      32.88|
Info:      21000 |     7166      13833 |   77   923 |     51844|       0.58      33.47|
Info:      22000 |     7284      14715 |  118   882 |     51370|       0.66      34.12|
Info:      23000 |     7335      15664 |   51   949 |     50442|       0.51      34.63|
Info:      24000 |     7385      16614 |   50   950 |     49565|       0.55      35.18|
Info:      25000 |     7463      17536 |   78   922 |     48728|       0.70      35.88|
Info:      26000 |     7625      18374 |  162   838 |     48035|       2.49      38.38|
Info:      27000 |     7740      19259 |  115   885 |     47346|       0.82      39.20|
Info:      28000 |     7808      20191 |   68   932 |     46617|       0.62      39.82|
Info:      29000 |     7906      21093 |   98   902 |     45843|       0.70      40.52|
Info:      30000 |     8038      21961 |  132   868 |     45446|       0.72      41.24|
Info:      31000 |     8139      22860 |  101   899 |     44714|       0.75      41.99|
Info:      32000 |     8193      23806 |   54   946 |     43890|       0.65      42.64|
Info:      33000 |     8313      24686 |  120   880 |     43197|       0.90      43.54|
Info:      34000 |     8401      25598 |   88   912 |     42495|       0.52      44.06|
Info:      35000 |     8488      26511 |   87   913 |     41821|       0.60      44.66|
Info:      36000 |     8591      27408 |  103   897 |     41255|       0.91      45.57|
Info:      37000 |     8712      28287 |  121   879 |     40640|       0.91      46.48|
Info:      38000 |     8858      29141 |  146   854 |     39943|       0.70      47.18|
Info:      39000 |     8990      30009 |  132   868 |     39481|       0.67      47.85|
Info:      40000 |     9138      30861 |  148   852 |     38849|       0.94      48.79|
Info:      41000 |     9274      31725 |  136   864 |     38229|       0.65      49.44|
Info:      42000 |     9414      32585 |  140   860 |     38007|       0.63      50.06|
Info:      43000 |     9562      33437 |  148   852 |     37390|       0.83      50.90|
Info:      44000 |     9705      34294 |  143   857 |     36659|       0.74      51.64|
Info:      45000 |     9894      35105 |  189   811 |     36025|       0.94      52.58|
Info:      46000 |    10046      35953 |  152   848 |     35356|       0.71      53.29|
Info:      47000 |    10211      36787 |  165   834 |     34654|       0.60      53.88|
Info:      48000 |    10445      37552 |  234   765 |     34252|       1.22      55.10|
Info:      49000 |    10633      38364 |  188   812 |     33831|       0.72      55.83|
Info:      50000 |    10839      39158 |  206   794 |     33263|       0.80      56.63|
Info:      51000 |    11118      39879 |  279   721 |     32869|       1.20      57.84|
Info:      52000 |    11323      40670 |  205   791 |     32338|       0.74      58.57|
Info:      53000 |    11519      41471 |  196   801 |     32020|       2.51      61.08|
Info:      54000 |    11775      42211 |  256   740 |     31738|       1.04      62.12|
Info:      55000 |    11986      42986 |  211   775 |     31135|       1.02      63.15|
Info:      56000 |    12293      43672 |  307   686 |     30776|       1.30      64.45|
Info:      57000 |    12609      44348 |  316   676 |     30482|       1.40      65.85|
Info:      58000 |    12822      45114 |  213   766 |     30056|       1.04      66.90|
Info:      59000 |    13118      45782 |  296   668 |     29632|       1.18      68.08|
Info:      60000 |    13373      46498 |  255   716 |     29141|       0.83      68.90|
Info:      61000 |    13617      47253 |  244   755 |     29001|       1.41      70.31|
Info:      62000 |    13848      48002 |  231   749 |     28618|       0.97      71.29|
Info:      63000 |    14013      48780 |  165   778 |     28054|       0.60      71.88|
Info:      64000 |    14281      49487 |  268   707 |     27662|       1.27      73.15|
Info:      65000 |    14488      50242 |  207   755 |     27129|       0.69      73.84|
Info:      66000 |    14763      50957 |  275   715 |     26877|       1.10      74.93|
Info:      67000 |    15063      51651 |  300   694 |     26751|       1.54      76.48|
Info:      68000 |    15331      52340 |  268   689 |     26323|       0.96      77.44|
Info:      69000 |    15569      53102 |  238   762 |     26254|       1.72      79.16|
Info:      70000 |    15758      53872 |  189   770 |     25614|       0.91      80.07|
Info:      71000 |    15984      54621 |  226   749 |     24999|       0.77      80.84|
Info:      72000 |    16179      55383 |  195   762 |     24455|       0.78      81.62|
Info:      73000 |    16359      56180 |  180   797 |     24566|       0.86      82.48|
Info:      74000 |    16552      56983 |  193   803 |     23911|       0.86      83.34|
Info:      75000 |    16811      57663 |  259   680 |     23335|       0.94      84.28|
Info:      76000 |    16996      58462 |  185   799 |     23090|       1.06      85.34|
Info:      77000 |    17166      59221 |  170   759 |     22391|       0.57      85.91|
Info:      78000 |    17369      59969 |  203   748 |     21876|       0.76      86.67|
Info:      79000 |    17557      60698 |  188   729 |     21212|       0.57      87.24|
Info:      80000 |    17755      61467 |  198   769 |     20831|       1.26      88.51|
Info:      81000 |    18018      62192 |  263   725 |     20496|       1.32      89.82|
Info:      82000 |    18227      62949 |  209   757 |     19989|       0.75      90.58|
Info:      83000 |    18441      63716 |  214   767 |     19345|       1.13      91.71|
Info:      84000 |    18668      64473 |  227   757 |     18766|       0.91      92.62|
Info:      85000 |    18887      65206 |  219   733 |     18223|       0.96      93.58|
Info:      86000 |    19196      65897 |  309   691 |     18162|       1.87      95.45|
Info:      87000 |    19466      66608 |  270   711 |     17692|       1.45      96.90|
Info:      88000 |    19599      67433 |  133   825 |     17031|       0.70      97.60|
Info:      89000 |    19859      68162 |  260   729 |     16892|       1.20      98.80|
Info:      90000 |    20123      68882 |  264   720 |     16574|       0.91      99.71|
Info:      91000 |    20257      69695 |  134   813 |     15762|       0.78     100.49|
Info:      92000 |    20552      70375 |  295   680 |     15556|       1.78     102.27|
Info:      93000 |    20911      71016 |  359   641 |     16178|       3.66     105.93|
Info:      94000 |    21273      71654 |  362   638 |     15965|       5.46     111.38|
Info:      95000 |    21568      72359 |  295   705 |     15702|      12.44     123.82|
Info:      96000 |    21799      73128 |  231   769 |     15586|       2.24     126.07|
Info:      97000 |    22110      73817 |  311   689 |     15375|       2.91     128.98|
Info:      98000 |    22197      74680 |   87   863 |     14532|       0.44     129.42|
Info:      99000 |    22365      75470 |  168   790 |     13853|       0.68     130.09|
Info:     100000 |    22521      76286 |  156   816 |     13141|       0.66     130.76|
Info:     101000 |    22812      76985 |  291   699 |     12790|       1.49     132.24|
Info:     102000 |    23159      77638 |  347   653 |     12666|       2.57     134.81|
Info:     103000 |    23462      78335 |  303   697 |     12563|       2.18     136.99|
Info:     104000 |    23767      79015 |  305   680 |     12442|       1.45     138.44|
Info:     105000 |    23868      79811 |  101   796 |     11598|       0.50     138.95|
Info:     106000 |    23987      80595 |  119   784 |     10758|       0.51     139.46|
Info:     107000 |    24167      81317 |  180   722 |     10038|       0.71     140.17|
Info:     108000 |    24610      81874 |  443   557 |      9877|       2.03     142.21|
Info:     109000 |    24871      82613 |  261   739 |      9865|       1.59     143.79|
Info:     110000 |    25248      83235 |  377   622 |      9690|       1.28     145.07|
Info:     111000 |    25550      83933 |  302   698 |      9432|       1.62     146.69|
Info:     112000 |    25867      84616 |  317   683 |      9303|       1.60     148.29|
Info:     113000 |    26213      85270 |  346   654 |      9030|       1.59     149.87|
Info:     114000 |    26426      85975 |  213   705 |      8483|       1.20     151.07|
Info:     115000 |    26710      86677 |  284   702 |      9381|       1.44     152.51|
Info:     116000 |    26991      87396 |  281   719 |      9183|       1.47     153.97|
Info:     117000 |    27212      88175 |  221   779 |      8838|       1.15     155.12|
Info:     118000 |    27432      88955 |  220   780 |      8682|       1.26     156.37|
Info:     119000 |    27788      89599 |  356   644 |      8496|       1.70     158.08|
Info:     120000 |    28117      90270 |  329   671 |      8503|       1.47     159.55|
Info:     121000 |    28338      91045 |  221   775 |      8064|       1.19     160.74|
Info:     122000 |    28612      91765 |  274   720 |      7640|       1.56     162.30|
Info:     123000 |    28805      92568 |  193   803 |      7267|       1.03     163.33|
Info:     124000 |    29180      93193 |  375   625 |      7156|       1.46     164.79|
Info:     125000 |    29583      93790 |  403   597 |      8138|       2.35     167.15|
Info:     126000 |    29929      94444 |  346   654 |      7889|       9.43     176.58|
Info:     127000 |    30299      95074 |  370   630 |      7800|       8.60     185.18|
Info:     128000 |    30571      95802 |  272   728 |      7309|       2.64     187.82|
Info:     129000 |    30870      96503 |  299   701 |      7192|       1.74     189.56|
Info:     130000 |    31284      97089 |  414   586 |      7071|       2.08     191.64|
Info:     131000 |    31687      97686 |  403   597 |      6986|       1.99     193.63|
Info:     132000 |    32115      98258 |  428   572 |      6781|       2.20     195.83|
Info:     133000 |    32363      99010 |  248   752 |      6689|       1.48     197.31|
Info:     134000 |    32725      99648 |  362   638 |      6624|       3.77     201.08|
Info:     135000 |    33077     100296 |  352   648 |      6446|       1.54     202.62|
Info:     136000 |    33290     101075 |  213   779 |      5834|       1.23     203.85|
Info:     137000 |    33587     101778 |  297   703 |      5377|       1.22     205.07|
Info:     138000 |    33907     102458 |  320   680 |      5094|       1.64     206.71|
Info:     139000 |    34357     103008 |  450   550 |      5031|       1.97     208.68|
Info:     140000 |    34854     103511 |  497   503 |      4845|       2.30     210.97|
Info:     141000 |    35277     104088 |  423   577 |      4778|       1.84     212.81|
Info:     142000 |    35700     104665 |  423   577 |      4636|       1.74     214.55|
Info:     143000 |    36187     105178 |  487   513 |      4533|       2.39     216.94|
Info:     144000 |    36610     105755 |  423   577 |      4431|       2.18     219.12|
Info:     145000 |    37095     106270 |  485   515 |      4363|       2.48     221.60|
Info:     146000 |    37570     106795 |  475   525 |      4259|       2.11     223.71|
Info:     147000 |    37989     107376 |  419   581 |      4116|       2.46     226.17|
Info:     148000 |    38277     108088 |  288   712 |      3611|       1.25     227.42|
Info:     149000 |    38623     108742 |  346   654 |      3355|       1.24     228.66|
Info:     150000 |    38907     109458 |  284   716 |      3248|       1.48     230.14|
Info:     151000 |    39121     110173 |  214   715 |      2621|       1.10     231.24|
Info:     152000 |    39363     110844 |  242   671 |      2179|       1.45     232.68|
Info:     153000 |    39663     111480 |  300   636 |      1804|       1.68     234.36|
Info:     154000 |    40044     112062 |  381   582 |      1638|       2.75     237.11|
Info:     155000 |    40372     112701 |  328   639 |      1459|       4.08     241.20|
Info:     156000 |    40648     113382 |  276   681 |      1127|       1.55     242.74|
Info:     157000 |    40883     114080 |  235   698 |       701|       1.35     244.10|
Info:     158000 |    41205     114702 |  322   622 |       392|       2.39     246.49|
Info:     159000 |    41603     115289 |  398   587 |       267|       1.95     248.44|
Info:     159790 |    41840     115804 |  237   515 |         0|       4.32     252.75|
Info: Routing complete.
Info: Router1 time 252.75s
Info: Checksum: 0x90d0f63f

Info: Critical path report for clock '$glbnet$sdram_clk$TRELLIS_IO_OUT' (posedge -> posedge):
Info:       type curr  total name
Info:   clk-to-q  0.40  0.40 Source u_dataflow_core.GEN_SLOT[0].u_np.x0[5]_TRELLIS_FF_Q_5.Q
Info:    routing  4.50  4.89 Net u_dataflow_core.GEN_SLOT[0].u_np.x0[5][6] (16,6) -> (69,46)
Info:                          Sink u_dataflow_core.GEN_SLOT[0].u_np.product_comb[5]_MULT18X18D_P9.A6
Info:                          Defined in:
Info:                               hardware/v2/rtl/neural_processor.v:99.44-99.46
Info:      logic  3.07  7.96 Source u_dataflow_core.GEN_SLOT[0].u_np.product_comb[5]_MULT18X18D_P9.P8
Info:    routing  4.41  12.37 Net u_dataflow_core.GEN_SLOT[0].u_np.product_comb[5][8] (69,46) -> (13,9)
Info:                          Sink u_dataflow_core.GEN_SLOT[0].u_np.prod1[5]_TRELLIS_FF_Q_7.M
Info:                          Defined in:
Info:                               hardware/v2/rtl/neural_processor.v:135.34-135.46
Info:      setup  0.00  12.37 Source u_dataflow_core.GEN_SLOT[0].u_np.prod1[5]_TRELLIS_FF_Q_7.M
Info: 3.46 ns logic, 8.91 ns routing

Info: Critical path report for cross-domain path '<async>' -> 'posedge $glbnet$sdram_clk$TRELLIS_IO_OUT':
Info:       type curr  total name
Info:     source  0.00  0.00 Source ext_rst_n$tr_io.O
Info:    routing  1.00  1.00 Net ext_rst_n$TRELLIS_IO_IN (0,14) -> (2,17)
Info:                          Sink ext_rst_n_LUT4_D.D
Info:                          Defined in:
Info:                               hardware/v2/rtl/reset_sync.v:18.17-18.26
Info:      logic  0.18  1.18 Source ext_rst_n_LUT4_D.F
Info:    routing  3.65  4.83 Net ext_rst_n_LUT4_D_Z (2,17) -> (32,62)
Info:                          Sink ext_rst_n_LUT4_D_Z_TRELLIS_FF_LSR_DI_TRELLIS_FF_Q.LSR
Info:      setup  0.29  5.12 Source ext_rst_n_LUT4_D_Z_TRELLIS_FF_LSR_DI_TRELLIS_FF_Q.LSR
Info: 0.47 ns logic, 4.65 ns routing

Info: Critical path report for cross-domain path 'posedge $glbnet$sdram_clk$TRELLIS_IO_OUT' -> '<async>':
Info:       type curr  total name
Info:   clk-to-q  0.40  0.40 Source u_spi_bridge.byte_idx_TRELLIS_FF_Q_2.Q
Info:    routing  1.46  1.85 Net u_spi_bridge.byte_idx[2] (32,55) -> (32,44)
Info:                          Sink u_spi_bridge.rx_valid_LUT4_D_Z_LUT4_Z_1_D_LUT4_Z.D
Info:                          Defined in:
Info:                               /root/tools_cache/oss-cad-suite/lib/../share/yosys/lattice/cells_map_trellis.v:108.23-108.24
Info:      logic  0.18  2.03 Source u_spi_bridge.rx_valid_LUT4_D_Z_LUT4_Z_1_D_LUT4_Z.F
Info:    routing  0.66  2.69 Net u_dataflow_core.reg_required_TRELLIS_FF_Q_CE_LUT4_Z_C[0] (32,44) -> (32,44)
Info:                          Sink u_spi_bridge.rx_valid_LUT4_D_Z_LUT4_Z_1.D
Info:                          Defined in:
Info:                               /root/tools_cache/oss-cad-suite/lib/../share/yosys/lattice/cells_map_trellis.v:108.23-108.24
Info:      logic  0.18  2.87 Source u_spi_bridge.rx_valid_LUT4_D_Z_LUT4_Z_1.F
Info:    routing  1.33  4.20 Net spi_miso_LUT4_Z_D_LUT4_D_Z_LUT4_Z_C[3] (32,44) -> (25,57)
Info:                          Sink spi_miso_LUT4_Z_D_LUT4_Z.D
Info:                          Defined in:
Info:                               /root/tools_cache/oss-cad-suite/lib/../share/yosys/lattice/cells_map_trellis.v:108.23-108.24
Info:      logic  0.18  4.38 Source spi_miso_LUT4_Z_D_LUT4_Z.F
Info:    routing  0.46  4.84 Net spi_miso_LUT4_Z_B[3] (25,57) -> (25,57)
Info:                          Sink spi_miso_LUT4_Z.D
Info:                          Defined in:
Info:                               /root/tools_cache/oss-cad-suite/lib/../share/yosys/lattice/cells_map_trellis.v:108.23-108.24
Info:      logic  0.18  5.02 Source spi_miso_LUT4_Z.F
Info:    routing  1.77  6.79 Net spi_miso$TRELLIS_IO_OUT (25,57) -> (0,62)
Info:                          Sink spi_miso$tr_io.I
Info:                          Defined in:
Info:                               hardware/v2/nms/rtl/fpga_neural_v2_top.v:55.17-55.25
Info: 1.12 ns logic, 5.68 ns routing

Info: Max frequency for clock '$glbnet$sdram_clk$TRELLIS_IO_OUT': 80.85 MHz (PASS at 64.00 MHz)

Info: Max delay <async>                                  -> posedge $glbnet$sdram_clk$TRELLIS_IO_OUT: 5.12 ns
Info: Max delay posedge $glbnet$sdram_clk$TRELLIS_IO_OUT -> <async>                                 : 6.79 ns

Info: Slack histogram:
Info:  legend: * represents 57 endpoint(s)
Info:          + represents [1,57) endpoint(s)
Info: [  3256,   3840) |+
Info: [  3840,   4424) |+
Info: [  4424,   5008) |**+
Info: [  5008,   5592) |*****+
Info: [  5592,   6176) |******+
Info: [  6176,   6760) |******+
Info: [  6760,   7344) |*****+
Info: [  7344,   7928) |********+
Info: [  7928,   8512) |************+
Info: [  8512,   9096) |********************+
Info: [  9096,   9680) |****************************+
Info: [  9680,  10264) |************************************+
Info: [ 10264,  10848) |*************************************************+
Info: [ 10848,  11432) |*********************************************+
Info: [ 11432,  12016) |********************************************+
Info: [ 12016,  12600) |***************************************************+
Info: [ 12600,  13184) |**********************************************************+
Info: [ 13184,  13768) |************************************************************ 
Info: [ 13768,  14352) |*********************************************************+
Info: [ 14352,  14936) |****************************************************+

Info: Program finished normally.
