Info: constraining clock net 'osc_clk' to 16.00 MHz

Info: Logic utilisation before packing:
Info:     Total LUT4s:     10172/43848    23%
Info:         logic LUTs:   5470/43848    12%
Info:         carry LUTs:   2764/43848     6%
Info:           RAM LUTs:   1292/ 5481    23%
Info:          RAMW LUTs:    646/10962     5%

Info:      Total DFFs:     11131/43848    25%

Info: Packing IOs..
Info: $sdram_dq[15]$iobuf_i: sdram_dq_$_TBUF__Y.Y
Info: pin 'sdram_dq[15]$tr_io' constrained to Bel 'X0/Y59/PIOB'.
Info: $sdram_dq[14]$iobuf_i: sdram_dq_$_TBUF__Y_15.Y
Info: pin 'sdram_dq[14]$tr_io' constrained to Bel 'X0/Y59/PIOC'.
Info: $sdram_dq[13]$iobuf_i: sdram_dq_$_TBUF__Y_14.Y
Info: pin 'sdram_dq[13]$tr_io' constrained to Bel 'X0/Y59/PIOA'.
Info: $sdram_dq[12]$iobuf_i: sdram_dq_$_TBUF__Y_13.Y
Info: pin 'sdram_dq[12]$tr_io' constrained to Bel 'X0/Y53/PIOA'.
Info: $sdram_dq[11]$iobuf_i: sdram_dq_$_TBUF__Y_12.Y
Info: pin 'sdram_dq[11]$tr_io' constrained to Bel 'X0/Y44/PIOD'.
Info: $sdram_dq[10]$iobuf_i: sdram_dq_$_TBUF__Y_11.Y
Info: pin 'sdram_dq[10]$tr_io' constrained to Bel 'X0/Y44/PIOC'.
Info: $sdram_dq[9]$iobuf_i: sdram_dq_$_TBUF__Y_10.Y
Info: pin 'sdram_dq[9]$tr_io' constrained to Bel 'X0/Y44/PIOA'.
Info: $sdram_dq[8]$iobuf_i: sdram_dq_$_TBUF__Y_9.Y
Info: pin 'sdram_dq[8]$tr_io' constrained to Bel 'X0/Y41/PIOD'.
Info: $sdram_dq[7]$iobuf_i: sdram_dq_$_TBUF__Y_8.Y
Info: pin 'sdram_dq[7]$tr_io' constrained to Bel 'X0/Y41/PIOB'.
Info: $sdram_dq[6]$iobuf_i: sdram_dq_$_TBUF__Y_7.Y
Info: pin 'sdram_dq[6]$tr_io' constrained to Bel 'X0/Y41/PIOC'.
Info: $sdram_dq[5]$iobuf_i: sdram_dq_$_TBUF__Y_6.Y
Info: pin 'sdram_dq[5]$tr_io' constrained to Bel 'X0/Y41/PIOA'.
Info: $sdram_dq[4]$iobuf_i: sdram_dq_$_TBUF__Y_5.Y
Info: pin 'sdram_dq[4]$tr_io' constrained to Bel 'X0/Y38/PIOD'.
Info: $sdram_dq[3]$iobuf_i: sdram_dq_$_TBUF__Y_4.Y
Info: pin 'sdram_dq[3]$tr_io' constrained to Bel 'X0/Y38/PIOB'.
Info: $sdram_dq[2]$iobuf_i: sdram_dq_$_TBUF__Y_3.Y
Info: pin 'sdram_dq[2]$tr_io' constrained to Bel 'X0/Y29/PIOD'.
Info: $sdram_dq[1]$iobuf_i: sdram_dq_$_TBUF__Y_2.Y
Info: pin 'sdram_dq[1]$tr_io' constrained to Bel 'X0/Y29/PIOB'.
Info: $sdram_dq[0]$iobuf_i: sdram_dq_$_TBUF__Y_1.Y
Info: pin 'sdram_dq[0]$tr_io' constrained to Bel 'X0/Y26/PIOD'.
Info: pin 'spi_sclk$tr_io' constrained to Bel 'X0/Y62/PIOC'.
Info: pin 'spi_mosi$tr_io' constrained to Bel 'X0/Y62/PIOB'.
Info: pin 'spi_miso$tr_io' constrained to Bel 'X0/Y62/PIOD'.
Info: pin 'spi_cs_n$tr_io' constrained to Bel 'X0/Y65/PIOA'.
Info: pin 'sdram_we_n$tr_io' constrained to Bel 'X0/Y14/PIOD'.
Info: pin 'sdram_ras_n$tr_io' constrained to Bel 'X0/Y14/PIOA'.
Info: pin 'sdram_dqm[1]$tr_io' constrained to Bel 'X0/Y62/PIOA'.
Info: pin 'sdram_dqm[0]$tr_io' constrained to Bel 'X0/Y59/PIOD'.
Info: pin 'sdram_cs_n$tr_io' constrained to Bel 'X0/Y11/PIOD'.
Info: pin 'sdram_clk$tr_io' constrained to Bel 'X0/Y38/PIOA'.
Info: pin 'sdram_cke$tr_io' constrained to Bel 'X0/Y11/PIOC'.
Info: pin 'sdram_cas_n$tr_io' constrained to Bel 'X0/Y14/PIOC'.
Info: pin 'sdram_ba[1]$tr_io' constrained to Bel 'X0/Y17/PIOC'.
Info: pin 'sdram_ba[0]$tr_io' constrained to Bel 'X0/Y17/PIOA'.
Info: pin 'sdram_a[12]$tr_io' constrained to Bel 'X0/Y35/PIOB'.
Info: pin 'sdram_a[11]$tr_io' constrained to Bel 'X0/Y26/PIOB'.
Info: pin 'sdram_a[10]$tr_io' constrained to Bel 'X0/Y26/PIOC'.
Info: pin 'sdram_a[9]$tr_io' constrained to Bel 'X0/Y26/PIOA'.
Info: pin 'sdram_a[8]$tr_io' constrained to Bel 'X0/Y23/PIOD'.
Info: pin 'sdram_a[7]$tr_io' constrained to Bel 'X0/Y23/PIOB'.
Info: pin 'sdram_a[6]$tr_io' constrained to Bel 'X0/Y23/PIOA'.
Info: pin 'sdram_a[5]$tr_io' constrained to Bel 'X0/Y20/PIOD'.
Info: pin 'sdram_a[4]$tr_io' constrained to Bel 'X0/Y20/PIOB'.
Info: pin 'sdram_a[3]$tr_io' constrained to Bel 'X0/Y20/PIOC'.
Info: pin 'sdram_a[2]$tr_io' constrained to Bel 'X0/Y20/PIOA'.
Info: pin 'sdram_a[1]$tr_io' constrained to Bel 'X0/Y17/PIOD'.
Info: pin 'sdram_a[0]$tr_io' constrained to Bel 'X0/Y17/PIOB'.
Info: pin 'pll_locked$tr_io' constrained to Bel 'X0/Y65/PIOC'.
Info: pin 'osc_clk$tr_io' constrained to Bel 'X0/Y29/PIOC'.
Info: pin 'ext_rst_n$tr_io' constrained to Bel 'X0/Y14/PIOB'.
Info: pin 'data_ready$tr_io' constrained to Bel 'X0/Y32/PIOA'.
Info: placed PLL 'u_pll.pll_i' at bel 'X1/Y4/EHXPLL_UL'
Info: Packing constants..
Info: Packing carries...
Info: Packing LUTs...
Info: Packing LUT5-7s...
Info: Packing FFs...
Info:     3843 FFs paired with LUTs.
Info: Generating derived timing constraints...
Info:     Input frequency of PLL 'u_pll.pll_i' is constrained to 16.0 MHz
Info:     Derived frequency constraint of 64.0 MHz for net sdram_clk$TRELLIS_IO_OUT
Info: Promoting globals...
Info:     promoting clock net sdram_clk$TRELLIS_IO_OUT to global network
Info: Checksum: 0x5b4afc76

Info: Device utilisation:
Info: 	          TRELLIS_IO:      47/    245    19%
Info: 	                DCCA:       1/     56     1%
Info: 	              DP16KD:       0/    108     0%
Info: 	          MULT18X18D:      64/     72    88%
Info: 	              ALU54B:       0/     36     0%
Info: 	             EHXPLLL:       1/      4    25%
Info: 	             EXTREFB:       0/      2     0%
Info: 	                DCUA:       0/      2     0%
Info: 	           PCSCLKDIV:       0/      2     0%
Info: 	             IOLOGIC:       0/    160     0%
Info: 	            SIOLOGIC:       0/     85     0%
Info: 	                 GSR:       0/      1     0%
Info: 	               JTAGG:       0/      1     0%
Info: 	                OSCG:       0/      1     0%
Info: 	               SEDGA:       0/      1     0%
Info: 	                 DTR:       0/      1     0%
Info: 	             USRMCLK:       0/      1     0%
Info: 	             CLKDIVF:       0/      4     0%
Info: 	           ECLKSYNCB:       0/     10     0%
Info: 	             DLLDELD:       0/      8     0%
Info: 	              DDRDLL:       0/      4     0%
Info: 	             DQSBUFM:       0/     10     0%
Info: 	     TRELLIS_ECLKBUF:       0/      8     0%
Info: 	        ECLKBRIDGECS:       0/      2     0%
Info: 	                DCSC:       0/      2     0%
Info: 	          TRELLIS_FF:   11131/  43848    25%
Info: 	        TRELLIS_COMB:   10982/  43848    25%
Info: 	        TRELLIS_RAMW:     323/   5481     5%

Info: Placed 48 cells based on constraints.
Info: Creating initial analytic placement for 12984 cells, random placement wirelen = 1056940.
Info:     at initial placer iter 0, wirelen = 5736
Info:     at initial placer iter 1, wirelen = 4363
Info:     at initial placer iter 2, wirelen = 4651
Info:     at initial placer iter 3, wirelen = 4284
Info: Running main analytical placer, max placement attempts per cell = 63557175.
Info:     at iteration #1, type ALL: wirelen solved = 4932, spread = 242943, legal = 279218; time = 2.50s
Info:     at iteration #2, type ALL: wirelen solved = 23932, spread = 177548, legal = 213865; time = 2.33s
Info:     at iteration #3, type ALL: wirelen solved = 36209, spread = 162154, legal = 196949; time = 2.21s
Info:     at iteration #4, type ALL: wirelen solved = 42660, spread = 149219, legal = 194523; time = 2.33s
Info:     at iteration #5, type ALL: wirelen solved = 43300, spread = 147072, legal = 185384; time = 2.27s
Info:     at iteration #6, type ALL: wirelen solved = 45149, spread = 144077, legal = 188675; time = 2.30s
Info:     at iteration #7, type ALL: wirelen solved = 46824, spread = 142914, legal = 182971; time = 2.37s
Info:     at iteration #8, type ALL: wirelen solved = 48543, spread = 142329, legal = 181798; time = 2.39s
Info:     at iteration #9, type ALL: wirelen solved = 50001, spread = 140834, legal = 185474; time = 2.20s
Info:     at iteration #10, type ALL: wirelen solved = 50760, spread = 140721, legal = 181969; time = 2.17s
Info:     at iteration #11, type ALL: wirelen solved = 51662, spread = 142446, legal = 184872; time = 2.15s
Info:     at iteration #12, type ALL: wirelen solved = 53652, spread = 146155, legal = 181497; time = 2.23s
Info:     at iteration #13, type ALL: wirelen solved = 55821, spread = 146494, legal = 179973; time = 2.26s
Info:     at iteration #14, type ALL: wirelen solved = 57579, spread = 147129, legal = 179878; time = 2.36s
Info:     at iteration #15, type ALL: wirelen solved = 58032, spread = 147085, legal = 178984; time = 2.18s
Info:     at iteration #16, type ALL: wirelen solved = 59275, spread = 147641, legal = 181227; time = 2.11s
Info:     at iteration #17, type ALL: wirelen solved = 60406, spread = 148217, legal = 180511; time = 2.11s
Info:     at iteration #18, type ALL: wirelen solved = 60900, spread = 149551, legal = 182152; time = 2.24s
Info:     at iteration #19, type ALL: wirelen solved = 62668, spread = 150433, legal = 178281; time = 2.32s
Info:     at iteration #20, type ALL: wirelen solved = 63718, spread = 150048, legal = 176966; time = 2.28s
Info:     at iteration #21, type ALL: wirelen solved = 64655, spread = 150411, legal = 176286; time = 2.21s
Info:     at iteration #22, type ALL: wirelen solved = 65502, spread = 151698, legal = 174552; time = 2.21s
Info:     at iteration #23, type ALL: wirelen solved = 66336, spread = 152646, legal = 178855; time = 2.11s
Info:     at iteration #24, type ALL: wirelen solved = 66929, spread = 153820, legal = 178116; time = 2.12s
Info:     at iteration #25, type ALL: wirelen solved = 67916, spread = 154301, legal = 177689; time = 2.08s
Info:     at iteration #26, type ALL: wirelen solved = 68012, spread = 153730, legal = 177974; time = 2.03s
Info:     at iteration #27, type ALL: wirelen solved = 68954, spread = 155591, legal = 178005; time = 1.98s
Info: HeAP Placer Time: 67.01s
Info:   of which solving equations: 12.61s
Info:   of which spreading cells: 2.33s
Info:   of which strict legalisation: 46.32s

Info: Running simulated annealing placer for refinement.
Info:   at iteration #1: temp = 0.000000, timing cost = 1807, wirelen = 174552
Info:   at iteration #5: temp = 0.000000, timing cost = 1889, wirelen = 164916
Info:   at iteration #10: temp = 0.000000, timing cost = 1787, wirelen = 162459
Info:   at iteration #15: temp = 0.000000, timing cost = 1717, wirelen = 161329
Info:   at iteration #20: temp = 0.000000, timing cost = 1694, wirelen = 160815
Info:   at iteration #25: temp = 0.000000, timing cost = 1680, wirelen = 160678
Info:   at iteration #30: temp = 0.000000, timing cost = 1672, wirelen = 160619
Info:   at iteration #35: temp = 0.000000, timing cost = 1659, wirelen = 160567
Info:   at iteration #40: temp = 0.000000, timing cost = 1659, wirelen = 160543
Info:   at iteration #41: temp = 0.000000, timing cost = 1659, wirelen = 160549 
Info: SA placement time 67.46s

Info: Max frequency for clock '$glbnet$sdram_clk$TRELLIS_IO_OUT': 58.48 MHz (FAIL at 64.00 MHz)

Info: Max delay <async>                                  -> posedge $glbnet$sdram_clk$TRELLIS_IO_OUT: 5.43 ns
Info: Max delay posedge $glbnet$sdram_clk$TRELLIS_IO_OUT -> <async>                                 : 8.18 ns

Info: Slack histogram:
Info:  legend: * represents 63 endpoint(s)
Info:          + represents [1,63) endpoint(s)
Info: [ -1476,   -649) |+
Info: [  -649,    178) |+
Info: [   178,   1005) |+
Info: [  1005,   1832) |*+
Info: [  1832,   2659) |*****+
Info: [  2659,   3486) |****+
Info: [  3486,   4313) |***+
Info: [  4313,   5140) |*****+
Info: [  5140,   5967) |******+
Info: [  5967,   6794) |*******************+
Info: [  6794,   7621) |**************************************+
Info: [  7621,   8448) |**************************************************+
Info: [  8448,   9275) |************************************************+
Info: [  9275,  10102) |***********************************+
Info: [ 10102,  10929) |*************************+
Info: [ 10929,  11756) |****************************+
Info: [ 11756,  12583) |****************************************************+
Info: [ 12583,  13410) |***********************************************************+
Info: [ 13410,  14237) |*****************************************************+
Info: [ 14237,  15064) |************************************************************ 
Info: Checksum: 0x4eba018a
Info: Routing globals...
Info:     routing clock net $glbnet$sdram_clk$TRELLIS_IO_OUT using global 0

Info: Routing..
Info: Setting up routing queue.
Info: Routing 60699 arcs.
Info:            |   (re-)routed arcs  |   delta    | remaining|       time spent     |
Info:    IterCnt |  w/ripup   wo/ripup |  w/r  wo/r |      arcs| batch(sec) total(sec)|
Info:       1000 |      689        310 |  689   310 |     60555|       2.07       2.07|
Info:       2000 |     1284        715 |  595   405 |     60465|       1.23       3.30|
Info:       3000 |     1776       1223 |  492   508 |     60343|       1.89       5.19|
Info:       4000 |     2334       1665 |  558   442 |     60135|       1.50       6.69|
Info:       5000 |     2932       2067 |  598   402 |     59985|       1.62       8.31|
Info:       6000 |     3422       2577 |  490   510 |     59778|       1.41       9.72|
Info:       7000 |     4017       2982 |  595   405 |     59645|       1.36      11.08|
Info:       8000 |     4476       3523 |  459   541 |     59436|       1.55      12.63|
Info:       9000 |     4846       4153 |  370   630 |     59116|       1.54      14.17|
Info:      10000 |     5228       4771 |  382   618 |     58741|       1.48      15.66|
Info:      11000 |     5446       5553 |  218   782 |     58132|       1.44      17.10|
Info:      12000 |     5684       6315 |  238   762 |     57707|       2.19      19.29|
Info:      13000 |     5842       7157 |  158   842 |     57017|       1.52      20.81|
Info:      14000 |     6068       7931 |  226   774 |     56474|       2.66      23.47|
Info:      15000 |     6371       8628 |  303   697 |     56006|       1.85      25.32|
Info:      16000 |     6517       9482 |  146   854 |     55227|       3.01      28.33|
Info:      17000 |     6637      10362 |  120   880 |     54450|       1.05      29.38|
Info:      18000 |     6771      11228 |  134   866 |     53676|       1.09      30.47|
Info:      19000 |     6840      12159 |   69   931 |     52843|       1.11      31.58|
Info:      20000 |     6962      13037 |  122   878 |     52959|       1.26      32.84|
Info:      21000 |     7023      13976 |   61   939 |     52023|       0.69      33.53|
Info:      22000 |     7154      14845 |  131   869 |     51326|       1.11      34.63|
Info:      23000 |     7295      15704 |  141   859 |     50593|       0.94      35.57|
Info:      24000 |     7400      16599 |  105   895 |     49885|       1.10      36.68|
Info:      25000 |     7484      17515 |   84   916 |     49057|       0.67      37.35|
Info:      26000 |     7601      18398 |  117   883 |     48418|       0.67      38.01|
Info:      27000 |     7697      19302 |   96   904 |     47630|       0.94      38.96|
Info:      28000 |     7758      20241 |   61   939 |     46740|       0.52      39.48|
Info:      29000 |     7852      21147 |   94   906 |     46078|       0.58      40.06|
Info:      30000 |     7912      22087 |   60   940 |     45168|       0.41      40.47|
Info:      31000 |     7989      23010 |   77   923 |     44471|       0.58      41.05|
Info:      32000 |     8108      23891 |  119   881 |     44131|       1.51      42.55|
Info:      33000 |     8189      24810 |   81   919 |     43288|       0.54      43.10|
Info:      34000 |     8304      25695 |  115   885 |     42494|       0.77      43.86|
Info:      35000 |     8385      26614 |   81   919 |     41671|       0.62      44.48|
Info:      36000 |     8493      27506 |  108   892 |     40854|       0.54      45.02|
Info:      37000 |     8598      28401 |  105   895 |     40210|       0.55      45.57|
Info:      38000 |     8729      29270 |  131   869 |     39531|       0.89      46.46|
Info:      39000 |     8876      30123 |  147   853 |     38746|       0.79      47.26|
Info:      40000 |     9029      30970 |  153   847 |     38121|       0.79      48.05|
Info:      41000 |     9217      31782 |  188   812 |     37727|       0.73      48.77|
Info:      42000 |     9392      32607 |  175   825 |     37242|       0.77      49.54|
Info:      43000 |     9530      33469 |  138   862 |     36573|       0.54      50.07|
Info:      44000 |     9708      34291 |  178   822 |     36041|       0.74      50.82|
Info:      45000 |     9887      35111 |  179   820 |     35351|       0.67      51.49|
Info:      46000 |    10076      35921 |  189   810 |     34711|       0.63      52.12|
Info:      47000 |    10236      36760 |  160   839 |     34110|       0.80      52.92|
Info:      48000 |    10461      37534 |  225   774 |     33736|       1.23      54.15|
Info:      49000 |    10626      38368 |  165   834 |     33032|       0.60      54.76|
Info:      50000 |    10866      39126 |  240   758 |     32578|       0.95      55.71|
Info:      51000 |    11154      39829 |  288   703 |     32323|       1.18      56.89|
Info:      52000 |    11322      40659 |  168   830 |     32061|       1.07      57.95|
Info:      53000 |    11579      41388 |  257   729 |     31642|       1.03      58.99|
Info:      54000 |    11782      42177 |  203   789 |     31304|       0.80      59.79|
Info:      55000 |    12011      42930 |  229   753 |     30957|       1.00      60.79|
Info:      56000 |    12238      43683 |  227   753 |     30274|       0.69      61.48|
Info:      57000 |    12472      44433 |  234   750 |     29720|       0.87      62.35|
Info:      58000 |    12710      45170 |  238   737 |     29420|       1.01      63.37|
Info:      59000 |    13007      45844 |  297   674 |     28935|       1.29      64.65|
Info:      60000 |    13272      46552 |  265   708 |     28809|       1.12      65.77|
Info:      61000 |    13515      47279 |  243   727 |     28198|       0.99      66.76|
Info:      62000 |    13786      47976 |  271   697 |     27905|       1.13      67.89|
Info:      63000 |    14020      48708 |  234   732 |     27663|       1.14      69.02|
Info:      64000 |    14231      49471 |  211   763 |     27401|       1.42      70.44|
Info:      65000 |    14430      50251 |  199   780 |     26890|       1.07      71.51|
Info:      66000 |    14761      50910 |  331   659 |     26735|       1.15      72.66|
Info:      67000 |    15018      51625 |  257   715 |     26448|       0.75      73.41|
Info:      68000 |    15201      52422 |  183   797 |     25937|       0.86      74.27|
Info:      69000 |    15539      53084 |  338   662 |     25872|       1.64      75.91|
Info:      70000 |    15768      53820 |  229   736 |     25315|       1.04      76.95|
Info:      71000 |    15982      54572 |  214   752 |     24702|       1.23      78.18|
Info:      72000 |    16164      55342 |  182   770 |     24206|       0.96      79.13|
Info:      73000 |    16348      56129 |  184   787 |     23584|       0.84      79.98|
Info:      74000 |    16569      56873 |  221   744 |     23011|       1.14      81.12|
Info:      75000 |    16795      57636 |  226   763 |     22769|       0.90      82.02|
Info:      76000 |    17026      58362 |  231   726 |     22299|       0.82      82.83|
Info:      77000 |    17297      59081 |  271   719 |     22051|       0.98      83.81|
Info:      78000 |    17547      59798 |  250   717 |     21531|       1.11      84.92|
Info:      79000 |    17727      60595 |  180   797 |     21042|       0.89      85.81|
Info:      80000 |    17944      61360 |  217   765 |     20686|       1.14      86.95|
Info:      81000 |    18245      62037 |  301   677 |     20651|       2.04      88.99|
Info:      82000 |    18461      62741 |  216   704 |     20007|       0.62      89.62|
Info:      83000 |    18635      63514 |  174   773 |     19437|       0.86      90.48|
Info:      84000 |    19001      64143 |  366   629 |     19236|       1.61      92.08|
Info:      85000 |    19232      64882 |  231   739 |     18730|       0.77      92.86|
Info:      86000 |    19475      65638 |  243   756 |     18787|       1.61      94.47|
Info:      87000 |    19674      66423 |  199   785 |     18368|       1.53      95.99|
Info:      88000 |    19866      67230 |  192   807 |     18354|       0.93      96.92|
Info:      89000 |    20168      67928 |  302   698 |     18242|       1.58      98.50|
Info:      90000 |    20431      68651 |  263   723 |     18016|       1.49      99.99|
Info:      91000 |    20678      69404 |  247   753 |     17856|       1.12     101.11|
Info:      92000 |    20869      70205 |  191   801 |     17175|       0.77     101.88|
Info:      93000 |    21119      70930 |  250   725 |     16924|       1.11     102.99|
Info:      94000 |    21334      71681 |  215   751 |     16315|       0.91     103.90|
Info:      95000 |    21594      72376 |  260   695 |     15862|       1.20     105.10|
Info:      96000 |    21934      73030 |  340   654 |     15592|       1.73     106.83|
Info:      97000 |    22195      73721 |  261   691 |     15091|       1.00     107.83|
Info:      98000 |    22498      74418 |  303   697 |     15214|       2.52     110.35|
Info:      99000 |    22754      75137 |  256   719 |     14743|       1.35     111.70|
Info:     100000 |    22898      75964 |  144   827 |     13990|       0.62     112.32|
Info:     101000 |    23070      76739 |  172   775 |     13413|       0.79     113.11|
Info:     102000 |    23376      77414 |  306   675 |     12943|       1.09     114.20|
Info:     103000 |    23668      78121 |  292   707 |     12776|       1.67     115.87|
Info:     104000 |    24053      78736 |  385   615 |     12600|       1.93     117.80|
Info:     105000 |    24252      79509 |  199   773 |     12066|       0.98     118.79|
Info:     106000 |    24394      80292 |  142   783 |     11383|       0.49     119.27|
Info:     107000 |    24553      81006 |  159   714 |     10744|       0.64     119.91|
Info:     108000 |    24841      81718 |  288   712 |     10835|       1.39     121.30|
Info:     109000 |    25189      82370 |  348   652 |     10777|       1.42     122.72|
Info:     110000 |    25594      82951 |  405   581 |     10529|       1.77     124.49|
Info:     111000 |    25883      83621 |  289   670 |     10127|       1.41     125.90|
Info:     112000 |    26226      84270 |  343   649 |      9905|       1.65     127.55|
Info:     113000 |    26493      84989 |  267   719 |      9637|       1.40     128.95|
Info:     114000 |    26878      85604 |  385   615 |      9392|       2.55     131.50|
Info:     115000 |    27159      86269 |  281   665 |      8856|       1.26     132.76|
Info:     116000 |    27352      87049 |  193   780 |      8270|       0.84     133.60|
Info:     117000 |    27586      87795 |  234   746 |      7879|       1.51     135.11|
Info:     118000 |    27786      88587 |  200   792 |      7459|       0.83     135.94|
Info:     119000 |    28066      89307 |  280   720 |      7384|       1.51     137.45|
Info:     120000 |    28381      89992 |  315   685 |      7259|       1.99     139.44|
Info:     121000 |    28789      90584 |  408   592 |      7123|       1.71     141.16|
Info:     122000 |    29096      91277 |  307   693 |      6990|       1.63     142.79|
Info:     123000 |    29471      91902 |  375   625 |      6900|       1.62     144.41|
Info:     124000 |    29805      92568 |  334   666 |      6692|       1.80     146.21|
Info:     125000 |    30013      93352 |  208   784 |      6254|       0.95     147.16|
Info:     126000 |    30246      94119 |  233   767 |      5711|       0.95     148.11|
Info:     127000 |    30534      94831 |  288   712 |      5199|       1.08     149.19|
Info:     128000 |    30966      95399 |  432   568 |      4971|       1.73     150.92|
Info:     129000 |    31431      95934 |  465   535 |      4841|       1.39     152.31|
Info:     130000 |    31860      96505 |  429   571 |      4754|       1.99     154.31|
Info:     131000 |    32231      97134 |  371   629 |      4740|       2.17     156.47|
Info:     132000 |    32608      97757 |  377   623 |      4592|       1.94     158.41|
Info:     133000 |    33041      98324 |  433   567 |      4667|       2.93     161.35|
Info:     134000 |    33426      98939 |  385   615 |      4482|       2.26     163.60|
Info:     135000 |    33853      99512 |  427   573 |      4419|       2.11     165.71|
Info:     136000 |    34263     100102 |  410   590 |      4443|       2.29     168.00|
Info:     137000 |    34622     100743 |  359   641 |      4394|       1.83     169.83|
Info:     138000 |    35063     101302 |  441   559 |      4342|       1.84     171.67|
Info:     139000 |    35506     101859 |  443   557 |      4101|       2.25     173.91|
Info:     140000 |    35745     102620 |  239   761 |      3596|       1.04     174.95|
Info:     141000 |    36100     103265 |  355   645 |      3430|       1.35     176.30|
Info:     142000 |    36372     103977 |  272   712 |      2896|       1.01     177.32|
Info:     143000 |    36681     104595 |  309   618 |      2486|       1.82     179.13|
Info:     144000 |    36951     105292 |  270   697 |      2494|       1.65     180.78|
Info:     145000 |    37316     105927 |  365   635 |      2294|       1.86     182.65|
Info:     146000 |    37713     106522 |  397   595 |      2218|       1.55     184.19|
Info:     147000 |    37935     107231 |  222   709 |      1818|       1.49     185.68|
Info:     148000 |    38241     107851 |  306   620 |      1350|       1.35     187.03|
Info:     149000 |    38510     108523 |  269   672 |       999|       1.50     188.54|
Info:     150000 |    38841     109168 |  331   645 |       853|       1.70     190.24|
Info:     151000 |    39151     109858 |  310   690 |       982|       2.03     192.27|
Info:     152000 |    39530     110455 |  379   597 |       723|       2.30     194.57|
Info:     153000 |    39879     111083 |  349   628 |       693|       1.81     196.38|
Info:     154000 |    40292     111657 |  413   574 |       550|       1.88     198.25|
Info:     155000 |    40630     112308 |  338   651 |       630|       1.69     199.94|
Info:     156000 |    40910     113028 |  280   720 |       471|       1.76     201.70|
Info:     157000 |    41247     113665 |  337   637 |       363|       1.88     203.57|
Info:     158000 |    41631     114281 |  384   616 |       324|       2.27     205.85|
Info:     158786 |    41807     114833 |  176   552 |         0|       0.86     206.71|
Info: Routing complete.
Info: Router1 time 206.71s
Info: Checksum: 0xe874c9ce

Info: Critical path report for clock '$glbnet$sdram_clk$TRELLIS_IO_OUT' (posedge -> posedge):
Info:       type curr  total name
Info:   clk-to-q  0.40  0.40 Source u_dataflow_core.GEN_SLOT[0].u_np.w0[4]_TRELLIS_FF_Q.Q
Info:    routing  4.74  5.13 Net u_dataflow_core.GEN_SLOT[0].u_np.w0[4][1] (15,3) -> (69,46)
Info:                          Sink u_dataflow_core.GEN_SLOT[0].u_np.product_comb[4]_MULT18X18D_P9.B1
Info:                          Defined in:
Info:                               hardware/v2/rtl/neural_processor.v:100.44-100.46
Info:      logic  3.07  8.20 Source u_dataflow_core.GEN_SLOT[0].u_np.product_comb[4]_MULT18X18D_P9.P14
Info:    routing  4.45  12.65 Net u_dataflow_core.GEN_SLOT[0].u_np.product_comb[4][14] (69,46) -> (19,9)
Info:                          Sink u_dataflow_core.GEN_SLOT[0].u_np.prod1[4]_TRELLIS_FF_Q_13.M
Info:                          Defined in:
Info:                               hardware/v2/rtl/neural_processor.v:135.34-135.46
Info:      setup  0.00  12.65 Source u_dataflow_core.GEN_SLOT[0].u_np.prod1[4]_TRELLIS_FF_Q_13.M
Info: 3.46 ns logic, 9.19 ns routing

Info: Critical path report for cross-domain path '<async>' -> 'posedge $glbnet$sdram_clk$TRELLIS_IO_OUT':
Info:       type curr  total name
Info:     source  0.00  0.00 Source ext_rst_n$tr_io.O
Info:    routing  0.96  0.96 Net ext_rst_n$TRELLIS_IO_IN (0,14) -> (2,16)
Info:                          Sink ext_rst_n_LUT4_D.D
Info:                          Defined in:
Info:                               hardware/v2/rtl/reset_sync.v:18.17-18.26
Info:      logic  0.18  1.14 Source ext_rst_n_LUT4_D.F
Info:    routing  2.73  3.88 Net ext_rst_n_LUT4_D_Z (2,16) -> (9,59)
Info:                          Sink ext_rst_n_LUT4_D_Z_TRELLIS_FF_LSR_DI_TRELLIS_FF_Q.LSR
Info:      setup  0.29  4.16 Source ext_rst_n_LUT4_D_Z_TRELLIS_FF_LSR_DI_TRELLIS_FF_Q.LSR
Info: 0.47 ns logic, 3.70 ns routing

Info: Critical path report for cross-domain path 'posedge $glbnet$sdram_clk$TRELLIS_IO_OUT' -> '<async>':
Info:       type curr  total name
Info:   clk-to-q  0.40  0.40 Source u_spi_bridge.byte_idx_TRELLIS_FF_Q_3.Q
Info:    routing  0.99  1.39 Net u_spi_bridge.byte_idx[3] (31,51) -> (31,45)
Info:                          Sink u_spi_bridge.rx_valid_LUT4_D_Z_LUT4_Z_1_D_LUT4_Z.C
Info:                          Defined in:
Info:                               /root/tools_cache/oss-cad-suite/lib/../share/yosys/lattice/cells_map_trellis.v:108.23-108.24
Info:      logic  0.18  1.57 Source u_spi_bridge.rx_valid_LUT4_D_Z_LUT4_Z_1_D_LUT4_Z.F
Info:    routing  0.65  2.22 Net u_dataflow_core.reg_required_TRELLIS_FF_Q_CE_LUT4_Z_C[0] (31,45) -> (31,47)
Info:                          Sink u_spi_bridge.rx_valid_LUT4_D_Z_LUT4_Z_1.D
Info:                          Defined in:
Info:                               /root/tools_cache/oss-cad-suite/lib/../share/yosys/lattice/cells_map_trellis.v:108.23-108.24
Info:      logic  0.18  2.40 Source u_spi_bridge.rx_valid_LUT4_D_Z_LUT4_Z_1.F
Info:    routing  1.07  3.47 Net spi_miso_LUT4_Z_D_LUT4_D_Z_LUT4_Z_C[3] (31,47) -> (25,53)
Info:                          Sink spi_miso_LUT4_Z_D_LUT4_Z.D
Info:                          Defined in:
Info:                               /root/tools_cache/oss-cad-suite/lib/../share/yosys/lattice/cells_map_trellis.v:108.23-108.24
Info:      logic  0.18  3.65 Source spi_miso_LUT4_Z_D_LUT4_Z.F
Info:    routing  0.35  4.01 Net spi_miso_LUT4_Z_B[3] (25,53) -> (25,54)
Info:                          Sink spi_miso_LUT4_Z.D
Info:                          Defined in:
Info:                               /root/tools_cache/oss-cad-suite/lib/../share/yosys/lattice/cells_map_trellis.v:108.23-108.24
Info:      logic  0.18  4.18 Source spi_miso_LUT4_Z.F
Info:    routing  2.19  6.37 Net spi_miso$TRELLIS_IO_OUT (25,54) -> (0,62)
Info:                          Sink spi_miso$tr_io.I
Info:                          Defined in:
Info:                               hardware/v2/nms/rtl/fpga_neural_v2_top.v:55.17-55.25
Info: 1.12 ns logic, 5.26 ns routing

Info: Max frequency for clock '$glbnet$sdram_clk$TRELLIS_IO_OUT': 79.05 MHz (PASS at 64.00 MHz)

Info: Max delay <async>                                  -> posedge $glbnet$sdram_clk$TRELLIS_IO_OUT: 4.16 ns
Info: Max delay posedge $glbnet$sdram_clk$TRELLIS_IO_OUT -> <async>                                 : 6.37 ns

Info: Slack histogram:
Info:  legend: * represents 58 endpoint(s)
Info:          + represents [1,58) endpoint(s)
Info: [  2974,   3572) |+
Info: [  3572,   4170) |+
Info: [  4170,   4768) |*+
Info: [  4768,   5366) |****+
Info: [  5366,   5964) |******+
Info: [  5964,   6562) |******+
Info: [  6562,   7160) |*****+
Info: [  7160,   7758) |*********+
Info: [  7758,   8356) |************+
Info: [  8356,   8954) |*******************+
Info: [  8954,   9552) |*******************************+
Info: [  9552,  10150) |****************************************************+
Info: [ 10150,  10748) |**************************************************+
Info: [ 10748,  11346) |*********************************************+
Info: [ 11346,  11944) |*********************************+
Info: [ 11944,  12542) |**********************************+
Info: [ 12542,  13140) |********************************************************+
Info: [ 13140,  13738) |**********************************************************+
Info: [ 13738,  14336) |************************************************************ 
Info: [ 14336,  14934) |*****************************************************+

Info: Program finished normally.
