Info: constraining clock net 'osc_clk' to 16.00 MHz

Info: Logic utilisation before packing:
Info:     Total LUT4s:     10172/43848    23%
Info:         logic LUTs:   5470/43848    12%
Info:         carry LUTs:   2764/43848     6%
Info:           RAM LUTs:   1292/ 5481    23%
Info:          RAMW LUTs:    646/10962     5%

Info:      Total DFFs:     11131/43848    25%

Info: Packing IOs..
Info: $sdram_dq[15]$iobuf_i: sdram_dq_$_TBUF__Y.Y
Info: pin 'sdram_dq[15]$tr_io' constrained to Bel 'X0/Y59/PIOB'.
Info: $sdram_dq[14]$iobuf_i: sdram_dq_$_TBUF__Y_15.Y
Info: pin 'sdram_dq[14]$tr_io' constrained to Bel 'X0/Y59/PIOC'.
Info: $sdram_dq[13]$iobuf_i: sdram_dq_$_TBUF__Y_14.Y
Info: pin 'sdram_dq[13]$tr_io' constrained to Bel 'X0/Y59/PIOA'.
Info: $sdram_dq[12]$iobuf_i: sdram_dq_$_TBUF__Y_13.Y
Info: pin 'sdram_dq[12]$tr_io' constrained to Bel 'X0/Y53/PIOA'.
Info: $sdram_dq[11]$iobuf_i: sdram_dq_$_TBUF__Y_12.Y
Info: pin 'sdram_dq[11]$tr_io' constrained to Bel 'X0/Y44/PIOD'.
Info: $sdram_dq[10]$iobuf_i: sdram_dq_$_TBUF__Y_11.Y
Info: pin 'sdram_dq[10]$tr_io' constrained to Bel 'X0/Y44/PIOC'.
Info: $sdram_dq[9]$iobuf_i: sdram_dq_$_TBUF__Y_10.Y
Info: pin 'sdram_dq[9]$tr_io' constrained to Bel 'X0/Y44/PIOA'.
Info: $sdram_dq[8]$iobuf_i: sdram_dq_$_TBUF__Y_9.Y
Info: pin 'sdram_dq[8]$tr_io' constrained to Bel 'X0/Y41/PIOD'.
Info: $sdram_dq[7]$iobuf_i: sdram_dq_$_TBUF__Y_8.Y
Info: pin 'sdram_dq[7]$tr_io' constrained to Bel 'X0/Y41/PIOB'.
Info: $sdram_dq[6]$iobuf_i: sdram_dq_$_TBUF__Y_7.Y
Info: pin 'sdram_dq[6]$tr_io' constrained to Bel 'X0/Y41/PIOC'.
Info: $sdram_dq[5]$iobuf_i: sdram_dq_$_TBUF__Y_6.Y
Info: pin 'sdram_dq[5]$tr_io' constrained to Bel 'X0/Y41/PIOA'.
Info: $sdram_dq[4]$iobuf_i: sdram_dq_$_TBUF__Y_5.Y
Info: pin 'sdram_dq[4]$tr_io' constrained to Bel 'X0/Y38/PIOD'.
Info: $sdram_dq[3]$iobuf_i: sdram_dq_$_TBUF__Y_4.Y
Info: pin 'sdram_dq[3]$tr_io' constrained to Bel 'X0/Y38/PIOB'.
Info: $sdram_dq[2]$iobuf_i: sdram_dq_$_TBUF__Y_3.Y
Info: pin 'sdram_dq[2]$tr_io' constrained to Bel 'X0/Y29/PIOD'.
Info: $sdram_dq[1]$iobuf_i: sdram_dq_$_TBUF__Y_2.Y
Info: pin 'sdram_dq[1]$tr_io' constrained to Bel 'X0/Y29/PIOB'.
Info: $sdram_dq[0]$iobuf_i: sdram_dq_$_TBUF__Y_1.Y
Info: pin 'sdram_dq[0]$tr_io' constrained to Bel 'X0/Y26/PIOD'.
Info: pin 'spi_sclk$tr_io' constrained to Bel 'X0/Y62/PIOC'.
Info: pin 'spi_mosi$tr_io' constrained to Bel 'X0/Y62/PIOB'.
Info: pin 'spi_miso$tr_io' constrained to Bel 'X0/Y62/PIOD'.
Info: pin 'spi_cs_n$tr_io' constrained to Bel 'X0/Y65/PIOA'.
Info: pin 'sdram_we_n$tr_io' constrained to Bel 'X0/Y14/PIOD'.
Info: pin 'sdram_ras_n$tr_io' constrained to Bel 'X0/Y14/PIOA'.
Info: pin 'sdram_dqm[1]$tr_io' constrained to Bel 'X0/Y62/PIOA'.
Info: pin 'sdram_dqm[0]$tr_io' constrained to Bel 'X0/Y59/PIOD'.
Info: pin 'sdram_cs_n$tr_io' constrained to Bel 'X0/Y11/PIOD'.
Info: pin 'sdram_clk$tr_io' constrained to Bel 'X0/Y38/PIOA'.
Info: pin 'sdram_cke$tr_io' constrained to Bel 'X0/Y11/PIOC'.
Info: pin 'sdram_cas_n$tr_io' constrained to Bel 'X0/Y14/PIOC'.
Info: pin 'sdram_ba[1]$tr_io' constrained to Bel 'X0/Y17/PIOC'.
Info: pin 'sdram_ba[0]$tr_io' constrained to Bel 'X0/Y17/PIOA'.
Info: pin 'sdram_a[12]$tr_io' constrained to Bel 'X0/Y35/PIOB'.
Info: pin 'sdram_a[11]$tr_io' constrained to Bel 'X0/Y26/PIOB'.
Info: pin 'sdram_a[10]$tr_io' constrained to Bel 'X0/Y26/PIOC'.
Info: pin 'sdram_a[9]$tr_io' constrained to Bel 'X0/Y26/PIOA'.
Info: pin 'sdram_a[8]$tr_io' constrained to Bel 'X0/Y23/PIOD'.
Info: pin 'sdram_a[7]$tr_io' constrained to Bel 'X0/Y23/PIOB'.
Info: pin 'sdram_a[6]$tr_io' constrained to Bel 'X0/Y23/PIOA'.
Info: pin 'sdram_a[5]$tr_io' constrained to Bel 'X0/Y20/PIOD'.
Info: pin 'sdram_a[4]$tr_io' constrained to Bel 'X0/Y20/PIOB'.
Info: pin 'sdram_a[3]$tr_io' constrained to Bel 'X0/Y20/PIOC'.
Info: pin 'sdram_a[2]$tr_io' constrained to Bel 'X0/Y20/PIOA'.
Info: pin 'sdram_a[1]$tr_io' constrained to Bel 'X0/Y17/PIOD'.
Info: pin 'sdram_a[0]$tr_io' constrained to Bel 'X0/Y17/PIOB'.
Info: pin 'pll_locked$tr_io' constrained to Bel 'X0/Y65/PIOC'.
Info: pin 'osc_clk$tr_io' constrained to Bel 'X0/Y29/PIOC'.
Info: pin 'ext_rst_n$tr_io' constrained to Bel 'X0/Y14/PIOB'.
Info: pin 'data_ready$tr_io' constrained to Bel 'X0/Y32/PIOA'.
Info: placed PLL 'u_pll.pll_i' at bel 'X1/Y4/EHXPLL_UL'
Info: Packing constants..
Info: Packing carries...
Info: Packing LUTs...
Info: Packing LUT5-7s...
Info: Packing FFs...
Info:     3843 FFs paired with LUTs.
Info: Generating derived timing constraints...
Info:     Input frequency of PLL 'u_pll.pll_i' is constrained to 16.0 MHz
Info:     Derived frequency constraint of 64.0 MHz for net sdram_clk$TRELLIS_IO_OUT
Info: Promoting globals...
Info:     promoting clock net sdram_clk$TRELLIS_IO_OUT to global network
Info: Checksum: 0x5b4afc76

Info: Device utilisation:
Info: 	          TRELLIS_IO:      47/    245    19%
Info: 	                DCCA:       1/     56     1%
Info: 	              DP16KD:       0/    108     0%
Info: 	          MULT18X18D:      64/     72    88%
Info: 	              ALU54B:       0/     36     0%
Info: 	             EHXPLLL:       1/      4    25%
Info: 	             EXTREFB:       0/      2     0%
Info: 	                DCUA:       0/      2     0%
Info: 	           PCSCLKDIV:       0/      2     0%
Info: 	             IOLOGIC:       0/    160     0%
Info: 	            SIOLOGIC:       0/     85     0%
Info: 	                 GSR:       0/      1     0%
Info: 	               JTAGG:       0/      1     0%
Info: 	                OSCG:       0/      1     0%
Info: 	               SEDGA:       0/      1     0%
Info: 	                 DTR:       0/      1     0%
Info: 	             USRMCLK:       0/      1     0%
Info: 	             CLKDIVF:       0/      4     0%
Info: 	           ECLKSYNCB:       0/     10     0%
Info: 	             DLLDELD:       0/      8     0%
Info: 	              DDRDLL:       0/      4     0%
Info: 	             DQSBUFM:       0/     10     0%
Info: 	     TRELLIS_ECLKBUF:       0/      8     0%
Info: 	        ECLKBRIDGECS:       0/      2     0%
Info: 	                DCSC:       0/      2     0%
Info: 	          TRELLIS_FF:   11131/  43848    25%
Info: 	        TRELLIS_COMB:   10982/  43848    25%
Info: 	        TRELLIS_RAMW:     323/   5481     5%

Info: Placed 48 cells based on constraints.
Info: Creating initial analytic placement for 12984 cells, random placement wirelen = 1051678.
Info:     at initial placer iter 0, wirelen = 5183
Info:     at initial placer iter 1, wirelen = 4746
Info:     at initial placer iter 2, wirelen = 4577
Info:     at initial placer iter 3, wirelen = 4212
Info: Running main analytical placer, max placement attempts per cell = 63557175.
Info:     at iteration #1, type ALL: wirelen solved = 4418, spread = 246584, legal = 278430; time = 2.53s
Info:     at iteration #2, type ALL: wirelen solved = 23892, spread = 182114, legal = 217288; time = 2.32s
Info:     at iteration #3, type ALL: wirelen solved = 36188, spread = 161678, legal = 198118; time = 2.28s
Info:     at iteration #4, type ALL: wirelen solved = 41773, spread = 153767, legal = 193714; time = 2.24s
Info:     at iteration #5, type ALL: wirelen solved = 43564, spread = 145958, legal = 189691; time = 2.26s
Info:     at iteration #6, type ALL: wirelen solved = 45376, spread = 144240, legal = 187351; time = 2.37s
Info:     at iteration #7, type ALL: wirelen solved = 47850, spread = 142429, legal = 189078; time = 2.38s
Info:     at iteration #8, type ALL: wirelen solved = 48772, spread = 141471, legal = 180562; time = 2.25s
Info:     at iteration #9, type ALL: wirelen solved = 49990, spread = 141034, legal = 184433; time = 2.26s
Info:     at iteration #10, type ALL: wirelen solved = 51499, spread = 141845, legal = 182963; time = 2.25s
Info:     at iteration #11, type ALL: wirelen solved = 52721, spread = 145205, legal = 181597; time = 2.20s
Info:     at iteration #12, type ALL: wirelen solved = 55325, spread = 145157, legal = 178785; time = 2.20s
Info:     at iteration #13, type ALL: wirelen solved = 56532, spread = 145513, legal = 181527; time = 2.36s
Info:     at iteration #14, type ALL: wirelen solved = 57436, spread = 145531, legal = 177553; time = 2.25s
Info:     at iteration #15, type ALL: wirelen solved = 57821, spread = 146067, legal = 176421; time = 2.23s
Info:     at iteration #16, type ALL: wirelen solved = 58822, spread = 146066, legal = 177604; time = 2.31s
Info:     at iteration #17, type ALL: wirelen solved = 60693, spread = 147820, legal = 179401; time = 2.18s
Info:     at iteration #18, type ALL: wirelen solved = 61819, spread = 148287, legal = 175978; time = 2.10s
Info:     at iteration #19, type ALL: wirelen solved = 62712, spread = 148117, legal = 176623; time = 2.16s
Info:     at iteration #20, type ALL: wirelen solved = 63631, spread = 148203, legal = 172184; time = 2.15s
Info:     at iteration #21, type ALL: wirelen solved = 64183, spread = 149058, legal = 175676; time = 2.08s
Info:     at iteration #22, type ALL: wirelen solved = 65631, spread = 150560, legal = 175951; time = 2.05s
Info:     at iteration #23, type ALL: wirelen solved = 66491, spread = 149914, legal = 171269; time = 2.24s
Info:     at iteration #24, type ALL: wirelen solved = 66710, spread = 150201, legal = 173979; time = 2.09s
Info:     at iteration #25, type ALL: wirelen solved = 67469, spread = 150162, legal = 174993; time = 2.08s
Info:     at iteration #26, type ALL: wirelen solved = 67975, spread = 150296, legal = 173422; time = 2.08s
Info:     at iteration #27, type ALL: wirelen solved = 68743, spread = 150765, legal = 172720; time = 2.16s
Info:     at iteration #28, type ALL: wirelen solved = 69310, spread = 150122, legal = 174281; time = 2.16s
Info: HeAP Placer Time: 69.26s
Info:   of which solving equations: 13.24s
Info:   of which spreading cells: 2.44s
Info:   of which strict legalisation: 47.56s

Info: Running simulated annealing placer for refinement.
Info:   at iteration #1: temp = 0.000000, timing cost = 1981, wirelen = 171269
Info:   at iteration #5: temp = 0.000000, timing cost = 1599, wirelen = 160355
Info:   at iteration #10: temp = 0.000000, timing cost = 1479, wirelen = 158215
Info:   at iteration #15: temp = 0.000000, timing cost = 1421, wirelen = 157360
Info:   at iteration #20: temp = 0.000000, timing cost = 1386, wirelen = 156954
Info:   at iteration #25: temp = 0.000000, timing cost = 1371, wirelen = 156818
Info:   at iteration #30: temp = 0.000000, timing cost = 1366, wirelen = 156758
Info:   at iteration #35: temp = 0.000000, timing cost = 1357, wirelen = 156718
Info:   at iteration #38: temp = 0.000000, timing cost = 1355, wirelen = 156699 
Info: SA placement time 66.11s

Info: Max frequency for clock '$glbnet$sdram_clk$TRELLIS_IO_OUT': 59.12 MHz (FAIL at 64.00 MHz)

Info: Max delay <async>                                  -> posedge $glbnet$sdram_clk$TRELLIS_IO_OUT: 7.22 ns
Info: Max delay posedge $glbnet$sdram_clk$TRELLIS_IO_OUT -> <async>                                 : 8.93 ns

Info: Slack histogram:
Info:  legend: * represents 63 endpoint(s)
Info:          + represents [1,63) endpoint(s)
Info: [ -1290,   -472) |+
Info: [  -472,    346) |+
Info: [   346,   1164) |+
Info: [  1164,   1982) |+
Info: [  1982,   2800) |*+
Info: [  2800,   3618) |***+
Info: [  3618,   4436) |*****+
Info: [  4436,   5254) |*****+
Info: [  5254,   6072) |********+
Info: [  6072,   6890) |*********+
Info: [  6890,   7708) |*********************+
Info: [  7708,   8526) |***************************************+
Info: [  8526,   9344) |******************************************************+
Info: [  9344,  10162) |***********************************************+
Info: [ 10162,  10980) |********************************************+
Info: [ 10980,  11798) |*******************************************+
Info: [ 11798,  12616) |*********************************************************+
Info: [ 12616,  13434) |************************************************************ 
Info: [ 13434,  14252) |***************************************************+
Info: [ 14252,  15070) |****************************************************+
Info: Checksum: 0x61c1e2c9
Info: Routing globals...
Info:     routing clock net $glbnet$sdram_clk$TRELLIS_IO_OUT using global 0

Info: Routing..
Info: Setting up routing queue.
Info: Routing 60944 arcs.
Info:            |   (re-)routed arcs  |   delta    | remaining|       time spent     |
Info:    IterCnt |  w/ripup   wo/ripup |  w/r  wo/r |      arcs| batch(sec) total(sec)|
Info:       1000 |      650        349 |  650   349 |     60768|       2.24       2.24|
Info:       2000 |     1259        740 |  609   391 |     60638|       1.06       3.30|
Info:       3000 |     1804       1195 |  545   455 |     60490|       1.29       4.59|
Info:       4000 |     2308       1691 |  504   496 |     60399|       1.47       6.06|
Info:       5000 |     2834       2165 |  526   474 |     60323|       1.86       7.92|
Info:       6000 |     3309       2690 |  475   525 |     60266|       2.82      10.74|
Info:       7000 |     3765       3234 |  456   544 |     60113|       4.91      15.65|
Info:       8000 |     4271       3728 |  506   494 |     60021|       6.33      21.98|
Info:       9000 |     4821       4178 |  550   450 |     59915|       8.72      30.69|
Info:      10000 |     5302       4697 |  481   519 |     59711|      10.59      41.28|
Info:      11000 |     5637       5362 |  335   665 |     59382|       8.35      49.63|
Info:      12000 |     5949       6050 |  312   688 |     58864|       2.13      51.75|
Info:      13000 |     6172       6827 |  223   777 |     58344|       2.04      53.79|
Info:      14000 |     6333       7666 |  161   839 |     57631|       1.10      54.89|
Info:      15000 |     6540       8459 |  207   793 |     57104|       2.90      57.78|
Info:      16000 |     6711       9288 |  171   829 |     56392|       3.57      61.35|
Info:      17000 |     6856      10143 |  145   855 |     55619|       2.53      63.88|
Info:      18000 |     6962      11037 |  106   894 |     54848|       2.69      66.58|
Info:      19000 |     7032      11967 |   70   930 |     54043|       1.46      68.04|
Info:      20000 |     7101      12898 |   69   931 |     53161|       0.81      68.85|
Info:      21000 |     7197      13802 |   96   904 |     52358|       0.87      69.72|
Info:      22000 |     7276      14723 |   79   921 |     51586|       0.47      70.18|
Info:      23000 |     7369      15630 |   93   907 |     50819|       0.52      70.70|
Info:      24000 |     7425      16574 |   56   944 |     50007|       0.43      71.13|
Info:      25000 |     7480      17519 |   55   945 |     49119|       0.51      71.63|
Info:      26000 |     7538      18461 |   58   942 |     48229|       0.49      72.12|
Info:      27000 |     7631      19368 |   93   907 |     47432|       0.73      72.85|
Info:      28000 |     7715      20284 |   84   916 |     46724|       0.67      73.53|
Info:      29000 |     7788      21211 |   73   927 |     45915|       0.58      74.11|
Info:      30000 |     7878      22121 |   90   910 |     45205|       1.87      75.98|
Info:      31000 |     7979      23020 |  101   899 |     44374|       0.66      76.64|
Info:      32000 |     8052      23947 |   73   927 |     43508|       0.64      77.28|
Info:      33000 |     8177      24822 |  125   875 |     42778|       1.08      78.36|
Info:      34000 |     8319      25680 |  142   858 |     42166|       0.95      79.31|
Info:      35000 |     8550      26449 |  231   769 |     41753|       2.80      82.11|
Info:      36000 |     8657      27342 |  107   893 |     40984|       1.03      83.14|
Info:      37000 |     8774      28225 |  117   883 |     40215|       0.88      84.01|
Info:      38000 |     8872      29127 |   98   902 |     39544|       0.68      84.69|
Info:      39000 |     9015      29984 |  143   857 |     39048|       0.69      85.38|
Info:      40000 |     9164      30835 |  149   851 |     38401|       0.77      86.15|
Info:      41000 |     9325      31674 |  161   839 |     37896|       0.90      87.05|
Info:      42000 |     9498      32501 |  173   827 |     37272|       0.62      87.68|
Info:      43000 |     9675      33324 |  177   823 |     36764|       1.26      88.93|
Info:      44000 |     9828      34171 |  153   847 |     36203|       1.43      90.36|
Info:      45000 |    10027      34972 |  199   801 |     36816|       1.37      91.73|
Info:      46000 |    10241      35758 |  214   786 |     36279|       1.03      92.77|
Info:      47000 |    10422      36577 |  181   819 |     35595|       1.21      93.97|
Info:      48000 |    10604      37395 |  182   818 |     34893|       0.81      94.78|
Info:      49000 |    10814      38185 |  210   790 |     34562|       0.73      95.51|
Info:      50000 |    11011      38986 |  197   801 |     33947|       1.05      96.56|
Info:      51000 |    11209      39787 |  198   801 |     33343|       0.74      97.30|
Info:      52000 |    11458      40538 |  249   751 |     32852|       0.99      98.29|
Info:      53000 |    11659      41328 |  201   790 |     32207|       0.77      99.06|
Info:      54000 |    11862      42118 |  203   790 |     31756|       0.86      99.92|
Info:      55000 |    12137      42831 |  275   713 |     31227|       0.91     100.83|
Info:      56000 |    12357      43587 |  220   756 |     30748|       1.84     102.67|
Info:      57000 |    12581      44342 |  224   755 |     30147|       0.84     103.52|
Info:      58000 |    12801      45075 |  220   733 |     29589|       0.78     104.29|
Info:      59000 |    13038      45821 |  237   746 |     29275|       0.84     105.13|
Info:      60000 |    13274      46566 |  236   745 |     28936|       1.71     106.84|
Info:      61000 |    13488      47331 |  214   765 |     28355|       0.79     107.63|
Info:      62000 |    13702      48100 |  214   769 |     28125|       0.78     108.41|
Info:      63000 |    13934      48847 |  232   747 |     27600|       0.92     109.33|
Info:      64000 |    14187      49567 |  253   720 |     27081|       0.91     110.24|
Info:      65000 |    14466      50288 |  279   721 |     26946|       2.26     112.50|
Info:      66000 |    14711      50984 |  245   696 |     26424|       0.83     113.33|
Info:      67000 |    14933      51739 |  222   755 |     26073|       1.05     114.38|
Info:      68000 |    15108      52536 |  175   797 |     25680|       0.90     115.28|
Info:      69000 |    15298      53280 |  190   744 |     25099|       0.74     116.02|
Info:      70000 |    15486      54050 |  188   770 |     24808|       0.89     116.91|
Info:      71000 |    15678      54839 |  192   789 |     24151|       1.19     118.11|
Info:      72000 |    15812      55670 |  134   831 |     23410|       0.58     118.68|
Info:      73000 |    15993      56437 |  181   767 |     22865|       1.06     119.74|
Info:      74000 |    16175      57186 |  182   749 |     22333|       0.91     120.66|
Info:      75000 |    16379      57955 |  204   769 |     21948|       1.52     122.18|
Info:      76000 |    16684      58643 |  305   688 |     21774|       2.08     124.26|
Info:      77000 |    16823      59433 |  139   790 |     21013|       0.84     125.10|
Info:      78000 |    17088      60149 |  265   716 |     20518|       2.63     127.73|
Info:      79000 |    17380      60836 |  292   687 |     20140|       1.52     129.25|
Info:      80000 |    17623      61561 |  243   725 |     19651|       1.41     130.66|
Info:      81000 |    17888      62293 |  265   732 |     19341|       2.21     132.87|
Info:      82000 |    18132      63010 |  244   717 |     19119|       1.17     134.04|
Info:      83000 |    18343      63782 |  211   772 |     18559|       0.97     135.01|
Info:      84000 |    18575      64537 |  232   755 |     18273|       1.75     136.77|
Info:      85000 |    18826      65266 |  251   729 |     17830|       1.69     138.46|
Info:      86000 |    19006      66020 |  180   754 |     17186|       0.98     139.44|
Info:      87000 |    19267      66740 |  261   720 |     16802|       1.26     140.70|
Info:      88000 |    19417      67559 |  150   819 |     16125|       0.92     141.62|
Info:      89000 |    19601      68367 |  184   808 |     15838|       1.25     142.87|
Info:      90000 |    19821      69146 |  220   779 |     15827|       1.64     144.51|
Info:      91000 |    20123      69843 |  302   697 |     15657|       1.49     146.00|
Info:      92000 |    20386      70580 |  263   737 |     15624|       1.40     147.40|
Info:      93000 |    20670      71296 |  284   716 |     15561|       6.25     153.65|
Info:      94000 |    20922      72032 |  252   736 |     15253|       1.17     154.82|
Info:      95000 |    21030      72830 |  108   798 |     14473|       0.60     155.42|
Info:      96000 |    21231      73601 |  201   771 |     13864|       0.93     156.35|
Info:      97000 |    21431      74339 |  200   738 |     13369|       1.18     157.53|
Info:      98000 |    21657      75096 |  226   757 |     12833|       0.85     158.38|
Info:      99000 |    22027      75712 |  370   616 |     12574|       1.62     160.00|
Info:     100000 |    22280      76441 |  253   729 |     12232|       1.34     161.34|
Info:     101000 |    22536      77162 |  256   721 |     11979|       1.08     162.43|
Info:     102000 |    22715      77919 |  179   757 |     11277|       2.77     165.19|
Info:     103000 |    22857      78704 |  142   785 |     10582|       0.70     165.89|
Info:     104000 |    23080      79386 |  223   682 |      9947|       1.12     167.01|
Info:     105000 |    23370      80087 |  290   701 |      9457|       1.28     168.29|
Info:     106000 |    23770      80687 |  400   600 |      9378|       2.98     171.27|
Info:     107000 |    24019      81438 |  249   751 |      9285|       1.36     172.63|
Info:     108000 |    24364      82093 |  345   655 |      9047|       2.38     175.02|
Info:     109000 |    24569      82836 |  205   743 |      8688|       1.48     176.50|
Info:     110000 |    24712      83665 |  143   829 |      7878|       0.57     177.07|
Info:     111000 |    24894      84475 |  182   810 |      7363|       0.97     178.04|
Info:     112000 |    25214      85155 |  320   680 |      6990|       1.62     179.66|
Info:     113000 |    25556      85813 |  342   658 |      6932|       1.67     181.33|
Info:     114000 |    25871      86498 |  315   685 |      7119|       6.18     187.51|
Info:     115000 |    26177      87192 |  306   694 |      7237|       4.49     192.00|
Info:     116000 |    26465      87904 |  288   712 |      7189|       2.42     194.42|
Info:     117000 |    26840      88529 |  375   625 |      6870|       2.84     197.27|
Info:     118000 |    27210      89159 |  370   630 |      6669|       1.69     198.95|
Info:     119000 |    27545      89824 |  335   665 |      6617|       2.21     201.16|
Info:     120000 |    27788      90577 |  243   753 |      6075|       1.26     202.43|
Info:     121000 |    28019      91346 |  231   769 |      5879|       1.90     204.33|
Info:     122000 |    28278      92087 |  259   741 |      5395|       1.17     205.50|
Info:     123000 |    28588      92777 |  310   690 |      5021|       1.44     206.94|
Info:     124000 |    28983      93382 |  395   605 |      4898|       2.46     209.40|
Info:     125000 |    29348      94017 |  365   635 |      5003|       1.82     211.22|
Info:     126000 |    29699      94666 |  351   649 |      4842|       2.29     213.51|
Info:     127000 |    30113      95252 |  414   586 |      4693|       1.93     215.43|
Info:     128000 |    30342      96023 |  229   771 |      4799|       1.26     216.69|
Info:     129000 |    30704      96661 |  362   638 |      4513|       1.85     218.53|
Info:     130000 |    31135      97230 |  431   569 |      4491|       1.88     220.41|
Info:     131000 |    31463      97902 |  328   672 |      4389|       1.81     222.23|
Info:     132000 |    31809      98556 |  346   654 |      4409|       3.00     225.23|
Info:     133000 |    32261      99104 |  452   548 |      4249|       2.00     227.23|
Info:     134000 |    32699      99666 |  438   562 |      4192|       2.06     229.29|
Info:     135000 |    33112     100253 |  413   587 |      4279|       2.72     232.01|
Info:     136000 |    33489     100876 |  377   623 |      4152|       2.14     234.15|
Info:     137000 |    33731     101634 |  242   758 |      3652|       0.91     235.06|
Info:     138000 |    34065     102300 |  334   666 |      3402|       1.72     236.78|
Info:     139000 |    34275     103061 |  210   761 |      2763|       1.78     238.56|
Info:     140000 |    34440     103786 |  165   725 |      2076|       1.38     239.93|
Info:     141000 |    34670     104461 |  230   675 |      1561|       1.37     241.30|
Info:     142000 |    34838     105167 |  168   706 |       860|       1.28     242.58|
Info:     143000 |    35038     105900 |  200   733 |       563|       1.54     244.12|
Info:     144000 |    35263     106652 |  225   752 |       448|       1.81     245.93|
Info:     145000 |    35528     107327 |  265   675 |        17|       2.00     247.93|
Info:     145036 |    35541     107349 |   13    22 |         0|       0.24     248.17|
Info: Routing complete.
Info: Router1 time 248.17s
Info: Checksum: 0x7c6ee197

Info: Critical path report for clock '$glbnet$sdram_clk$TRELLIS_IO_OUT' (posedge -> posedge):
Info:       type curr  total name
Info:   clk-to-q  0.40  0.40 Source u_dataflow_core.GEN_SLOT[0].u_np.w0[5]_TRELLIS_FF_Q.Q
Info:    routing  4.60  5.00 Net u_dataflow_core.GEN_SLOT[0].u_np.w0[5][1] (18,4) -> (69,46)
Info:                          Sink u_dataflow_core.GEN_SLOT[0].u_np.product_comb[5]_MULT18X18D_P9.B1
Info:                          Defined in:
Info:                               hardware/v2/rtl/neural_processor.v:100.44-100.46
Info:      logic  3.07  8.06 Source u_dataflow_core.GEN_SLOT[0].u_np.product_comb[5]_MULT18X18D_P9.P0
Info:    routing  4.23  12.29 Net u_dataflow_core.GEN_SLOT[0].u_np.product_comb[5][0] (69,46) -> (25,8)
Info:                          Sink u_dataflow_core.GEN_SLOT[0].u_np.prod1[5]_TRELLIS_FF_Q_15.M
Info:                          Defined in:
Info:                               hardware/v2/rtl/neural_processor.v:135.34-135.46
Info:      setup  0.00  12.29 Source u_dataflow_core.GEN_SLOT[0].u_np.prod1[5]_TRELLIS_FF_Q_15.M
Info: 3.46 ns logic, 8.83 ns routing

Info: Critical path report for cross-domain path '<async>' -> 'posedge $glbnet$sdram_clk$TRELLIS_IO_OUT':
Info:       type curr  total name
Info:     source  0.00  0.00 Source ext_rst_n$tr_io.O
Info:    routing  1.21  1.21 Net ext_rst_n$TRELLIS_IO_IN (0,14) -> (2,19)
Info:                          Sink ext_rst_n_LUT4_D.D
Info:                          Defined in:
Info:                               hardware/v2/rtl/reset_sync.v:18.17-18.26
Info:      logic  0.18  1.39 Source ext_rst_n_LUT4_D.F
Info:    routing  3.32  4.71 Net ext_rst_n_LUT4_D_Z (2,19) -> (35,59)
Info:                          Sink ext_rst_n_LUT4_D_Z_TRELLIS_FF_LSR_DI_TRELLIS_FF_Q.LSR
Info:      setup  0.29  5.00 Source ext_rst_n_LUT4_D_Z_TRELLIS_FF_LSR_DI_TRELLIS_FF_Q.LSR
Info: 0.47 ns logic, 4.53 ns routing

Info: Critical path report for cross-domain path 'posedge $glbnet$sdram_clk$TRELLIS_IO_OUT' -> '<async>':
Info:       type curr  total name
Info:   clk-to-q  0.40  0.40 Source u_spi_bridge.byte_idx_TRELLIS_FF_Q_2.Q
Info:    routing  1.25  1.65 Net u_spi_bridge.byte_idx[2] (33,52) -> (36,43)
Info:                          Sink u_spi_bridge.rx_valid_LUT4_D_Z_LUT4_Z_1_D_LUT4_Z.D
Info:                          Defined in:
Info:                               /root/tools_cache/oss-cad-suite/lib/../share/yosys/lattice/cells_map_trellis.v:108.23-108.24
Info:      logic  0.18  1.83 Source u_spi_bridge.rx_valid_LUT4_D_Z_LUT4_Z_1_D_LUT4_Z.F
Info:    routing  0.35  2.18 Net u_dataflow_core.reg_required_TRELLIS_FF_Q_CE_LUT4_Z_C[0] (36,43) -> (36,43)
Info:                          Sink u_spi_bridge.rx_valid_LUT4_D_Z_LUT4_Z_1.D
Info:                          Defined in:
Info:                               /root/tools_cache/oss-cad-suite/lib/../share/yosys/lattice/cells_map_trellis.v:108.23-108.24
Info:      logic  0.18  2.36 Source u_spi_bridge.rx_valid_LUT4_D_Z_LUT4_Z_1.F
Info:    routing  1.75  4.11 Net spi_miso_LUT4_Z_D_LUT4_D_Z_LUT4_Z_C[3] (36,43) -> (26,52)
Info:                          Sink spi_miso_LUT4_Z_D_LUT4_Z.D
Info:                          Defined in:
Info:                               /root/tools_cache/oss-cad-suite/lib/../share/yosys/lattice/cells_map_trellis.v:108.23-108.24
Info:      logic  0.18  4.29 Source spi_miso_LUT4_Z_D_LUT4_Z.F
Info:    routing  0.55  4.84 Net spi_miso_LUT4_Z_B[3] (26,52) -> (27,53)
Info:                          Sink spi_miso_LUT4_Z.D
Info:                          Defined in:
Info:                               /root/tools_cache/oss-cad-suite/lib/../share/yosys/lattice/cells_map_trellis.v:108.23-108.24
Info:      logic  0.18  5.01 Source spi_miso_LUT4_Z.F
Info:    routing  2.17  7.19 Net spi_miso$TRELLIS_IO_OUT (27,53) -> (0,62)
Info:                          Sink spi_miso$tr_io.I
Info:                          Defined in:
Info:                               hardware/v2/nms/rtl/fpga_neural_v2_top.v:55.17-55.25
Info: 1.12 ns logic, 6.07 ns routing

Info: Max frequency for clock '$glbnet$sdram_clk$TRELLIS_IO_OUT': 81.34 MHz (PASS at 64.00 MHz)

Info: Max delay <async>                                  -> posedge $glbnet$sdram_clk$TRELLIS_IO_OUT: 5.00 ns
Info: Max delay posedge $glbnet$sdram_clk$TRELLIS_IO_OUT -> <async>                                 : 7.19 ns

Info: Slack histogram:
Info:  legend: * represents 57 endpoint(s)
Info:          + represents [1,57) endpoint(s)
Info: [  3331,   3911) |+
Info: [  3911,   4491) |+
Info: [  4491,   5071) |**+
Info: [  5071,   5651) |*****+
Info: [  5651,   6231) |*****+
Info: [  6231,   6811) |****+
Info: [  6811,   7391) |******+
Info: [  7391,   7971) |*********+
Info: [  7971,   8551) |************+
Info: [  8551,   9131) |*******************+
Info: [  9131,   9711) |**********************************+
Info: [  9711,  10291) |**********************************************+
Info: [ 10291,  10871) |*************************************************+
Info: [ 10871,  11451) |****************************************+
Info: [ 11451,  12031) |*******************************************+
Info: [ 12031,  12611) |*************************************************+
Info: [ 12611,  13191) |************************************************************ 
Info: [ 13191,  13771) |********************************************************+
Info: [ 13771,  14351) |********************************************************+
Info: [ 14351,  14931) |****************************************************+

Info: Program finished normally.
