

Info: Logic utilisation before packing:
Info:     Total LUT4s:      1052/43848     2%
Info:         logic LUTs:   1052/43848     2%
Info:         carry LUTs:      0/43848     0%
Info:           RAM LUTs:      0/ 5481     0%
Info:          RAMW LUTs:      0/10962     0%

Info:      Total DFFs:        54/43848     0%

Info: Packing IOs..
Info: Packing constants..
Info: Packing carries...
Info: Packing LUTs...
Info: Packing LUT5-7s...
Info: Packing FFs...
Info:     18 FFs paired with LUTs.
Info: Generating derived timing constraints...
Info: Promoting globals...
Info:     promoting clock net clk$TRELLIS_IO_IN to global network
Info: Checksum: 0x0daa9abb

Info: Device utilisation:
Info: 	          TRELLIS_IO:      18/    245     7%
Info: 	                DCCA:       1/     56     1%
Info: 	              DP16KD:       0/    108     0%
Info: 	          MULT18X18D:       0/     72     0%
Info: 	              ALU54B:       0/     36     0%
Info: 	             EHXPLLL:       0/      4     0%
Info: 	             EXTREFB:       0/      2     0%
Info: 	                DCUA:       0/      2     0%
Info: 	           PCSCLKDIV:       0/      2     0%
Info: 	             IOLOGIC:       0/    160     0%
Info: 	            SIOLOGIC:       0/     85     0%
Info: 	                 GSR:       0/      1     0%
Info: 	               JTAGG:       0/      1     0%
Info: 	                OSCG:       0/      1     0%
Info: 	               SEDGA:       0/      1     0%
Info: 	                 DTR:       0/      1     0%
Info: 	             USRMCLK:       0/      1     0%
Info: 	             CLKDIVF:       0/      4     0%
Info: 	           ECLKSYNCB:       0/     10     0%
Info: 	             DLLDELD:       0/      8     0%
Info: 	              DDRDLL:       0/      4     0%
Info: 	             DQSBUFM:       0/     10     0%
Info: 	     TRELLIS_ECLKBUF:       0/      8     0%
Info: 	        ECLKBRIDGECS:       0/      2     0%
Info: 	                DCSC:       0/      2     0%
Info: 	          TRELLIS_FF:      54/  43848     0%
Info: 	        TRELLIS_COMB:    1053/  43848     2%
Info: 	        TRELLIS_RAMW:       0/   5481     0%

Info: Placed 0 cells based on constraints.
Info: Creating initial analytic placement for 641 cells, random placement wirelen = 49069.
Info:     at initial placer iter 0, wirelen = 965
Info:     at initial placer iter 1, wirelen = 631
Info:     at initial placer iter 2, wirelen = 595
Info:     at initial placer iter 3, wirelen = 592
Info: Running main analytical placer, max placement attempts per cell = 158484.
Info:     at iteration #1, type ALL: wirelen solved = 591, spread = 5395, legal = 5487; time = 0.01s
Info:     at iteration #2, type ALL: wirelen solved = 740, spread = 3599, legal = 3675; time = 0.01s
Info:     at iteration #3, type ALL: wirelen solved = 896, spread = 3294, legal = 3391; time = 0.01s
Info:     at iteration #4, type ALL: wirelen solved = 1095, spread = 3237, legal = 3345; time = 0.01s
Info:     at iteration #5, type ALL: wirelen solved = 1261, spread = 3201, legal = 3309; time = 0.01s
Info:     at iteration #6, type ALL: wirelen solved = 1306, spread = 3200, legal = 3261; time = 0.01s
Info:     at iteration #7, type ALL: wirelen solved = 1347, spread = 3058, legal = 3136; time = 0.01s
Info:     at iteration #8, type ALL: wirelen solved = 1392, spread = 2954, legal = 3052; time = 0.01s
Info:     at iteration #9, type ALL: wirelen solved = 1471, spread = 3069, legal = 3185; time = 0.01s
Info:     at iteration #10, type ALL: wirelen solved = 1582, spread = 2977, legal = 3087; time = 0.01s
Info:     at iteration #11, type ALL: wirelen solved = 1666, spread = 2861, legal = 2996; time = 0.01s
Info:     at iteration #12, type ALL: wirelen solved = 1620, spread = 3062, legal = 3153; time = 0.01s
Info:     at iteration #13, type ALL: wirelen solved = 1734, spread = 3087, legal = 3136; time = 0.01s
Info:     at iteration #14, type ALL: wirelen solved = 1828, spread = 2951, legal = 3009; time = 0.01s
Info:     at iteration #15, type ALL: wirelen solved = 1832, spread = 3389, legal = 3471; time = 0.01s
Info:     at iteration #16, type ALL: wirelen solved = 2061, spread = 3114, legal = 3179; time = 0.01s
Info: HeAP Placer Time: 0.15s
Info:   of which solving equations: 0.09s
Info:   of which spreading cells: 0.02s
Info:   of which strict legalisation: 0.00s

Info: Running simulated annealing placer for refinement.
Info:   at iteration #1: temp = 0.000000, timing cost = 528, wirelen = 2996
Info:   at iteration #5: temp = 0.000000, timing cost = 436, wirelen = 2473
Info:   at iteration #10: temp = 0.000000, timing cost = 417, wirelen = 2399
Info:   at iteration #15: temp = 0.000000, timing cost = 435, wirelen = 2333
Info:   at iteration #20: temp = 0.000000, timing cost = 347, wirelen = 2265
Info:   at iteration #22: temp = 0.000000, timing cost = 344, wirelen = 2259 
Info: SA placement time 0.30s

Info: Max frequency for clock '$glbnet$clk$TRELLIS_IO_IN': 86.37 MHz (PASS at 80.00 MHz)

Info: Max delay <async>                           -> posedge $glbnet$clk$TRELLIS_IO_IN: 8.28 ns
Info: Max delay posedge $glbnet$clk$TRELLIS_IO_IN -> <async>                          : 2.13 ns

Info: Slack histogram:
Info:  legend: * represents 1 endpoint(s)
Info:          + represents [1,1) endpoint(s)
Info: [   922,   1463) |* 
Info: [  1463,   2004) | 
Info: [  2004,   2545) | 
Info: [  2545,   3086) |*** 
Info: [  3086,   3627) |****** 
Info: [  3627,   4168) |** 
Info: [  4168,   4709) |*** 
Info: [  4709,   5250) |****** 
Info: [  5250,   5791) |* 
Info: [  5791,   6332) | 
Info: [  6332,   6873) |** 
Info: [  6873,   7414) |* 
Info: [  7414,   7955) | 
Info: [  7955,   8496) | 
Info: [  8496,   9037) | 
Info: [  9037,   9578) | 
Info: [  9578,  10119) | 
Info: [ 10119,  10660) |**** 
Info: [ 10660,  11201) |************* 
Info: [ 11201,  11742) |************************ 
Info: Checksum: 0x6d11e7b4
Info: Routing globals...
Info:     routing clock net $glbnet$clk$TRELLIS_IO_IN using global 0

Info: Routing..
Info: Setting up routing queue.
Info: Routing 3620 arcs.
Info:            |   (re-)routed arcs  |   delta    | remaining|       time spent     |
Info:    IterCnt |  w/ripup   wo/ripup |  w/r  wo/r |      arcs| batch(sec) total(sec)|
Info:       1000 |      283        716 |  283   716 |      2927|       0.07       0.07|
Info:       2000 |      630       1369 |  347   653 |      2306|       0.07       0.14|
Info:       3000 |     1001       1998 |  371   629 |      1749|       0.07       0.21|
Info:       4000 |     1367       2597 |  366   599 |      1191|       0.06       0.26|
Info:       5000 |     1715       3152 |  348   555 |       566|       0.05       0.31|
Info:       5742 |     1888       3547 |  173   395 |         0|       0.07       0.39|
Info: Routing complete.
Info: Router1 time 0.39s
Info: Checksum: 0xbef4cf31

Info: Critical path report for clock '$glbnet$clk$TRELLIS_IO_IN' (posedge -> posedge):
Info:       type curr  total name
Info:   clk-to-q  0.40  0.40 Source dut.rr_ptr[1]_TRELLIS_FF_Q.Q
Info:    routing  1.10  1.50 Net dut.fill_we_LUT4_C_Z_PFUMX_ALUT_C0[1] (26,4) -> (30,3)
Info:                          Sink dut.rr_ptr[1]_TRELLIS_FF_Q_DI_LUT4_Z_1_D_LUT4_Z_D_LUT4_Z_1_B_LUT4_C_Z_LUT4_Z_1_B_LUT4_Z_D_LUT4_D_Z_PFUMX_BLUT_Z_PFUMX_Z_C0_LUT4_D_Z_PFUMX_Z_1_C0_LUT4_Z.C
Info:                          Defined in:
Info:                               /opt/homebrew/bin/../share/yosys/lattice/cells_map_trellis.v:108.23-108.24
Info:      logic  0.18  1.68 Source dut.rr_ptr[1]_TRELLIS_FF_Q_DI_LUT4_Z_1_D_LUT4_Z_D_LUT4_Z_1_B_LUT4_C_Z_LUT4_Z_1_B_LUT4_Z_D_LUT4_D_Z_PFUMX_BLUT_Z_PFUMX_Z_C0_LUT4_D_Z_PFUMX_Z_1_C0_LUT4_Z.F
Info:    routing  0.31  1.98 Net dut.rr_ptr[1]_TRELLIS_FF_Q_DI_LUT4_Z_1_D_LUT4_Z_D_LUT4_Z_1_B_LUT4_C_Z_LUT4_Z_1_B_LUT4_Z_D_LUT4_D_Z_PFUMX_BLUT_Z_PFUMX_Z_C0_LUT4_D_Z_PFUMX_Z_1_C0[4] (30,3) -> (30,3)
Info:                          Sink dut.rr_ptr[1]_TRELLIS_FF_Q_DI_LUT4_Z_1_D_LUT4_Z_D_LUT4_Z_1_B_LUT4_C_Z_LUT4_Z_1_B_LUT4_Z_D_LUT4_D_Z_PFUMX_BLUT_Z_PFUMX_Z_C0_LUT4_D_Z_PFUMX_Z_1_BLUT_LUT4_Z.M
Info:                          Defined in:
Info:                               /opt/homebrew/bin/../share/yosys/lattice/cells_map_trellis.v:108.23-108.24
Info:      logic  0.19  2.17 Source dut.rr_ptr[1]_TRELLIS_FF_Q_DI_LUT4_Z_1_D_LUT4_Z_D_LUT4_Z_1_B_LUT4_C_Z_LUT4_Z_1_B_LUT4_Z_D_LUT4_D_Z_PFUMX_BLUT_Z_PFUMX_Z_C0_LUT4_D_Z_PFUMX_Z_1_BLUT_LUT4_Z.OFX
Info:    routing  0.51  2.69 Net dut.rr_ptr[1]_TRELLIS_FF_Q_DI_LUT4_Z_1_D_LUT4_Z_D_LUT4_Z_1_B_LUT4_C_Z_LUT4_Z_1_B_LUT4_Z_D_LUT4_D_Z_PFUMX_BLUT_Z_PFUMX_Z_C0_LUT4_D_Z[3] (30,3) -> (27,3)
Info:                          Sink dut.rr_ptr[1]_TRELLIS_FF_Q_DI_LUT4_Z_1_D_LUT4_Z_D_LUT4_Z_B_LUT4_D_C_LUT4_D_Z_L6MUX21_Z_1_D1_PFUMX_Z_BLUT_LUT4_Z.D
Info:                          Defined in:
Info:                               /opt/homebrew/bin/../share/yosys/lattice/cells_map_trellis.v:108.23-108.24
Info:      logic  0.31  2.99 Source dut.rr_ptr[1]_TRELLIS_FF_Q_DI_LUT4_Z_1_D_LUT4_Z_D_LUT4_Z_B_LUT4_D_C_LUT4_D_Z_L6MUX21_Z_1_D1_PFUMX_Z_BLUT_LUT4_Z.OFX
Info:    routing  0.00  2.99 Net dut.rr_ptr[1]_TRELLIS_FF_Q_DI_LUT4_Z_1_D_LUT4_Z_D_LUT4_Z_B_LUT4_D_C_LUT4_D_Z_L6MUX21_Z_1_D1 (27,3) -> (27,3)
Info:                          Sink dut.rr_ptr[1]_TRELLIS_FF_Q_DI_LUT4_Z_1_D_LUT4_Z_D_LUT4_Z_B_LUT4_D_C_LUT4_D_Z_L6MUX21_Z_1_D1_PFUMX_Z_ALUT_LUT4_Z.FXB
Info:                          Defined in:
Info:                               /opt/homebrew/bin/../share/yosys/lattice/cells_map_trellis.v:141.38-141.40
Info:      logic  0.18  3.17 Source dut.rr_ptr[1]_TRELLIS_FF_Q_DI_LUT4_Z_1_D_LUT4_Z_D_LUT4_Z_B_LUT4_D_C_LUT4_D_Z_L6MUX21_Z_1_D1_PFUMX_Z_ALUT_LUT4_Z.OFX
Info:    routing  0.61  3.78 Net dut.rr_ptr[1]_TRELLIS_FF_Q_DI_LUT4_Z_1_D_LUT4_Z_D_LUT4_Z_B_LUT4_D_C_LUT4_D_Z[5] (27,3) -> (29,3)
Info:                          Sink dut.rr_ptr[1]_TRELLIS_FF_Q_DI_LUT4_Z_1_D_LUT4_Z_D_LUT4_Z_D_LUT4_Z_B_LUT4_B_Z_LUT4_Z_1_D_LUT4_Z_1.B
Info:                          Defined in:
Info:                               /opt/homebrew/bin/../share/yosys/lattice/cells_map_trellis.v:108.23-108.24
Info:      logic  0.18  3.96 Source dut.rr_ptr[1]_TRELLIS_FF_Q_DI_LUT4_Z_1_D_LUT4_Z_D_LUT4_Z_D_LUT4_Z_B_LUT4_B_Z_LUT4_Z_1_D_LUT4_Z_1.F
Info:    routing  0.50  4.46 Net dut.rr_ptr[1]_TRELLIS_FF_Q_DI_LUT4_Z_1_D_LUT4_Z_D_LUT4_Z_D_LUT4_Z_B_LUT4_B_Z_LUT4_Z_1_D[6] (29,3) -> (29,4)
Info:                          Sink dut.rr_ptr[1]_TRELLIS_FF_Q_DI_LUT4_Z_1_D_LUT4_Z_D_LUT4_Z_C_LUT4_D_C_L6MUX21_SD_Z_L6MUX21_D1_Z_L6MUX21_Z_D1_L6MUX21_Z_D0_PFUMX_Z_ALUT_LUT4_Z.M
Info:                          Defined in:
Info:                               /opt/homebrew/bin/../share/yosys/lattice/cells_map_trellis.v:108.23-108.24
Info:      logic  0.19  4.66 Source dut.rr_ptr[1]_TRELLIS_FF_Q_DI_LUT4_Z_1_D_LUT4_Z_D_LUT4_Z_C_LUT4_D_C_L6MUX21_SD_Z_L6MUX21_D1_Z_L6MUX21_Z_D1_L6MUX21_Z_D0_PFUMX_Z_ALUT_LUT4_Z.OFX
Info:    routing  0.82  5.47 Net dut.rr_ptr[1]_TRELLIS_FF_Q_DI_LUT4_Z_1_D_LUT4_Z_D_LUT4_Z_1_B_LUT4_C_1_Z_LUT4_Z_C[2] (29,4) -> (28,6)
Info:                          Sink dut.rr_ptr[1]_TRELLIS_FF_Q_DI_LUT4_Z_1_D_LUT4_Z_D_LUT4_Z_C_LUT4_D_Z_LUT4_Z.D
Info:                          Defined in:
Info:                               /opt/homebrew/bin/../share/yosys/lattice/cells_map_trellis.v:108.23-108.24
Info:      logic  0.18  5.66 Source dut.rr_ptr[1]_TRELLIS_FF_Q_DI_LUT4_Z_1_D_LUT4_Z_D_LUT4_Z_C_LUT4_D_Z_LUT4_Z.F
Info:    routing  0.45  6.11 Net dut.rr_ptr[1]_TRELLIS_FF_Q_DI_LUT4_Z_1_D_LUT4_Z_D_LUT4_Z_C_LUT4_D_Z[3] (28,6) -> (28,6)
Info:                          Sink dut.rr_ptr[1]_TRELLIS_FF_Q_DI_LUT4_Z_1_D_LUT4_Z_B_PFUMX_Z_BLUT_LUT4_Z.D
Info:                          Defined in:
Info:                               /opt/homebrew/bin/../share/yosys/lattice/cells_map_trellis.v:108.23-108.24
Info:      logic  0.31  6.41 Source dut.rr_ptr[1]_TRELLIS_FF_Q_DI_LUT4_Z_1_D_LUT4_Z_B_PFUMX_Z_BLUT_LUT4_Z.OFX
Info:    routing  0.55  6.97 Net dut.rr_ptr[1]_TRELLIS_FF_Q_DI_LUT4_Z_1_D_LUT4_Z_B[4] (28,6) -> (26,5)
Info:                          Sink dut.rr_ptr[1]_TRELLIS_FF_Q_DI_LUT4_Z_1_D_LUT4_Z_D_LUT4_Z_1_B_LUT4_D_C_LUT4_C_Z_PFUMX_Z_BLUT_LUT4_Z.M
Info:                          Defined in:
Info:                               /opt/homebrew/bin/../share/yosys/lattice/cells_map_trellis.v:108.23-108.24
Info:      logic  0.19  7.16 Source dut.rr_ptr[1]_TRELLIS_FF_Q_DI_LUT4_Z_1_D_LUT4_Z_D_LUT4_Z_1_B_LUT4_D_C_LUT4_C_Z_PFUMX_Z_BLUT_LUT4_Z.OFX
Info:    routing  0.68  7.83 Net dut.rr_ptr[1]_TRELLIS_FF_Q_DI_LUT4_Z_1_D_LUT4_Z_D_LUT4_Z_1_B_LUT4_D_C_LUT4_C_Z[6] (26,5) -> (25,7)
Info:                          Sink dut.win_tile_idx[3]_LUT4_C_Z_PFUMX_ALUT_Z_L6MUX21_D1_Z_L6MUX21_D1_Z_L6MUX21_Z_3_D1_L6MUX21_Z_D0_PFUMX_Z_ALUT_LUT4_Z.M
Info:                          Defined in:
Info:                               /opt/homebrew/bin/../share/yosys/lattice/cells_map_trellis.v:108.23-108.24
Info:      logic  0.19  8.03 Source dut.win_tile_idx[3]_LUT4_C_Z_PFUMX_ALUT_Z_L6MUX21_D1_Z_L6MUX21_D1_Z_L6MUX21_Z_3_D1_L6MUX21_Z_D0_PFUMX_Z_ALUT_LUT4_Z.OFX
Info:    routing  0.68  8.70 Net dut.win_tile_idx[3]_LUT4_C_Z_PFUMX_ALUT_Z_L6MUX21_D1_Z_L6MUX21_D1_Z[3] (25,7) -> (21,7)
Info:                          Sink dut.ack_comb_PFUMX_Z_BLUT_LUT4_Z.D
Info:                          Defined in:
Info:                               /opt/homebrew/bin/../share/yosys/lattice/cells_map_trellis.v:108.23-108.24
Info:      logic  0.31  9.01 Source dut.ack_comb_PFUMX_Z_BLUT_LUT4_Z.OFX
Info:    routing  0.35  9.36 Net dut.ack_comb[0] (21,7) -> (21,7)
Info:                          Sink dut.ack_stage1_TRELLIS_FF_Q.M
Info:                          Defined in:
Info:                               hardware/v2/nms/rtl/nms_activation_banked.v:87.23-87.31
Info:      setup  0.00  9.36 Source dut.ack_stage1_TRELLIS_FF_Q.M
Info: 2.81 ns logic, 6.55 ns routing

Info: Critical path report for cross-domain path '<async>' -> 'posedge $glbnet$clk$TRELLIS_IO_IN':
Info:       type curr  total name
Info:     source  0.00  0.00 Source rst$tr_io.O
Info:    routing  5.41  5.41 Net rst$TRELLIS_IO_IN (62,0) -> (2,53)
Info:                          Sink chk_TRELLIS_FF_Q_5.LSR
Info:                          Defined in:
Info:                               hardware/v2/nms/synthesis/harness_nms_activation_banked.v:18.17-18.20
Info:      setup  0.29  5.70 Source chk_TRELLIS_FF_Q_5.LSR
Info: 0.29 ns logic, 5.41 ns routing

Info: Critical path report for cross-domain path 'posedge $glbnet$clk$TRELLIS_IO_IN' -> '<async>':
Info:       type curr  total name
Info:   clk-to-q  0.40  0.40 Source chk_TRELLIS_FF_Q_1.Q
Info:    routing  1.37  1.77 Net ack_LUT4_D_Z[1] (73,32) -> (90,32)
Info:                          Sink checksum[1]$tr_io.I
Info:                          Defined in:
Info:                               hardware/v2/nms/synthesis/harness_nms_activation_banked.v:48.15-48.18
Info: 0.40 ns logic, 1.37 ns routing

Info: Max frequency for clock '$glbnet$clk$TRELLIS_IO_IN': 106.84 MHz (PASS at 80.00 MHz)

Info: Max delay <async>                           -> posedge $glbnet$clk$TRELLIS_IO_IN: 5.70 ns
Info: Max delay posedge $glbnet$clk$TRELLIS_IO_IN -> <async>                          : 1.77 ns

Info: Slack histogram:
Info:  legend: * represents 1 endpoint(s)
Info:          + represents [1,1) endpoint(s)
Info: [  3140,   3573) |* 
Info: [  3573,   4006) | 
Info: [  4006,   4439) |** 
Info: [  4439,   4872) |***** 
Info: [  4872,   5305) |* 
Info: [  5305,   5738) |****** 
Info: [  5738,   6171) |***** 
Info: [  6171,   6604) |** 
Info: [  6604,   7037) |*** 
Info: [  7037,   7470) | 
Info: [  7470,   7903) | 
Info: [  7903,   8336) | 
Info: [  8336,   8769) | 
Info: [  8769,   9202) | 
Info: [  9202,   9635) | 
Info: [  9635,  10068) | 
Info: [ 10068,  10501) | 
Info: [ 10501,  10934) |******** 
Info: [ 10934,  11367) |***************** 
Info: [ 11367,  11800) |**************** 

Info: Program finished normally.
